Archive member included because of file (symbol)

C:/SiliconLabs/SimplicityStudio/v4/developer/sdks/gecko_sdk_suite/v1.0//protocol/bluetooth_2.3/lib/EFR32BG1B/GCC/bgapi.a(gecko_bgapi_hardware.c.obj)
                              ./main.o (gecko_bgapi_class_hardware_init)
C:/SiliconLabs/SimplicityStudio/v4/developer/sdks/gecko_sdk_suite/v1.0//protocol/bluetooth_2.3/lib/EFR32BG1B/GCC/bgapi.a(gecko_bgapi_test.c.obj)
                              ./main.o (gecko_bgapi_class_test_init)
C:/SiliconLabs/SimplicityStudio/v4/developer/sdks/gecko_sdk_suite/v1.0//protocol/bluetooth_2.3/lib/EFR32BG1B/GCC/bgapi.a(gecko_bgapi_util.c.obj)
                              ./main.o (gecko_bgapi_class_util_init)
C:/SiliconLabs/SimplicityStudio/v4/developer/sdks/gecko_sdk_suite/v1.0//protocol/bluetooth_2.3/lib/EFR32BG1B/GCC/bgapi.a(gecko_bgapi_dfu.c.obj)
                              ./main.o (gecko_bgapi_class_dfu_init)
C:/SiliconLabs/SimplicityStudio/v4/developer/sdks/gecko_sdk_suite/v1.0//protocol/bluetooth_2.3/lib/EFR32BG1B/GCC/bgapi.a(gecko_bgapi_gap.c.obj)
                              ./main.o (gecko_bgapi_class_le_gap_init)
C:/SiliconLabs/SimplicityStudio/v4/developer/sdks/gecko_sdk_suite/v1.0//protocol/bluetooth_2.3/lib/EFR32BG1B/GCC/bgapi.a(gecko_bgapi_gatt.c.obj)
                              ./main.o (gecko_bgapi_class_gatt_init)
C:/SiliconLabs/SimplicityStudio/v4/developer/sdks/gecko_sdk_suite/v1.0//protocol/bluetooth_2.3/lib/EFR32BG1B/GCC/bgapi.a(gecko_bgapi_gatt_server.c.obj)
                              ./main.o (gecko_bgapi_class_gatt_server_init)
C:/SiliconLabs/SimplicityStudio/v4/developer/sdks/gecko_sdk_suite/v1.0//protocol/bluetooth_2.3/lib/EFR32BG1B/GCC/bgapi.a(gecko_bgapi_flash.c.obj)
                              ./main.o (gecko_bgapi_class_flash_init)
C:/SiliconLabs/SimplicityStudio/v4/developer/sdks/gecko_sdk_suite/v1.0//protocol/bluetooth_2.3/lib/EFR32BG1B/GCC/bgapi.a(gecko_bgapi_sm.c.obj)
                              ./main.o (gecko_bgapi_class_sm_init)
C:/SiliconLabs/SimplicityStudio/v4/developer/sdks/gecko_sdk_suite/v1.0//protocol/bluetooth_2.3/lib/EFR32BG1B/GCC/bgapi.a(gecko_bgapi_system.c.obj)
                              ./main.o (gecko_bgapi_class_system_init)
C:/SiliconLabs/SimplicityStudio/v4/developer/sdks/gecko_sdk_suite/v1.0//protocol/bluetooth_2.3/lib/EFR32BG1B/GCC/bgapi.a(gecko_bgapi_endpoint.c.obj)
                              ./main.o (gecko_bgapi_class_endpoint_init)
C:/SiliconLabs/SimplicityStudio/v4/developer/sdks/gecko_sdk_suite/v1.0//protocol/bluetooth_2.3/lib/EFR32BG1B/GCC/bgapi.a(gecko_bgapi_le_connection.c.obj)
                              ./main.o (gecko_bgapi_class_le_connection_init)
C:/SiliconLabs/SimplicityStudio/v4/developer/sdks/gecko_sdk_suite/v1.0//protocol/bluetooth_2.3/lib/EFR32BG1B/GCC/bgapi.a(bgapi_hardware_lib.c.obj)
                              C:/SiliconLabs/SimplicityStudio/v4/developer/sdks/gecko_sdk_suite/v1.0//protocol/bluetooth_2.3/lib/EFR32BG1B/GCC/bgapi.a(gecko_bgapi_hardware.c.obj) (gecko_cmd_hardware_read_i2c)
C:/SiliconLabs/SimplicityStudio/v4/developer/sdks/gecko_sdk_suite/v1.0//protocol/bluetooth_2.3/lib/EFR32BG1B/GCC/bgapi.a(bgapi_hardware.c.obj)
                              C:/SiliconLabs/SimplicityStudio/v4/developer/sdks/gecko_sdk_suite/v1.0//protocol/bluetooth_2.3/lib/EFR32BG1B/GCC/bgapi.a(gecko_bgapi_hardware.c.obj) (lib_hardware_handler_init)
C:/SiliconLabs/SimplicityStudio/v4/developer/sdks/gecko_sdk_suite/v1.0//protocol/bluetooth_2.3/lib/EFR32BG1B/GCC/bgapi.a(bgapi_test_lib.c.obj)
                              C:/SiliconLabs/SimplicityStudio/v4/developer/sdks/gecko_sdk_suite/v1.0//protocol/bluetooth_2.3/lib/EFR32BG1B/GCC/bgapi.a(gecko_bgapi_test.c.obj) (lib_test_handler_init)
C:/SiliconLabs/SimplicityStudio/v4/developer/sdks/gecko_sdk_suite/v1.0//protocol/bluetooth_2.3/lib/EFR32BG1B/GCC/bgapi.a(bgapi_util.c.obj)
                              C:/SiliconLabs/SimplicityStudio/v4/developer/sdks/gecko_sdk_suite/v1.0//protocol/bluetooth_2.3/lib/EFR32BG1B/GCC/bgapi.a(gecko_bgapi_util.c.obj) (lib_util_handler_init)
C:/SiliconLabs/SimplicityStudio/v4/developer/sdks/gecko_sdk_suite/v1.0//protocol/bluetooth_2.3/lib/EFR32BG1B/GCC/bgapi.a(bgapi_dfu.c.obj)
                              C:/SiliconLabs/SimplicityStudio/v4/developer/sdks/gecko_sdk_suite/v1.0//protocol/bluetooth_2.3/lib/EFR32BG1B/GCC/bgapi.a(gecko_bgapi_dfu.c.obj) (lib_dfu_handler_init)
C:/SiliconLabs/SimplicityStudio/v4/developer/sdks/gecko_sdk_suite/v1.0//protocol/bluetooth_2.3/lib/EFR32BG1B/GCC/bgapi.a(bgapi_gap.c.obj)
                              C:/SiliconLabs/SimplicityStudio/v4/developer/sdks/gecko_sdk_suite/v1.0//protocol/bluetooth_2.3/lib/EFR32BG1B/GCC/bgapi.a(gecko_bgapi_gap.c.obj) (lib_le_gap_handler_init)
C:/SiliconLabs/SimplicityStudio/v4/developer/sdks/gecko_sdk_suite/v1.0//protocol/bluetooth_2.3/lib/EFR32BG1B/GCC/bgapi.a(bgapi_gatt_lib.c.obj)
[...]
Memory Configuration

Name             Origin             Length             Attributes
FLASH            0x00000000         0x0003f000         xr
RAM              0x20003000         0x00004bfc         xrw
*default*        0x00000000         0xffffffff

Linker script and memory map

LOAD c:/siliconlabs/simplicitystudio/v4/developer/toolchains/gnu_arm/4.9_2015q3/bin/../lib/gcc/arm-none-eabi/4.9.3/armv7e-m/softfp/crti.o
LOAD c:/siliconlabs/simplicitystudio/v4/developer/toolchains/gnu_arm/4.9_2015q3/bin/../lib/gcc/arm-none-eabi/4.9.3/armv7e-m/softfp/crtbegin.o
LOAD c:/siliconlabs/simplicitystudio/v4/developer/toolchains/gnu_arm/4.9_2015q3/bin/../lib/gcc/arm-none-eabi/4.9.3/../../../../arm-none-eabi/lib/armv7e-m/softfp/crt0.o
LOAD ./application_properties.o
LOAD ./ble-callback-stubs.o
LOAD ./ble-callbacks.o
LOAD ./gatt_db.o
LOAD ./main.o
LOAD ./bgapi/dmadrv.o
LOAD ./bgapi/em_adc.o
LOAD ./bgapi/em_leuart.o
LOAD ./device/EFR32_B_1_1_B/gcc/startup_efr32bg1b.o
LOAD ./emlib/em_cmu.o
LOAD ./emlib/em_cryotimer.o
LOAD ./emlib/em_emu.o
LOAD ./emlib/em_gpio.o
LOAD ./emlib/em_i2c.o
LOAD ./emlib/em_ldma.o
LOAD ./emlib/em_msc.o
LOAD ./emlib/em_rtcc.o
LOAD ./emlib/em_system.o
LOAD ./emlib/em_timer.o
LOAD ./emlib/em_usart.o
LOAD ./kit/BRD4301A/bsp_bcc.o
LOAD ./kit/BRD4301A/bsp_stk.o
LOAD ./kit/BRD4301A/bsp_stk_leds.o
LOAD ./kit/BRD4301A/i2cspm.o
LOAD ./kit/BRD4301A/si7013.o
LOAD ./kit/BRD4301A/tempsens.o
LOAD ./kit/BRD4301A/udelay.o
LOAD ./src/InitDevice.o
LOAD ./src/bq24160.o
LOAD ./src/ext_lion_battery.o
LOAD ./src/led_strip_controller.o
LOAD ./src/sk6812.o
LOAD ./src/timer.o
LOAD C:/SiliconLabs/SimplicityStudio/v4/developer/sdks/gecko_sdk_suite/v1.0//protocol/bluetooth_2.3/lib/EFR32BG1B/EABI/binbootloader.o
LOAD C:/SiliconLabs/SimplicityStudio/v4/developer/sdks/gecko_sdk_suite/v1.0//protocol/bluetooth_2.3/lib/EFR32BG1B/GCC/bgapi.a
LOAD C:/SiliconLabs/SimplicityStudio/v4/developer/sdks/gecko_sdk_suite/v1.0//protocol/bluetooth_2.3/lib/EFR32BG1B/EABI/stack.a
LOAD C:/SiliconLabs/SimplicityStudio/v4/developer/sdks/gecko_sdk_suite/v1.0//protocol/bluetooth_2.3/lib/EFR32BG1B/EABI/binstack.o
LOAD c:/siliconlabs/simplicitystudio/v4/developer/toolchains/gnu_arm/4.9_2015q3/bin/../lib/gcc/arm-none-eabi/4.9.3/../../../../arm-none-eabi/lib/armv7e-m/softfp\libm.a
START GROUP
LOAD c:/siliconlabs/simplicitystudio/v4/developer/toolchains/gnu_arm/4.9_2015q3/bin/../lib/gcc/arm-none-eabi/4.9.3/armv7e-m/softfp\libgcc.a
LOAD c:/siliconlabs/simplicitystudio/v4/developer/toolchains/gnu_arm/4.9_2015q3/bin/../lib/gcc/arm-none-eabi/4.9.3/../../../../arm-none-eabi/lib/armv7e-m/softfp\libc.a
LOAD c:/siliconlabs/simplicitystudio/v4/developer/toolchains/gnu_arm/4.9_2015q3/bin/../lib/gcc/arm-none-eabi/4.9.3/../../../../arm-none-eabi/lib/armv7e-m/softfp\libnosys.a
END GROUP
START GROUP
LOAD c:/siliconlabs/simplicitystudio/v4/developer/toolchains/gnu_arm/4.9_2015q3/bin/../lib/gcc/arm-none-eabi/4.9.3/armv7e-m/softfp\libgcc.a
LOAD c:/siliconlabs/simplicitystudio/v4/developer/toolchains/gnu_arm/4.9_2015q3/bin/../lib/gcc/arm-none-eabi/4.9.3/../../../../arm-none-eabi/lib/armv7e-m/softfp\libg.a
LOAD c:/siliconlabs/simplicitystudio/v4/developer/toolchains/gnu_arm/4.9_2015q3/bin/../lib/gcc/arm-none-eabi/4.9.3/../../../../arm-none-eabi/lib/armv7e-m/softfp\libc.a
END GROUP
LOAD c:/siliconlabs/simplicitystudio/v4/developer/toolchains/gnu_arm/4.9_2015q3/bin/../lib/gcc/arm-none-eabi/4.9.3/armv7e-m/softfp/crtend.o
LOAD c:/siliconlabs/simplicitystudio/v4/developer/toolchains/gnu_arm/4.9_2015q3/bin/../lib/gcc/arm-none-eabi/4.9.3/armv7e-m/softfp/crtn.o

.text_bootloader
                0x00000000     0x4000
 *(.binbootloader*)
 .binbootloader
                0x00000000      0x31c C:/SiliconLabs/SimplicityStudio/v4/developer/sdks/gecko_sdk_suite/v1.0//protocol/bluetooth_2.3/lib/EFR32BG1B/EABI/binbootloader.o
                0x00004000                . = ALIGN (0x4000)
 *fill*         0x0000031c     0x3ce4 

.text_stack_bin
                0x00004000    0x1d000
 *(.binstack*)
 .binstack      0x00004000    0x1c9e4 C:/SiliconLabs/SimplicityStudio/v4/developer/sdks/gecko_sdk_suite/v1.0//protocol/bluetooth_2.3/lib/EFR32BG1B/EABI/binstack.o
                0x00021000                . = ALIGN (0x800)
 *fill*         0x000209e4      0x61c 
                0x00021000                __text_start__ = .

.text_app       0x00021000     0x92d4
 *(.AAT)
 .AAT           0x00021000       0x80 ./main.o
                0x00021000                AppAddressTable
 *(.vectors)
 .vectors       0x00021080       0xc8 ./device/EFR32_B_1_1_B/gcc/startup_efr32bg1b.o
                0x00021080                __Vectors
                0x00021148                __Vectors_End = .
                0x000000c8                __Vectors_Size = (__Vectors_End - __Vectors)
                0x00021148                __end__ = .
 *(.gecko_configuration)
 *(.xo_configuration)
 *(.gatt_header)
 .gatt_header   0x00021148       0x30 ./gatt_db.o
                0x00021148                bg_gattdb_data
 *(.gatt_data)
 .gatt_data     0x00021178      0x1ad ./gatt_db.o
                0x00021178                bg_gattdb_data_uuidtable_16_map
                0x00021198                bg_gattdb_data_uuidtable_128_map
                0x0002119c                bg_gattdb_data_attribute_field_19
                0x000211a4                bg_gattdb_data_attribute_field_18
                0x000211ac                bg_gattdb_data_attribute_field_17
                0x000211b0                bg_gattdb_data_attribute_field_16
                0x000211b8                bg_gattdb_data_attribute_field_15
                0x000211c0                bg_gattdb_data_attribute_field_14
                0x000211c8                bg_gattdb_data_attribute_field_13
                0x000211d0                bg_gattdb_data_attribute_field_12
                0x000211d4                bg_gattdb_data_attribute_field_11
                0x000211e4                bg_gattdb_data_attribute_field_10
                0x000211ec                bg_gattdb_data_attribute_field_9
                0x000211f0                bg_gattdb_data_attribute_field_8
                0x000211f4                bg_gattdb_data_attribute_field_7
                0x000211fc                bg_gattdb_data_attribute_field_6
                0x00021204                bg_gattdb_data_attribute_field_5
                0x0002120c                bg_gattdb_data_attribute_field_4
                0x00021210                bg_gattdb_data_attribute_field_2
                0x00021218                bg_gattdb_data_attribute_field_1
                0x00021220                bg_gattdb_data_attribute_field_0
                0x00021224                bg_gattdb_data_attributes_map
                0x00021314                bg_gattdb_data_attributes_dynamic_mapping_map
                0x00021320                bg_gattdb_data_adv_uuid16_map
                0x00021324                bg_gattdb_data_adv_uuid128_map
 *(.text*)
 *fill*         0x00021325        0x3 
 .text          0x00021328       0x5c c:/siliconlabs/simplicitystudio/v4/developer/toolchains/gnu_arm/4.9_2015q3/bin/../lib/gcc/arm-none-eabi/4.9.3/armv7e-m/softfp/crtbegin.o
 .text          0x00021384       0x74 c:/siliconlabs/simplicitystudio/v4/developer/toolchains/gnu_arm/4.9_2015q3/bin/../lib/gcc/arm-none-eabi/4.9.3/../../../../arm-none-eabi/lib/armv7e-m/softfp/crt0.o
                0x00021384                _start
                0x00021384                _mainCRTStartup
 .text.gecko_init
                0x000213f8       0x44 ./main.o
 .text.gecko_cmd_system_reset
                0x0002143c       0x40 ./main.o
 .text.gecko_cmd_le_gap_set_mode
                0x0002147c       0x58 ./main.o
 .text.gecko_cmd_le_gap_set_adv_parameters
                0x000214d4       0x60 ./main.o
 .text.gecko_cmd_gatt_server_send_user_read_response
                0x00021534       0xac ./main.o
 .text.gecko_cmd_gatt_server_send_user_write_response
                0x000215e0       0x64 ./main.o
 .text.gecko_cmd_hardware_set_soft_timer
                0x00021644       0x60 ./main.o
 .text.BUS_RegBitWrite
                0x000216a4       0x2c ./main.o
 .text.GPIO_PinOutClear
                0x000216d0       0x50 ./main.o
 .text.GPIO_PinOutSet
                0x00021720       0x50 ./main.o
 .text.main     0x00021770      0x28c ./main.o
                0x00021770                main
 .text.DMADRV_AllocateChannel
                0x000219fc       0xb4 ./bgapi/dmadrv.o
                0x000219fc                DMADRV_AllocateChannel
 .text.DMADRV_Init
                0x00021ab0       0x84 ./bgapi/dmadrv.o
                0x00021ab0                DMADRV_Init
 .text.DMADRV_MemoryPeripheral
                0x00021b34       0x44 ./bgapi/dmadrv.o
                0x00021b34                DMADRV_MemoryPeripheral
 .text.DMADRV_PeripheralMemory
                0x00021b78       0x44 ./bgapi/dmadrv.o
                0x00021b78                DMADRV_PeripheralMemory
 .text.DMADRV_StopTransfer
                0x00021bbc       0x6c ./bgapi/dmadrv.o
                0x00021bbc                DMADRV_StopTransfer
 .text.DMADRV_TransferRemainingCount
                0x00021c28       0x7c ./bgapi/dmadrv.o
                0x00021c28                DMADRV_TransferRemainingCount
 .text.LDMA_IRQHandler
                0x00021ca4       0xe0 ./bgapi/dmadrv.o
                0x00021ca4                LDMA_IRQHandler
 .text.StartTransfer
                0x00021d84      0x250 ./bgapi/dmadrv.o
 .text.ADC_IntClear
                0x00021fd4       0x1c ./bgapi/em_adc.o
 .text.BUS_RegBitWrite
                0x00021ff0       0x2c ./bgapi/em_adc.o
 .text.BUS_RegMaskedSet
                0x0002201c       0x24 ./bgapi/em_adc.o
 .text.BUS_RegMaskedClear
                0x00022040       0x24 ./bgapi/em_adc.o
 .text.BUS_RegMaskedWrite
                0x00022064       0x24 ./bgapi/em_adc.o
 .text.ADC_LoadDevinfoCal
                0x00022088      0x190 ./bgapi/em_adc.o
 .text.ADC_Init
                0x00022218       0x90 ./bgapi/em_adc.o
                0x00022218                ADC_Init
 .text.ADC_InitSingle
                0x000222a8      0x150 ./bgapi/em_adc.o
                0x000222a8                ADC_InitSingle
 .text.ADC_PrescaleCalc
                0x000223f8       0x64 ./bgapi/em_adc.o
                0x000223f8                ADC_PrescaleCalc
 .text.ADC_TimebaseCalc
                0x0002245c       0x50 ./bgapi/em_adc.o
                0x0002245c                ADC_TimebaseCalc
 .text.LEUART_Sync
                0x000224ac       0x30 ./bgapi/em_leuart.o
 .text.LEUART_BaudrateSet
                0x000224dc       0x6c ./bgapi/em_leuart.o
                0x000224dc                LEUART_BaudrateSet
 .text.LEUART_Enable
                0x00022548       0x3c ./bgapi/em_leuart.o
                0x00022548                LEUART_Enable
 .text.LEUART_FreezeEnable
                0x00022584       0x34 ./bgapi/em_leuart.o
                0x00022584                LEUART_FreezeEnable
 .text.LEUART_Init
                0x000225b8       0x68 ./bgapi/em_leuart.o
                0x000225b8                LEUART_Init
 .text.Reset_Handler
                0x00022620       0x38 ./device/EFR32_B_1_1_B/gcc/startup_efr32bg1b.o
                0x00022620                Reset_Handler
 .text.Default_Handler
                0x00022658        0x8 ./device/EFR32_B_1_1_B/gcc/startup_efr32bg1b.o
                0x00022658                DebugMon_Handler
                0x00022658                USART0_TX_IRQHandler
                0x00022658                I2C0_IRQHandler
                0x00022658                HardFault_Handler
                0x00022658                SysTick_Handler
                0x00022658                USART1_RX_IRQHandler
                0x00022658                PendSV_Handler
                0x00022658                NMI_Handler
                0x00022658                SYNTH_IRQHandler
                0x00022658                WDOG0_IRQHandler
                0x00022658                USART1_TX_IRQHandler
                0x00022658                MSC_IRQHandler
                0x00022658                ADC0_IRQHandler
                0x00022658                UsageFault_Handler
                0x00022658                LEUART0_IRQHandler
                0x00022658                FPUEH_IRQHandler
                0x00022658                GPIO_EVEN_IRQHandler
                0x00022658                TIMER0_IRQHandler
                0x00022658                LETIMER0_IRQHandler
                0x00022658                TIMER1_IRQHandler
                0x00022658                RFSENSE_IRQHandler
                0x00022658                BUFC_IRQHandler
                0x00022658                MODEM_IRQHandler
                0x00022658                Default_Handler
                0x00022658                RAC_SEQ_IRQHandler
                0x00022658                FRC_PRI_IRQHandler
                0x00022658                EMU_IRQHandler
                0x00022658                FRC_IRQHandler
                0x00022658                CRYOTIMER_IRQHandler
                0x00022658                PCNT0_IRQHandler
                0x00022658                AGC_IRQHandler
                0x00022658                ACMP0_IRQHandler
                0x00022658                USART0_RX_IRQHandler
                0x00022658                MemManage_Handler
                0x00022658                SVC_Handler
                0x00022658                RTCC_IRQHandler
                0x00022658                CRYPTO_IRQHandler
                0x00022658                CMU_IRQHandler
                0x00022658                RAC_RSM_IRQHandler
                0x00022658                GPIO_ODD_IRQHandler
                0x00022658                PROTIMER_IRQHandler
                0x00022658                BusFault_Handler
                0x00022658                IDAC0_IRQHandler
 .text.BUS_RegBitWrite
                0x00022660       0x2c ./emlib/em_cmu.o
 .text.BUS_RegBitRead
                0x0002268c       0x2c ./emlib/em_cmu.o
 .text.BUS_RegMaskedSet
                0x000226b8       0x24 ./emlib/em_cmu.o
 .text.BUS_RegMaskedClear
                0x000226dc       0x24 ./emlib/em_cmu.o
 .text.BUS_RegMaskedWrite
                0x00022700       0x24 ./emlib/em_cmu.o
 .text.BUS_RegMaskedRead
                0x00022724       0x20 ./emlib/em_cmu.o
 .text.CMU_Log2ToDiv
                0x00022744       0x1c ./emlib/em_cmu.o
 .text.setHfLeConfig
                0x00022760       0x3c ./emlib/em_cmu.o
 .text.getHfLeConfig
                0x0002279c       0x2c ./emlib/em_cmu.o
 .text.auxClkGet
                0x000227c8       0x20 ./emlib/em_cmu.o
 .text.dbgClkGet
                0x000227e8       0x3c ./emlib/em_cmu.o
 .text.flashWaitStateControl
                0x00022824       0x78 ./emlib/em_cmu.o
 .text.flashWaitStateMax
                0x0002289c       0x14 ./emlib/em_cmu.o
 .text.getRegIshUpperVal
                0x000228b0       0x38 ./emlib/em_cmu.o
 .text.lfClkGet
                0x000228e8       0xe8 ./emlib/em_cmu.o
 .text.syncReg  0x000229d0       0x38 ./emlib/em_cmu.o
 .text.CMU_ClockEnable
                0x00022a08       0xcc ./emlib/em_cmu.o
                0x00022a08                CMU_ClockEnable
 .text.CMU_ClockFreqGet
                0x00022ad4      0x188 ./emlib/em_cmu.o
                0x00022ad4                CMU_ClockFreqGet
 .text.CMU_ClockSelectGet
                0x00022c5c      0x14c ./emlib/em_cmu.o
                0x00022c5c                CMU_ClockSelectGet
 .text.CMU_ClockSelectSet
                0x00022da8      0x1c4 ./emlib/em_cmu.o
                0x00022da8                CMU_ClockSelectSet
 .text.CMU_HFXOInit
                0x00022f6c      0x110 ./emlib/em_cmu.o
                0x00022f6c                CMU_HFXOInit
 .text.CMU_LFXOInit
                0x0002307c       0x50 ./emlib/em_cmu.o
                0x0002307c                CMU_LFXOInit
 .text.CMU_OscillatorEnable
                0x000230cc      0x180 ./emlib/em_cmu.o
                0x000230cc                CMU_OscillatorEnable
 .text.CMU_OscillatorTuningGet
                0x0002324c       0x74 ./emlib/em_cmu.o
                0x0002324c                CMU_OscillatorTuningGet
 .text.CMU_OscillatorTuningSet
                0x000232c0       0xfc ./emlib/em_cmu.o
                0x000232c0                CMU_OscillatorTuningSet
 .text.CMU_OscillatorTuningWait
                0x000233bc       0x8c ./emlib/em_cmu.o
                0x000233bc                CMU_OscillatorTuningWait
 .text.CMU_OscillatorTuningOptimize
                0x00023448       0x4c ./emlib/em_cmu.o
                0x00023448                CMU_OscillatorTuningOptimize
 .text.BUS_RegBitWrite
                0x00023494       0x2c ./emlib/em_emu.o
 .text.BUS_RegBitRead
                0x000234c0       0x2c ./emlib/em_emu.o
 .text.SYSTEM_GetDevinfoRev
                0x000234ec       0x18 ./emlib/em_emu.o
 .text.dcdcConstCalibrationLoad
                0x00023504       0xc4 ./emlib/em_emu.o
 .text.dcdcValidatedConfigSet
                0x000235c8       0xb0 ./emlib/em_emu.o
 .text.currentLimitersUpdate
                0x00023678       0xec ./emlib/em_emu.o
 .text.userCurrentLimitsSet
                0x00023764       0x2c ./emlib/em_emu.o
 .text.compCtrlSet
                0x00023790       0x3c ./emlib/em_emu.o
 .text.lpCmpHystCalibrationLoad
                0x000237cc       0xcc ./emlib/em_emu.o
 .text.lpGetDevinfoVrefLowHigh
                0x00023898      0x15c ./emlib/em_emu.o
 .text.EMU_DCDCModeSet
                0x000239f4       0x84 ./emlib/em_emu.o
                0x000239f4                EMU_DCDCModeSet
 .text.EMU_DCDCInit
                0x00023a78      0x114 ./emlib/em_emu.o
                0x00023a78                EMU_DCDCInit
 .text.EMU_DCDCOutputVoltageSet
                0x00023b8c      0x20c ./emlib/em_emu.o
                0x00023b8c                EMU_DCDCOutputVoltageSet
 .text.EMU_DCDCOptimizeSlice
                0x00023d98       0xd8 ./emlib/em_emu.o
                0x00023d98                EMU_DCDCOptimizeSlice
 .text.EMU_DCDCLnRcoBandSet
                0x00023e70       0x54 ./emlib/em_emu.o
                0x00023e70                EMU_DCDCLnRcoBandSet
 .text.BUS_RegBitWrite
                0x00023ec4       0x2c ./emlib/em_gpio.o
 .text.GPIO_PinOutClear
                0x00023ef0       0x50 ./emlib/em_gpio.o
 .text.GPIO_PinOutSet
                0x00023f40       0x50 ./emlib/em_gpio.o
 .text.GPIO_PinModeSet
                0x00023f90      0x108 ./emlib/em_gpio.o
                0x00023f90                GPIO_PinModeSet
 .text.BUS_RegBitWrite
                0x00024098       0x2c ./emlib/em_i2c.o
 .text.BUS_RegMaskedSet
                0x000240c4       0x24 ./emlib/em_i2c.o
 .text.BUS_RegMaskedClear
                0x000240e8       0x24 ./emlib/em_i2c.o
 .text.BUS_RegMaskedWrite
                0x0002410c       0x24 ./emlib/em_i2c.o
 .text.I2C_BusFreqSet
                0x00024130       0xfc ./emlib/em_i2c.o
                0x00024130                I2C_BusFreqSet
 .text.I2C_Init
                0x0002422c       0x5c ./emlib/em_i2c.o
                0x0002422c                I2C_Init
 .text.I2C_Transfer
                0x00024288      0x42c ./emlib/em_i2c.o
                0x00024288                I2C_Transfer
 .text.I2C_TransferInit
                0x000246b4       0xc0 ./emlib/em_i2c.o
                0x000246b4                I2C_TransferInit
 .text.NVIC_EnableIRQ
                0x00024774       0x2c ./emlib/em_ldma.o
 .text.NVIC_ClearPendingIRQ
                0x000247a0       0x30 ./emlib/em_ldma.o
 .text.NVIC_SetPriority
                0x000247d0       0x4c ./emlib/em_ldma.o
 .text.BUS_RegMaskedClear
                0x0002481c       0x24 ./emlib/em_ldma.o
 .text.LDMA_Init
                0x00024840       0x70 ./emlib/em_ldma.o
                0x00024840                LDMA_Init
 .text.LDMA_StartTransfer
                0x000248b0      0x150 ./emlib/em_ldma.o
                0x000248b0                LDMA_StartTransfer
 .text.LDMA_StopTransfer
                0x00024a00       0x44 ./emlib/em_ldma.o
                0x00024a00                LDMA_StopTransfer
 .text.LDMA_TransferRemainingCount
                0x00024a44       0x80 ./emlib/em_ldma.o
                0x00024a44                LDMA_TransferRemainingCount
 .text.RTCC_Init
                0x00024ac4       0x60 ./emlib/em_rtcc.o
                0x00024ac4                RTCC_Init
 .text.SYSTEM_ChipRevisionGet
                0x00024b24       0x74 ./emlib/em_system.o
                0x00024b24                SYSTEM_ChipRevisionGet
 .text.TIMER_Valid
                0x00024b98       0x38 ./emlib/em_timer.o
 .text.TIMER_Init
                0x00024bd0       0xdc ./emlib/em_timer.o
                0x00024bd0                TIMER_Init
 .text.TIMER_InitCC
                0x00024cac       0x9c ./emlib/em_timer.o
                0x00024cac                TIMER_InitCC
 .text.USART_BaudrateAsyncSet
                0x00024d48       0xb0 ./emlib/em_usart.o
                0x00024d48                USART_BaudrateAsyncSet
 .text.USART_BaudrateCalc
                0x00024df8      0x11c ./emlib/em_usart.o
                0x00024df8                USART_BaudrateCalc
 .text.USART_BaudrateGet
                0x00024f14       0x50 ./emlib/em_usart.o
                0x00024f14                USART_BaudrateGet
 .text.USART_Enable
                0x00024f64       0x4c ./emlib/em_usart.o
                0x00024f64                USART_Enable
 .text.USART_InitAsync
                0x00024fb0       0xbc ./emlib/em_usart.o
                0x00024fb0                USART_InitAsync
 .text.USART_Reset
                0x0002506c       0x94 ./emlib/em_usart.o
                0x0002506c                USART_Reset
 .text.BUS_RegBitWrite
                0x00025100       0x2c ./kit/BRD4301A/i2cspm.o
 .text.GPIO_PinOutClear
                0x0002512c       0x50 ./kit/BRD4301A/i2cspm.o
 .text.GPIO_PinOutSet
                0x0002517c       0x50 ./kit/BRD4301A/i2cspm.o
 .text.I2CSPM_Init
                0x000251cc       0xd8 ./kit/BRD4301A/i2cspm.o
                0x000251cc                I2CSPM_Init
 .text.I2CSPM_Transfer
                0x000252a4       0x40 ./kit/BRD4301A/i2cspm.o
                0x000252a4                I2CSPM_Transfer
 .text.SYSTEM_GetProdRev
                0x000252e4       0x1c ./src/InitDevice.o
 .text.CHIP_Init
                0x00025300       0xa8 ./src/InitDevice.o
 .text.enter_DefaultMode_from_RESET
                0x000253a8       0x34 ./src/InitDevice.o
                0x000253a8                enter_DefaultMode_from_RESET
 .text.EMU_enter_DefaultMode_from_RESET
                0x000253dc       0x4c ./src/InitDevice.o
                0x000253dc                EMU_enter_DefaultMode_from_RESET
 .text.LFXO_enter_DefaultMode_from_RESET
                0x00025428        0xc ./src/InitDevice.o
                0x00025428                LFXO_enter_DefaultMode_from_RESET
 .text.CMU_enter_DefaultMode_from_RESET
                0x00025434      0x144 ./src/InitDevice.o
                0x00025434                CMU_enter_DefaultMode_from_RESET
 .text.ADC0_enter_DefaultMode_from_RESET
                0x00025578       0x5c ./src/InitDevice.o
                0x00025578                ADC0_enter_DefaultMode_from_RESET
 .text.RTCC_enter_DefaultMode_from_RESET
                0x000255d4       0x4c ./src/InitDevice.o
                0x000255d4                RTCC_enter_DefaultMode_from_RESET
 .text.I2C0_enter_DefaultMode_from_RESET
                0x00025620       0x74 ./src/InitDevice.o
                0x00025620                I2C0_enter_DefaultMode_from_RESET
 .text.GPCRC_enter_DefaultMode_from_RESET
                0x00025694        0xc ./src/InitDevice.o
                0x00025694                GPCRC_enter_DefaultMode_from_RESET
 .text.LDMA_enter_DefaultMode_from_RESET
                0x000256a0        0xc ./src/InitDevice.o
                0x000256a0                LDMA_enter_DefaultMode_from_RESET
 .text.PRS_enter_DefaultMode_from_RESET
                0x000256ac       0x20 ./src/InitDevice.o
                0x000256ac                PRS_enter_DefaultMode_from_RESET
 .text.PORTIO_enter_DefaultMode_from_RESET
                0x000256cc       0x44 ./src/InitDevice.o
                0x000256cc                PORTIO_enter_DefaultMode_from_RESET
 .text.bq24160_set_charge_voltage
                0x00025710       0x40 ./src/bq24160.o
 .text.bq24160_init
                0x00025750       0x50 ./src/bq24160.o
                0x00025750                bq24160_init
 .text.bq24160_read_voltage
                0x000257a0       0x50 ./src/bq24160.o
                0x000257a0                bq24160_read_voltage
 .text.ADC_DataSingleGet
                0x000257f0       0x18 ./src/ext_lion_battery.o
 .text.ADC_Start
                0x00025808       0x1c ./src/ext_lion_battery.o
 .text.lion_battery_init
                0x00025824       0xac ./src/ext_lion_battery.o
                0x00025824                lion_battery_init
 .text.battery_get_millvolts
                0x000258d0       0x40 ./src/ext_lion_battery.o
                0x000258d0                battery_get_millvolts
 .text.battery_get_percentage
                0x00025910       0x48 ./src/ext_lion_battery.o
                0x00025910                battery_get_percentage
 .text.led_apply_brightness_factor
                0x00025958       0x90 ./src/led_strip_controller.o
 .text.slide_animation_process
                0x000259e8      0x13c ./src/led_strip_controller.o
 .text.on_10ms_tick
                0x00025b24       0x50 ./src/led_strip_controller.o
 .text.led_strip_init
                0x00025b74       0x1c ./src/led_strip_controller.o
                0x00025b74                led_strip_init
 .text.led_strip_slide_animation
                0x00025b90       0x68 ./src/led_strip_controller.o
                0x00025b90                led_strip_slide_animation
 .text.led_strip_set_all
                0x00025bf8       0xc0 ./src/led_strip_controller.o
                0x00025bf8                led_strip_set_all
 .text.NVIC_EnableIRQ
                0x00025cb8       0x2c ./src/sk6812.o
 .text.TIMER_Valid
                0x00025ce4       0x38 ./src/sk6812.o
 .text.TIMER_MaxCount
                0x00025d1c       0x18 ./src/sk6812.o
 .text.TIMER_CompareSet
                0x00025d34       0x28 ./src/sk6812.o
 .text.TIMER_CounterSet
                0x00025d5c       0x1c ./src/sk6812.o
 .text.TIMER_Enable
                0x00025d78       0x2c ./src/sk6812.o
 .text.TIMER_TopSet
                0x00025da4       0x1c ./src/sk6812.o
 .text.timer_dma_callback
                0x00025dc0       0x38 ./src/sk6812.o
                0x00025dc0                timer_dma_callback
 .text.sk6812_init
                0x00025df8      0x144 ./src/sk6812.o
                0x00025df8                sk6812_init
 .text.sk6812_set_colours
                0x00025f3c      0x1ac ./src/sk6812.o
                0x00025f3c                sk6812_set_colours
 .text.timer_register_10_ms_callback
                0x000260e8       0x1c ./src/timer.o
                0x000260e8                timer_register_10_ms_callback
 .text.timer_10ms_tick
                0x00026104       0x18 ./src/timer.o
                0x00026104                timer_10ms_tick
 .text          0x0002611c       0x60 C:/SiliconLabs/SimplicityStudio/v4/developer/sdks/gecko_sdk_suite/v1.0//protocol/bluetooth_2.3/lib/EFR32BG1B/GCC/bgapi.a(gecko_bgapi_hardware.c.obj)
                0x00026164                gecko_bgapi_class_hardware_init
 .text          0x0002617c       0x60 C:/SiliconLabs/SimplicityStudio/v4/developer/sdks/gecko_sdk_suite/v1.0//protocol/bluetooth_2.3/lib/EFR32BG1B/GCC/bgapi.a(gecko_bgapi_test.c.obj)
                0x000261c4                gecko_bgapi_class_test_init
 .text          0x000261dc       0x60 C:/SiliconLabs/SimplicityStudio/v4/developer/sdks/gecko_sdk_suite/v1.0//protocol/bluetooth_2.3/lib/EFR32BG1B/GCC/bgapi.a(gecko_bgapi_util.c.obj)
                0x00026224                gecko_bgapi_class_util_init
 .text          0x0002623c       0x60 C:/SiliconLabs/SimplicityStudio/v4/developer/sdks/gecko_sdk_suite/v1.0//protocol/bluetooth_2.3/lib/EFR32BG1B/GCC/bgapi.a(gecko_bgapi_dfu.c.obj)
                0x00026284                gecko_bgapi_class_dfu_init
 .text          0x0002629c       0x60 C:/SiliconLabs/SimplicityStudio/v4/developer/sdks/gecko_sdk_suite/v1.0//protocol/bluetooth_2.3/lib/EFR32BG1B/GCC/bgapi.a(gecko_bgapi_gap.c.obj)
                0x000262e4                gecko_bgapi_class_le_gap_init
 .text          0x000262fc       0x60 C:/SiliconLabs/SimplicityStudio/v4/developer/sdks/gecko_sdk_suite/v1.0//protocol/bluetooth_2.3/lib/EFR32BG1B/GCC/bgapi.a(gecko_bgapi_gatt.c.obj)
                0x00026344                gecko_bgapi_class_gatt_init
 .text          0x0002635c       0x60 C:/SiliconLabs/SimplicityStudio/v4/developer/sdks/gecko_sdk_suite/v1.0//protocol/bluetooth_2.3/lib/EFR32BG1B/GCC/bgapi.a(gecko_bgapi_gatt_server.c.obj)
                0x000263a4                gecko_bgapi_class_gatt_server_init
 .text          0x000263bc       0x60 C:/SiliconLabs/SimplicityStudio/v4/developer/sdks/gecko_sdk_suite/v1.0//protocol/bluetooth_2.3/lib/EFR32BG1B/GCC/bgapi.a(gecko_bgapi_flash.c.obj)
                0x00026404                gecko_bgapi_class_flash_init
 .text          0x0002641c       0x60 C:/SiliconLabs/SimplicityStudio/v4/developer/sdks/gecko_sdk_suite/v1.0//protocol/bluetooth_2.3/lib/EFR32BG1B/GCC/bgapi.a(gecko_bgapi_sm.c.obj)
                0x00026464                gecko_bgapi_class_sm_init
 .text          0x0002647c       0x60 C:/SiliconLabs/SimplicityStudio/v4/developer/sdks/gecko_sdk_suite/v1.0//protocol/bluetooth_2.3/lib/EFR32BG1B/GCC/bgapi.a(gecko_bgapi_system.c.obj)
                0x000264c4                gecko_bgapi_class_system_init
 .text          0x000264dc       0x60 C:/SiliconLabs/SimplicityStudio/v4/developer/sdks/gecko_sdk_suite/v1.0//protocol/bluetooth_2.3/lib/EFR32BG1B/GCC/bgapi.a(gecko_bgapi_endpoint.c.obj)
                0x00026524                gecko_bgapi_class_endpoint_init
 .text          0x0002653c       0x60 C:/SiliconLabs/SimplicityStudio/v4/developer/sdks/gecko_sdk_suite/v1.0//protocol/bluetooth_2.3/lib/EFR32BG1B/GCC/bgapi.a(gecko_bgapi_le_connection.c.obj)
                0x00026584                gecko_bgapi_class_le_connection_init
 .text          0x0002659c      0x388 C:/SiliconLabs/SimplicityStudio/v4/developer/sdks/gecko_sdk_suite/v1.0//protocol/bluetooth_2.3/lib/EFR32BG1B/GCC/bgapi.a(bgapi_hardware_lib.c.obj)
                0x0002659c                gecko_cmd_hardware_read_i2c
                0x00026604                gecko_cmd_hardware_write_i2c
                0x00026648                gecko_cmd_hardware_stop_i2c
                0x00026680                gecko_cmd_hardware_read_adc
                0x000266c0                gecko_cmd_hardware_read_adc_channel
                0x000266f0                gecko_cmd_hardware_config_adc_reference
                0x0002671c                gecko_cmd_hardware_configure_gpio
                0x00026750                gecko_cmd_hardware_write_gpio
                0x000267b4                gecko_cmd_hardware_read_gpio
                0x00026814                gecko_cmd_hardware_set_uart_configuration
                0x0002688c                clock_outputs_init
                0x000268d4                bgapi_hardware_init
 .text          0x00026924      0x1d0 C:/SiliconLabs/SimplicityStudio/v4/developer/sdks/gecko_sdk_suite/v1.0//protocol/bluetooth_2.3/lib/EFR32BG1B/GCC/bgapi.a(bgapi_hardware.c.obj)
                0x00026924                soft_timer_comparison
                0x000269b8                bgapi_hardware_soft_timer_listener
                0x000269f8                lib_hardware_handler_init
                0x00026a0c                gecko_cmd_hardware_set_soft_timer
                0x00026a4c                gecko_cmd_hardware_set_lazy_soft_timer
                0x00026a8c                gecko_cmd_hardware_get_time
                0x00026ac0                gecko_cmd_hardware_enable_dcdc
 .text          0x00026af4      0x200 C:/SiliconLabs/SimplicityStudio/v4/developer/sdks/gecko_sdk_suite/v1.0//protocol/bluetooth_2.3/lib/EFR32BG1B/GCC/bgapi.a(bgapi_test_lib.c.obj)
                0x00026af4                lib_test_handler_init
                0x00026af6                disable_interrupts
                0x00026b1a                gecko_cmd_test_dtm_tx
                0x00026b4c                gecko_cmd_test_dtm_rx
                0x00026b7c                gecko_cmd_test_dtm_end
                0x00026ba8                gecko_cmd_test_debug_command
                0x00026c78                gecko_cmd_test_debug_counter
 .text          0x00026cf4      0x158 C:/SiliconLabs/SimplicityStudio/v4/developer/sdks/gecko_sdk_suite/v1.0//protocol/bluetooth_2.3/lib/EFR32BG1B/GCC/bgapi.a(bgapi_util.c.obj)
                0x00026d2c                lib_util_handler_init
                0x00026d2e                gecko_cmd_util_atoi
                0x00026d84                gecko_cmd_util_itoa
 .text          0x00026e4c       0x8c C:/SiliconLabs/SimplicityStudio/v4/developer/sdks/gecko_sdk_suite/v1.0//protocol/bluetooth_2.3/lib/EFR32BG1B/GCC/bgapi.a(bgapi_dfu.c.obj)
                0x00026e4c                lib_dfu_handler_init
                0x00026e4e                gecko_cmd_dfu_reset
                0x00026e54                gecko_cmd_dfu_flash_set_address
                0x00026e80                gecko_cmd_dfu_flash_upload
                0x00026eac                gecko_cmd_dfu_flash_upload_finish
 .text          0x00026ed8      0x308 C:/SiliconLabs/SimplicityStudio/v4/developer/sdks/gecko_sdk_suite/v1.0//protocol/bluetooth_2.3/lib/EFR32BG1B/GCC/bgapi.a(bgapi_gap.c.obj)
                0x00026ed8                lib_le_gap_handler_init
                0x00026eda                gecko_cmd_le_gap_set_mode
                0x00026f20                gecko_cmd_le_gap_bt5_set_mode
                0x00026f60                gecko_cmd_le_gap_set_adv_data
                0x00026f94                gecko_cmd_le_gap_bt5_set_adv_data
                0x00026fc8                gecko_cmd_le_gap_set_adv_timeout
                0x0002701c                gecko_cmd_le_gap_open
                0x00027084                gecko_cmd_le_gap_discover
                0x000270b0                gecko_cmd_le_gap_end_procedure
                0x000270dc                gecko_cmd_le_gap_set_adv_parameters
                0x00027110                gecko_cmd_le_gap_bt5_set_adv_parameters
                0x0002714c                gecko_cmd_le_gap_set_scan_parameters
                0x0002717c                gecko_cmd_le_gap_set_conn_parameters
                0x000271b4                gecko_cmd_le_gap_set_phy
 .text          0x000271e0      0x644 C:/SiliconLabs/SimplicityStudio/v4/developer/sdks/gecko_sdk_suite/v1.0//protocol/bluetooth_2.3/lib/EFR32BG1B/GCC/bgapi.a(bgapi_gatt_lib.c.obj)
                0x000271e0                lib_gatt_handler_init
                0x000271e2                lib_gatt_server_handler_init
                0x000271e4                gecko_cmd_gatt_set_max_mtu
                0x00027220                gecko_cmd_gatt_discover_primary_services
                0x00027250                gecko_cmd_gatt_discover_primary_services_by_uuid
                0x0002728c                gecko_cmd_gatt_find_included_services
                0x000272c0                gecko_cmd_gatt_discover_characteristics
                0x000272f4                gecko_cmd_gatt_discover_characteristics_by_uuid
                0x00027334                gecko_cmd_gatt_read_characteristic_value
                0x0002736c                gecko_cmd_gatt_read_characteristic_value_from_offset
                0x000273a8                gecko_cmd_gatt_read_characteristic_value_by_uuid
                0x000273e8                gecko_cmd_gatt_read_multiple_characteristic_values
                0x0002741c                gecko_cmd_gatt_write_characteristic_value
                0x00027454                gecko_cmd_gatt_write_characteristic_value_without_response
                0x00027498                gecko_cmd_gatt_prepare_characteristic_value_write
                0x000274e8                gecko_cmd_gatt_execute_characteristic_value_write
                0x0002751c                gecko_cmd_gatt_set_characteristic_notification
                0x00027554                gecko_cmd_gatt_discover_descriptors
                0x00027588                gecko_cmd_gatt_read_descriptor_value
                0x000275bc                gecko_cmd_gatt_write_descriptor_value
                0x000275f4                gecko_cmd_gatt_server_read_attribute_value
                0x0002763c                gecko_cmd_gatt_server_read_attribute_type
                0x00027680                gecko_cmd_gatt_server_find_attribute
                0x000276bc                gecko_cmd_gatt_server_write_attribute_value
                0x000276f0                gecko_cmd_gatt_server_send_user_read_response
                0x00027740                gecko_cmd_gatt_server_send_user_write_response
                0x00027778                gecko_cmd_gatt_server_send_characteristic_notification
                0x000277c4                gecko_cmd_gatt_send_characteristic_confirmation
                0x000277f4                gecko_cmd_gatt_server_set_database
 .text          0x00027824      0x17c C:/SiliconLabs/SimplicityStudio/v4/developer/sdks/gecko_sdk_suite/v1.0//protocol/bluetooth_2.3/lib/EFR32BG1B/GCC/bgapi.a(bgapi_ps.c.obj)
                0x00027824                lib_flash_handler_init
                0x00027826                gecko_cmd_flash_ps_dump
                0x000278bc                gecko_cmd_flash_ps_erase_all
                0x000278ec                gecko_cmd_flash_ps_save
                0x00027928                gecko_cmd_flash_ps_load
                0x0002796c                gecko_cmd_flash_ps_erase
 .text          0x000279a0      0x3cc C:/SiliconLabs/SimplicityStudio/v4/developer/sdks/gecko_sdk_suite/v1.0//protocol/bluetooth_2.3/lib/EFR32BG1B/GCC/bgapi.a(bgapi_sm.c.obj)
                0x00027a68                lib_sm_handler_init
                0x00027a7c                gecko_cmd_sm_list_all_bondings
                0x00027ab4                gecko_cmd_sm_increase_security
                0x00027ae4                gecko_cmd_sm_set_bondable_mode
                0x00027b10                gecko_cmd_sm_delete_bonding
                0x00027b40                gecko_cmd_sm_delete_bondings
                0x00027b70                gecko_cmd_sm_configure
                0x00027ba0                gecko_cmd_sm_enter_passkey
                0x00027bd4                gecko_cmd_sm_set_passkey
                0x00027c00                gecko_cmd_sm_passkey_confirm
                0x00027c34                gecko_cmd_sm_set_oob_data
                0x00027c64                gecko_cmd_sm_set_sc_remote_oob_data
                0x00027c94                gecko_cmd_sm_use_sc_oob
                0x00027cd4                gecko_cmd_sm_store_bonding_configuration
                0x00027d08                gecko_cmd_sm_bonding_confirm
                0x00027d3c                gecko_cmd_sm_set_debug_mode
 .text          0x00027d6c      0x114 C:/SiliconLabs/SimplicityStudio/v4/developer/sdks/gecko_sdk_suite/v1.0//protocol/bluetooth_2.3/lib/EFR32BG1B/GCC/bgapi.a(bgapi_system.c.obj)
                0x00027d6c                lib_system_handler_init
                0x00027d6e                gecko_cmd_system_get_bt_address
                0x00027da4                gecko_cmd_system_get_random_data
                0x00027dec                gecko_cmd_system_halt
                0x00027e20                gecko_cmd_system_set_tx_power
                0x00027e50                gecko_cmd_system_hello
                0x00027e78                gecko_cmd_system_reset
 .text          0x00027e80      0x1ac C:/SiliconLabs/SimplicityStudio/v4/developer/sdks/gecko_sdk_suite/v1.0//protocol/bluetooth_2.3/lib/EFR32BG1B/GCC/bgapi.a(bgapi_endpoint.c.obj)
                0x00027e80                lib_endpoint_handler_init
                0x00027e82                gecko_cmd_endpoint_send
                0x00027f2c                gecko_cmd_endpoint_set_streaming_destination
                0x00027f84                gecko_cmd_endpoint_close
                0x00027fe0                gecko_cmd_endpoint_set_flags
                0x00027fe2                gecko_cmd_endpoint_clr_flags
                0x00027fe4                gecko_cmd_endpoint_read_counters
 .text          0x0002802c      0x104 C:/SiliconLabs/SimplicityStudio/v4/developer/sdks/gecko_sdk_suite/v1.0//protocol/bluetooth_2.3/lib/EFR32BG1B/GCC/bgapi.a(bgapi_le_connection.c.obj)
                0x0002802c                lib_le_connection_handler_init
                0x0002802e                gecko_cmd_le_connection_set_parameters
                0x0002807c                gecko_cmd_le_connection_get_rssi
                0x000280ac                gecko_cmd_le_connection_disable_slave_latency
                0x000280f4                gecko_cmd_le_connection_set_phy
 .text          0x00028130      0x220 C:/SiliconLabs/SimplicityStudio/v4/developer/sdks/gecko_sdk_suite/v1.0//protocol/bluetooth_2.3/lib/EFR32BG1B/GCC/bgapi.a(uart_endpoint.c.obj)
                0x00028190                uart_output_available
                0x00028194                uart_transparent_input
                0x000281d2                uart_endpoint_func
                0x00028286                uart_change_flags
                0x00028294                init_uart_endpoints
 .text          0x00028350      0x17c C:/SiliconLabs/SimplicityStudio/v4/developer/sdks/gecko_sdk_suite/v1.0//protocol/bluetooth_2.3/lib/EFR32BG1B/GCC/bgapi.a(bgapi_endpoint.c.obj)
                0x0002847c                init_bgapi_endpoints
 .text          0x000284cc       0xc8 C:/SiliconLabs/SimplicityStudio/v4/developer/sdks/gecko_sdk_suite/v1.0//protocol/bluetooth_2.3/lib/EFR32BG1B/GCC/bgapi.a(adc.c.obj)
                0x000284cc                adc_read_channel
                0x000284fc                adc_read_port
                0x0002850c                adc_config_reference
                0x00028540                adc_init
 .text          0x00028594      0x160 C:/SiliconLabs/SimplicityStudio/v4/developer/sdks/gecko_sdk_suite/v1.0//protocol/bluetooth_2.3/lib/EFR32BG1B/GCC/bgapi.a(gpio.c.obj)
                0x0002860c                gpio_location_to_port
                0x0002861c                gpio_location_to_pin_index
                0x00028630                gpios_init
 .text          0x000286f4      0x218 C:/SiliconLabs/SimplicityStudio/v4/developer/sdks/gecko_sdk_suite/v1.0//protocol/bluetooth_2.3/lib/EFR32BG1B/GCC/bgapi.a(i2c.c.obj)
                0x000286f4                i2c_init
                0x00028780                i2c_stop
                0x000287a0                i2c_reset
                0x000287c0                i2c_read
                0x0002886c                i2c_write
 .text          0x0002890c      0x160 C:/SiliconLabs/SimplicityStudio/v4/developer/sdks/gecko_sdk_suite/v1.0//protocol/bluetooth_2.3/lib/EFR32BG1B/GCC/bgapi.a(sleep_signal.c.obj)
                0x0002893c                sleep_signal_init
                0x0002899c                sleep_signal_update
                0x00028a08                host_wakeup_signal_init
                0x00028a44                host_wakeup_signal_update
 .text          0x00028a6c      0x89c C:/SiliconLabs/SimplicityStudio/v4/developer/sdks/gecko_sdk_suite/v1.0//protocol/bluetooth_2.3/lib/EFR32BG1B/GCC/bgapi.a(uart.c.obj)
                0x00028a6c                LEUART0_IRQGeckoHandler
                0x00028a6e                USART1_TX_IRQGeckoHandler
                0x00028b98                USART0_TX_IRQGeckoHandler
                0x00028d48                USART1_RX_IRQGeckoHandler
                0x00028d54                USART0_RX_IRQGeckoHandler
                0x00028d74                uart_update
                0x00028d8c                uart_configure
                0x00028e60                uart_event_register
                0x00028e70                uarts_init
                0x000291f4                uart_get_flags
                0x00029204                uart_write_bgbuf
                0x00029244                uart_read_bgbuf
                0x000292cc                uart_sleep
 .text          0x00029308       0x30 c:/siliconlabs/simplicitystudio/v4/developer/toolchains/gnu_arm/4.9_2015q3/bin/../lib/gcc/arm-none-eabi/4.9.3/armv7e-m/softfp\libgcc.a(_aeabi_uldivmod.o)
                0x00029308                __aeabi_uldivmod
 .text          0x00029338       0x60 c:/siliconlabs/simplicitystudio/v4/developer/toolchains/gnu_arm/4.9_2015q3/bin/../lib/gcc/arm-none-eabi/4.9.3/armv7e-m/softfp\libgcc.a(bpabi.o)
                0x00029338                __gnu_ldivmod_helper
                0x00029368                __gnu_uldivmod_helper
 .text          0x00029398        0x4 c:/siliconlabs/simplicitystudio/v4/developer/toolchains/gnu_arm/4.9_2015q3/bin/../lib/gcc/arm-none-eabi/4.9.3/armv7e-m/softfp\libgcc.a(_dvmd_tls.o)
                0x00029398                __aeabi_idiv0
                0x00029398                __aeabi_ldiv0
 .text          0x0002939c      0x29c c:/siliconlabs/simplicitystudio/v4/developer/toolchains/gnu_arm/4.9_2015q3/bin/../lib/gcc/arm-none-eabi/4.9.3/armv7e-m/softfp\libgcc.a(_divdi3.o)
                0x0002939c                __divdi3
 .text          0x00029638      0x26c c:/siliconlabs/simplicitystudio/v4/developer/toolchains/gnu_arm/4.9_2015q3/bin/../lib/gcc/arm-none-eabi/4.9.3/armv7e-m/softfp\libgcc.a(_udivdi3.o)
                0x00029638                __udivdi3
 .text.exit     0x000298a4       0x20 c:/siliconlabs/simplicitystudio/v4/developer/toolchains/gnu_arm/4.9_2015q3/bin/../lib/gcc/arm-none-eabi/4.9.3/../../../../arm-none-eabi/lib/armv7e-m/softfp\libc.a(lib_a-exit.o)
                0x000298a4                exit
 .text.__libc_init_array
                0x000298c4       0x50 c:/siliconlabs/simplicitystudio/v4/developer/toolchains/gnu_arm/4.9_2015q3/bin/../lib/gcc/arm-none-eabi/4.9.3/../../../../arm-none-eabi/lib/armv7e-m/softfp\libc.a(lib_a-init.o)
                0x000298c4                __libc_init_array
 .text          0x00029914      0x134 c:/siliconlabs/simplicitystudio/v4/developer/toolchains/gnu_arm/4.9_2015q3/bin/../lib/gcc/arm-none-eabi/4.9.3/../../../../arm-none-eabi/lib/armv7e-m/softfp\libc.a(lib_a-memcpy.o)
                0x00029914                memcpy
 .text.memset   0x00029a48       0x9c c:/siliconlabs/simplicitystudio/v4/developer/toolchains/gnu_arm/4.9_2015q3/bin/../lib/gcc/arm-none-eabi/4.9.3/../../../../arm-none-eabi/lib/armv7e-m/softfp\libc.a(lib_a-memset.o)
                0x00029a48                memset
 .text.startup.register_fini
                0x00029ae4       0x14 c:/siliconlabs/simplicitystudio/v4/developer/toolchains/gnu_arm/4.9_2015q3/bin/../lib/gcc/arm-none-eabi/4.9.3/../../../../arm-none-eabi/lib/armv7e-m/softfp\libc.a(lib_a-__call_atexit.o)
 .text.__call_exitprocs
                0x00029af8       0xd4 c:/siliconlabs/simplicitystudio/v4/developer/toolchains/gnu_arm/4.9_2015q3/bin/../lib/gcc/arm-none-eabi/4.9.3/../../../../arm-none-eabi/lib/armv7e-m/softfp\libc.a(lib_a-__call_atexit.o)
                0x00029af8                __call_exitprocs
 .text.atexit   0x00029bcc        0xc c:/siliconlabs/simplicitystudio/v4/developer/toolchains/gnu_arm/4.9_2015q3/bin/../lib/gcc/arm-none-eabi/4.9.3/../../../../arm-none-eabi/lib/armv7e-m/softfp\libc.a(lib_a-atexit.o)
                0x00029bcc                atexit
 .text.__libc_fini_array
                0x00029bd8       0x2c c:/siliconlabs/simplicitystudio/v4/developer/toolchains/gnu_arm/4.9_2015q3/bin/../lib/gcc/arm-none-eabi/4.9.3/../../../../arm-none-eabi/lib/armv7e-m/softfp\libc.a(lib_a-fini.o)
                0x00029bd8                __libc_fini_array
 .text.__register_exitproc
                0x00029c04       0xa4 c:/siliconlabs/simplicitystudio/v4/developer/toolchains/gnu_arm/4.9_2015q3/bin/../lib/gcc/arm-none-eabi/4.9.3/../../../../arm-none-eabi/lib/armv7e-m/softfp\libc.a(lib_a-__atexit.o)
                0x00029c04                __register_exitproc
 .text._exit    0x00029ca8        0x4 c:/siliconlabs/simplicitystudio/v4/developer/toolchains/gnu_arm/4.9_2015q3/bin/../lib/gcc/arm-none-eabi/4.9.3/../../../../arm-none-eabi/lib/armv7e-m/softfp\libnosys.a(_exit.o)
                0x00029ca8                _exit
 *(.init)
 .init          0x00029cac        0x4 c:/siliconlabs/simplicitystudio/v4/developer/toolchains/gnu_arm/4.9_2015q3/bin/../lib/gcc/arm-none-eabi/4.9.3/armv7e-m/softfp/crti.o
                0x00029cac                _init
 .init          0x00029cb0        0x8 c:/siliconlabs/simplicitystudio/v4/developer/toolchains/gnu_arm/4.9_2015q3/bin/../lib/gcc/arm-none-eabi/4.9.3/armv7e-m/softfp/crtn.o
 *(.fini)
 .fini          0x00029cb8        0x4 c:/siliconlabs/simplicitystudio/v4/developer/toolchains/gnu_arm/4.9_2015q3/bin/../lib/gcc/arm-none-eabi/4.9.3/armv7e-m/softfp/crti.o
                0x00029cb8                _fini
 .fini          0x00029cbc        0x8 c:/siliconlabs/simplicitystudio/v4/developer/toolchains/gnu_arm/4.9_2015q3/bin/../lib/gcc/arm-none-eabi/4.9.3/armv7e-m/softfp/crtn.o
 *crtbegin.o(.ctors)
 *crtbegin?.o(.ctors)
 *(EXCLUDE_FILE(*crtend.o *crtend?.o) .ctors)
 *(SORT(.ctors.*))
 *(.ctors)
 *crtbegin.o(.dtors)
 *crtbegin?.o(.dtors)
 *(EXCLUDE_FILE(*crtend.o *crtend?.o) .dtors)
 *(SORT(.dtors.*))
 *(.dtors)
 *(.rodata*)
 .rodata        0x00029cc4        0xc ./main.o
 .rodata.config
                0x00029cd0       0xe8 ./main.o
 .rodata        0x00029db8        0x4 ./bgapi/dmadrv.o
 .rodata.i2cNSum
                0x00029dbc        0x4 ./emlib/em_i2c.o
 .rodata        0x00029dc0       0x60 ./src/InitDevice.o
 .rodata        0x00029e20       0x20 ./src/bq24160.o
 .rodata        0x00029e40       0x20 ./src/sk6812.o
 .rodata        0x00029e60       0x78 C:/SiliconLabs/SimplicityStudio/v4/developer/sdks/gecko_sdk_suite/v1.0//protocol/bluetooth_2.3/lib/EFR32BG1B/GCC/bgapi.a(gecko_bgapi_hardware.c.obj)
 .rodata        0x00029ed8       0x30 C:/SiliconLabs/SimplicityStudio/v4/developer/sdks/gecko_sdk_suite/v1.0//protocol/bluetooth_2.3/lib/EFR32BG1B/GCC/bgapi.a(gecko_bgapi_test.c.obj)
 .rodata        0x00029f08       0x18 C:/SiliconLabs/SimplicityStudio/v4/developer/sdks/gecko_sdk_suite/v1.0//protocol/bluetooth_2.3/lib/EFR32BG1B/GCC/bgapi.a(gecko_bgapi_util.c.obj)
 .rodata        0x00029f20       0x28 C:/SiliconLabs/SimplicityStudio/v4/developer/sdks/gecko_sdk_suite/v1.0//protocol/bluetooth_2.3/lib/EFR32BG1B/GCC/bgapi.a(gecko_bgapi_dfu.c.obj)
 .rodata        0x00029f48       0x70 C:/SiliconLabs/SimplicityStudio/v4/developer/sdks/gecko_sdk_suite/v1.0//protocol/bluetooth_2.3/lib/EFR32BG1B/GCC/bgapi.a(gecko_bgapi_gap.c.obj)
 .rodata        0x00029fb8       0xa0 C:/SiliconLabs/SimplicityStudio/v4/developer/sdks/gecko_sdk_suite/v1.0//protocol/bluetooth_2.3/lib/EFR32BG1B/GCC/bgapi.a(gecko_bgapi_gatt.c.obj)
 .rodata        0x0002a058       0x48 C:/SiliconLabs/SimplicityStudio/v4/developer/sdks/gecko_sdk_suite/v1.0//protocol/bluetooth_2.3/lib/EFR32BG1B/GCC/bgapi.a(gecko_bgapi_gatt_server.c.obj)
 .rodata        0x0002a0a0       0x30 C:/SiliconLabs/SimplicityStudio/v4/developer/sdks/gecko_sdk_suite/v1.0//protocol/bluetooth_2.3/lib/EFR32BG1B/GCC/bgapi.a(gecko_bgapi_flash.c.obj)
 .rodata        0x0002a0d0       0x80 C:/SiliconLabs/SimplicityStudio/v4/developer/sdks/gecko_sdk_suite/v1.0//protocol/bluetooth_2.3/lib/EFR32BG1B/GCC/bgapi.a(gecko_bgapi_sm.c.obj)
 .rodata        0x0002a150       0x38 C:/SiliconLabs/SimplicityStudio/v4/developer/sdks/gecko_sdk_suite/v1.0//protocol/bluetooth_2.3/lib/EFR32BG1B/GCC/bgapi.a(gecko_bgapi_system.c.obj)
 .rodata        0x0002a188       0x38 C:/SiliconLabs/SimplicityStudio/v4/developer/sdks/gecko_sdk_suite/v1.0//protocol/bluetooth_2.3/lib/EFR32BG1B/GCC/bgapi.a(gecko_bgapi_endpoint.c.obj)
 .rodata        0x0002a1c0       0x28 C:/SiliconLabs/SimplicityStudio/v4/developer/sdks/gecko_sdk_suite/v1.0//protocol/bluetooth_2.3/lib/EFR32BG1B/GCC/bgapi.a(gecko_bgapi_le_connection.c.obj)
 .rodata        0x0002a1e8       0x18 C:/SiliconLabs/SimplicityStudio/v4/developer/sdks/gecko_sdk_suite/v1.0//protocol/bluetooth_2.3/lib/EFR32BG1B/GCC/bgapi.a(bgapi_sm.c.obj)
 .rodata        0x0002a200       0x18 C:/SiliconLabs/SimplicityStudio/v4/developer/sdks/gecko_sdk_suite/v1.0//protocol/bluetooth_2.3/lib/EFR32BG1B/GCC/bgapi.a(adc.c.obj)
 .rodata        0x0002a218       0x40 C:/SiliconLabs/SimplicityStudio/v4/developer/sdks/gecko_sdk_suite/v1.0//protocol/bluetooth_2.3/lib/EFR32BG1B/GCC/bgapi.a(gpio.c.obj)
 .rodata        0x0002a258       0x10 C:/SiliconLabs/SimplicityStudio/v4/developer/sdks/gecko_sdk_suite/v1.0//protocol/bluetooth_2.3/lib/EFR32BG1B/GCC/bgapi.a(i2c.c.obj)
 .rodata        0x0002a268       0x60 C:/SiliconLabs/SimplicityStudio/v4/developer/sdks/gecko_sdk_suite/v1.0//protocol/bluetooth_2.3/lib/EFR32BG1B/GCC/bgapi.a(uart.c.obj)
 .rodata.str1.4
                0x0002a2c8        0x4 c:/siliconlabs/simplicitystudio/v4/developer/toolchains/gnu_arm/4.9_2015q3/bin/../lib/gcc/arm-none-eabi/4.9.3/../../../../arm-none-eabi/lib/armv7e-m/softfp\libc.a(lib_a-impure.o)
                                  0x2 (size before relaxing)
 .rodata._global_impure_ptr
                0x0002a2cc        0x4 c:/siliconlabs/simplicitystudio/v4/developer/toolchains/gnu_arm/4.9_2015q3/bin/../lib/gcc/arm-none-eabi/4.9.3/../../../../arm-none-eabi/lib/armv7e-m/softfp\libc.a(lib_a-impure.o)
                0x0002a2cc                _global_impure_ptr
 *(.eh_frame*)
 .eh_frame      0x0002a2d0        0x0 c:/siliconlabs/simplicitystudio/v4/developer/toolchains/gnu_arm/4.9_2015q3/bin/../lib/gcc/arm-none-eabi/4.9.3/armv7e-m/softfp/crtbegin.o
 .eh_frame      0x0002a2d0        0x4 c:/siliconlabs/simplicitystudio/v4/developer/toolchains/gnu_arm/4.9_2015q3/bin/../lib/gcc/arm-none-eabi/4.9.3/armv7e-m/softfp/crtend.o
                0x0002a2d4                . = ALIGN (0x4)

.glue_7         0x0002a2d4        0x0
 .glue_7        0x00000000        0x0 linker stubs

.glue_7t        0x0002a2d4        0x0
 .glue_7t       0x00000000        0x0 linker stubs

.vfp11_veneer   0x0002a2d4        0x0
 .vfp11_veneer  0x00000000        0x0 linker stubs

.v4_bx          0x0002a2d4        0x0
 .v4_bx         0x00000000        0x0 linker stubs

.iplt           0x0002a2d4        0x0
 .iplt          0x00000000        0x0 c:/siliconlabs/simplicitystudio/v4/developer/toolchains/gnu_arm/4.9_2015q3/bin/../lib/gcc/arm-none-eabi/4.9.3/armv7e-m/softfp/crtbegin.o

.igot.plt       0x0002a2d4        0x0
 .igot.plt      0x00000000        0x0 c:/siliconlabs/simplicitystudio/v4/developer/toolchains/gnu_arm/4.9_2015q3/bin/../lib/gcc/arm-none-eabi/4.9.3/armv7e-m/softfp/crtbegin.o

.text_app_ARM.extab
 *(.ARM.extab* .gnu.linkonce.armextab.*)
                0x0002a2d4                __exidx_start = .

.text_app_ARM.exidx
                0x0002a2d4        0x8
 *(.ARM.exidx* .gnu.linkonce.armexidx.*)
 .ARM.exidx     0x0002a2d4        0x8 c:/siliconlabs/simplicitystudio/v4/developer/toolchains/gnu_arm/4.9_2015q3/bin/../lib/gcc/arm-none-eabi/4.9.3/../../../../arm-none-eabi/lib/armv7e-m/softfp/crt0.o
 .ARM.exidx     0x0002a2dc        0x0 c:/siliconlabs/simplicitystudio/v4/developer/toolchains/gnu_arm/4.9_2015q3/bin/../lib/gcc/arm-none-eabi/4.9.3/armv7e-m/softfp\libgcc.a(_divdi3.o)
                                  0x8 (size before relaxing)
 .ARM.exidx     0x0002a2dc        0x0 c:/siliconlabs/simplicitystudio/v4/developer/toolchains/gnu_arm/4.9_2015q3/bin/../lib/gcc/arm-none-eabi/4.9.3/armv7e-m/softfp\libgcc.a(_udivdi3.o)
                                  0x8 (size before relaxing)
                0x0002a2dc                __exidx_end = .
                0x0002a2dc                __etext = .

.rel.dyn        0x0002a2dc        0x0
 .rel.iplt      0x00000000        0x0 c:/siliconlabs/simplicitystudio/v4/developer/toolchains/gnu_arm/4.9_2015q3/bin/../lib/gcc/arm-none-eabi/4.9.3/armv7e-m/softfp/crtbegin.o

.text_app_data  0x20003000      0x4a8 load address 0x0002a2dc
                0x20003000                __data_start__ = .
 *(vtable)
 *(.data*)
 .data.bg_gattdb_data_attribute_field_6_data
                0x20003000        0xa ./gatt_db.o
                0x20003000                bg_gattdb_data_attribute_field_6_data
 .data.toggle_led_strip.9309
                0x2000300a        0x1 ./main.o
 *fill*         0x2000300b        0x1 
 .data.auxHfrcoFreq
                0x2000300c        0x4 ./emlib/em_cmu.o
 .data.batt_lookup.6424
                0x20003010       0x28 ./src/ext_lion_battery.o
 .data.single_not_continuous
                0x20003038        0x1 ./src/led_strip_controller.o
 .data          0x20003039        0x1 C:/SiliconLabs/SimplicityStudio/v4/developer/sdks/gecko_sdk_suite/v1.0//protocol/bluetooth_2.3/lib/EFR32BG1B/GCC/bgapi.a(bgapi_endpoint.c.obj)
 *fill*         0x2000303a        0x2 
 .data          0x2000303c       0x30 C:/SiliconLabs/SimplicityStudio/v4/developer/sdks/gecko_sdk_suite/v1.0//protocol/bluetooth_2.3/lib/EFR32BG1B/GCC/bgapi.a(adc.c.obj)
 *fill*         0x2000306c        0x4 
 .data.impure_data
                0x20003070      0x428 c:/siliconlabs/simplicitystudio/v4/developer/toolchains/gnu_arm/4.9_2015q3/bin/../lib/gcc/arm-none-eabi/4.9.3/../../../../arm-none-eabi/lib/armv7e-m/softfp\libc.a(lib_a-impure.o)
                0x20003498                . = ALIGN (0x4)
 *(.ram)
                0x20003498                . = ALIGN (0x4)
                0x20003498                PROVIDE (__preinit_array_start, .)
 *(.preinit_array)
                0x20003498                PROVIDE (__preinit_array_end, .)
                0x20003498                . = ALIGN (0x4)
                0x20003498                PROVIDE (__init_array_start, .)
 *(SORT(.init_array.*))
 .init_array.00000
                0x20003498        0x4 c:/siliconlabs/simplicitystudio/v4/developer/toolchains/gnu_arm/4.9_2015q3/bin/../lib/gcc/arm-none-eabi/4.9.3/../../../../arm-none-eabi/lib/armv7e-m/softfp\libc.a(lib_a-__call_atexit.o)
 *(.init_array)
 .init_array    0x2000349c        0x4 c:/siliconlabs/simplicitystudio/v4/developer/toolchains/gnu_arm/4.9_2015q3/bin/../lib/gcc/arm-none-eabi/4.9.3/armv7e-m/softfp/crtbegin.o
                0x200034a0                PROVIDE (__init_array_end, .)
                0x200034a0                . = ALIGN (0x4)
                0x200034a0                PROVIDE (__fini_array_start, .)
 *(SORT(.fini_array.*))
 *(.fini_array)
 .fini_array    0x200034a0        0x4 c:/siliconlabs/simplicitystudio/v4/developer/toolchains/gnu_arm/4.9_2015q3/bin/../lib/gcc/arm-none-eabi/4.9.3/armv7e-m/softfp/crtbegin.o
                0x200034a4                PROVIDE (__fini_array_end, .)
 *(.jcr*)
 .jcr           0x200034a4        0x0 c:/siliconlabs/simplicitystudio/v4/developer/toolchains/gnu_arm/4.9_2015q3/bin/../lib/gcc/arm-none-eabi/4.9.3/armv7e-m/softfp/crtbegin.o
 .jcr           0x200034a4        0x4 c:/siliconlabs/simplicitystudio/v4/developer/toolchains/gnu_arm/4.9_2015q3/bin/../lib/gcc/arm-none-eabi/4.9.3/armv7e-m/softfp/crtend.o
                0x200034a8                . = ALIGN (0x4)
                0x200034a8                __data_end__ = .

.bss            0x200034a8     0x2274 load address 0x0002a784
                0x200034a8                . = ALIGN (0x4)
                0x200034a8                __bss_start__ = .
 *(.bss*)
 .bss           0x200034a8       0x1c c:/siliconlabs/simplicitystudio/v4/developer/toolchains/gnu_arm/4.9_2015q3/bin/../lib/gcc/arm-none-eabi/4.9.3/armv7e-m/softfp/crtbegin.o
 .bss.bg_gattdb_data_attribute_field_19_data
                0x200034c4        0x1 ./gatt_db.o
                0x200034c4                bg_gattdb_data_attribute_field_19_data
 *fill*         0x200034c5        0x3 
 .bss.bg_gattdb_data_attribute_field_2_data
                0x200034c8        0x4 ./gatt_db.o
                0x200034c8                bg_gattdb_data_attribute_field_2_data
 .bss.boot_to_dfu
                0x200034cc        0x1 ./main.o
                0x200034cc                boot_to_dfu
 .bss.batt_percentage.9316
                0x200034cd        0x1 ./main.o
 .bss.initialized
                0x200034ce        0x1 ./bgapi/dmadrv.o
 *fill*         0x200034cf        0x1 
 .bss.chTable   0x200034d0       0xa0 ./bgapi/dmadrv.o
 .bss.dmaXfer   0x20003570      0x100 ./bgapi/dmadrv.o
 .bss.errataFixDcdcHsState
                0x20003670        0x4 ./emlib/em_emu.o
 .bss.dcdcMaxCurrent_mA
                0x20003674        0x2 ./emlib/em_emu.o
 .bss.dcdcEm01LoadCurrent_mA
                0x20003676        0x2 ./emlib/em_emu.o
 .bss.dcdcReverseCurrentControl
                0x20003678        0x2 ./emlib/em_emu.o
 *fill*         0x2000367a        0x2 
 .bss.i2cTransfer
                0x2000367c       0x10 ./emlib/em_i2c.o
 .bss.pulsing_intensity
                0x2000368c        0x2 ./src/led_strip_controller.o
 .bss.cur_slide_led_index
                0x2000368e        0x1 ./src/led_strip_controller.o
 *fill*         0x2000368f        0x1 
 .bss.brightness_direction
                0x20003690        0x4 ./src/led_strip_controller.o
 .bss.cur_led_strip
                0x20003694        0x4 ./src/led_strip_controller.o
 .bss.slide_colour
                0x20003698        0x4 ./src/led_strip_controller.o
 .bss.ticks_per_bit_period
                0x2000369c        0x2 ./src/sk6812.o
 .bss.cc_ticks_for_bit_0
                0x2000369e        0x2 ./src/sk6812.o
 .bss.cc_ticks_for_bit_1
                0x200036a0        0x2 ./src/sk6812.o
 .bss.reset_period_ticks
                0x200036a2        0x2 ./src/sk6812.o
 .bss.total_bits_to_write
                0x200036a4        0x2 ./src/sk6812.o
 .bss.current_bit_to_write
                0x200036a6        0x2 ./src/sk6812.o
 .bss.cc_timings_buffer
                0x200036a8      0x5b8 ./src/sk6812.o
 .bss.busy      0x20003c60        0x1 ./src/sk6812.o
 *fill*         0x20003c61        0x3 
 .bss.dma_ch_id
                0x20003c64        0x4 ./src/sk6812.o
 .bss.callback  0x20003c68        0x4 ./src/timer.o
 .bss           0x20003c6c      0x100 C:/SiliconLabs/SimplicityStudio/v4/developer/sdks/gecko_sdk_suite/v1.0//protocol/bluetooth_2.3/lib/EFR32BG1B/GCC/bgapi.a(bgapi_hardware_lib.c.obj)
 .bss           0x20003d6c        0x4 C:/SiliconLabs/SimplicityStudio/v4/developer/sdks/gecko_sdk_suite/v1.0//protocol/bluetooth_2.3/lib/EFR32BG1B/GCC/bgapi.a(bgapi_hardware.c.obj)
 .bss           0x20003d70       0x10 C:/SiliconLabs/SimplicityStudio/v4/developer/sdks/gecko_sdk_suite/v1.0//protocol/bluetooth_2.3/lib/EFR32BG1B/GCC/bgapi.a(bgapi_util.c.obj)
 .bss           0x20003d80        0x2 C:/SiliconLabs/SimplicityStudio/v4/developer/sdks/gecko_sdk_suite/v1.0//protocol/bluetooth_2.3/lib/EFR32BG1B/GCC/bgapi.a(bgapi_gap.c.obj)
                0x20003d80                legacy_maxadv_events
 *fill*         0x20003d82        0x2 
 .bss           0x20003d84        0x4 C:/SiliconLabs/SimplicityStudio/v4/developer/sdks/gecko_sdk_suite/v1.0//protocol/bluetooth_2.3/lib/EFR32BG1B/GCC/bgapi.a(bgapi_sm.c.obj)
 .bss           0x20003d88        0xc C:/SiliconLabs/SimplicityStudio/v4/developer/sdks/gecko_sdk_suite/v1.0//protocol/bluetooth_2.3/lib/EFR32BG1B/GCC/bgapi.a(bgapi_endpoint.c.obj)
 .bss           0x20003d94        0x4 C:/SiliconLabs/SimplicityStudio/v4/developer/sdks/gecko_sdk_suite/v1.0//protocol/bluetooth_2.3/lib/EFR32BG1B/GCC/bgapi.a(adc.c.obj)
 .bss           0x20003d98        0x2 C:/SiliconLabs/SimplicityStudio/v4/developer/sdks/gecko_sdk_suite/v1.0//protocol/bluetooth_2.3/lib/EFR32BG1B/GCC/bgapi.a(i2c.c.obj)
 *fill*         0x20003d9a        0x2 
 .bss           0x20003d9c       0x2c C:/SiliconLabs/SimplicityStudio/v4/developer/sdks/gecko_sdk_suite/v1.0//protocol/bluetooth_2.3/lib/EFR32BG1B/GCC/bgapi.a(sleep_signal.c.obj)
                0x20003db0                sleep_signal_mask
                0x20003dc4                host_wakeup_signal_mask
 .bss           0x20003dc8       0x70 C:/SiliconLabs/SimplicityStudio/v4/developer/sdks/gecko_sdk_suite/v1.0//protocol/bluetooth_2.3/lib/EFR32BG1B/GCC/bgapi.a(uart.c.obj)
 *(COMMON)
 COMMON         0x20003e38     0x18d0 ./main.o
                0x20003e38                bluetooth_stack_heap
 COMMON         0x20005708        0x4 ./src/led_strip_controller.o
                0x20005708                strip_animation_state
 COMMON         0x2000570c        0xc C:/SiliconLabs/SimplicityStudio/v4/developer/sdks/gecko_sdk_suite/v1.0//protocol/bluetooth_2.3/lib/EFR32BG1B/GCC/bgapi.a(uart_endpoint.c.obj)
                0x2000570c                uarts
 COMMON         0x20005718        0x1 C:/SiliconLabs/SimplicityStudio/v4/developer/sdks/gecko_sdk_suite/v1.0//protocol/bluetooth_2.3/lib/EFR32BG1B/GCC/bgapi.a(gpio.c.obj)
                0x20005718                gpio_events
                0x2000571c                . = ALIGN (0x4)
 *fill*         0x20005719        0x3 
                0x2000571c                __bss_end__ = .

.heap           0x20005720      0xf00
                0x20005720                __HeapBase = .
                0x20005720                __end__ = .
                0x20005720                end = __end__
                0x20005720                _end = __end__
 *(.heap*)
 .heap          0x20005720      0xf00 ./device/EFR32_B_1_1_B/gcc/startup_efr32bg1b.o
                0x20006620                __HeapLimit = .

.stack_dummy    0x20006620      0x800
 *(.stack*)
 .stack         0x20006620      0x800 ./device/EFR32_B_1_1_B/gcc/startup_efr32bg1b.o
                0x20007bfc                __StackTop = (ORIGIN (RAM) + 0x4bfc)
                0x200073fc                __StackLimit = (__StackTop - SIZEOF (.stack_dummy))
                0x20007bfc                PROVIDE (__stack, __StackTop)
                0x00000001                ASSERT ((__StackLimit >= __HeapLimit), region RAM overflowed with stack)
OUTPUT(soc-thermometer.axf elf32-littlearm)

.ARM.attributes
                0x00000000       0x2e
 .ARM.attributes
                0x00000000       0x22 c:/siliconlabs/simplicitystudio/v4/developer/toolchains/gnu_arm/4.9_2015q3/bin/../lib/gcc/arm-none-eabi/4.9.3/armv7e-m/softfp/crti.o
 .ARM.attributes
                0x00000022       0x32 c:/siliconlabs/simplicitystudio/v4/developer/toolchains/gnu_arm/4.9_2015q3/bin/../lib/gcc/arm-none-eabi/4.9.3/armv7e-m/softfp/crtbegin.o
 .ARM.attributes
                0x00000054       0x20 c:/siliconlabs/simplicitystudio/v4/developer/toolchains/gnu_arm/4.9_2015q3/bin/../lib/gcc/arm-none-eabi/4.9.3/../../../../arm-none-eabi/lib/armv7e-m/softfp/crt0.o
 .ARM.attributes
                0x00000074       0x37 ./gatt_db.o
 .ARM.attributes
                0x000000ab       0x37 ./main.o
 .ARM.attributes
                0x000000e2       0x37 ./bgapi/dmadrv.o
 .ARM.attributes
                0x00000119       0x37 ./bgapi/em_adc.o
 .ARM.attributes
                0x00000150       0x37 ./bgapi/em_leuart.o
 .ARM.attributes
                0x00000187       0x37 ./device/EFR32_B_1_1_B/gcc/startup_efr32bg1b.o
 .ARM.attributes
                0x000001be       0x37 ./emlib/em_cmu.o
 .ARM.attributes
                0x000001f5       0x37 ./emlib/em_emu.o
 .ARM.attributes
                0x0000022c       0x37 ./emlib/em_gpio.o
 .ARM.attributes
                0x00000263       0x37 ./emlib/em_i2c.o
 .ARM.attributes
                0x0000029a       0x37 ./emlib/em_ldma.o
 .ARM.attributes
                0x000002d1       0x37 ./emlib/em_rtcc.o
 .ARM.attributes
                0x00000308       0x37 ./emlib/em_system.o
 .ARM.attributes
                0x0000033f       0x37 ./emlib/em_timer.o
 .ARM.attributes
                0x00000376       0x37 ./emlib/em_usart.o
 .ARM.attributes
                0x000003ad       0x37 ./kit/BRD4301A/i2cspm.o
 .ARM.attributes
                0x000003e4       0x37 ./src/InitDevice.o
 .ARM.attributes
                0x0000041b       0x37 ./src/bq24160.o
 .ARM.attributes
                0x00000452       0x37 ./src/ext_lion_battery.o
 .ARM.attributes
                0x00000489       0x37 ./src/led_strip_controller.o
 .ARM.attributes
                0x000004c0       0x37 ./src/sk6812.o
 .ARM.attributes
                0x000004f7       0x37 ./src/timer.o
 .ARM.attributes
                0x0000052e       0x1c C:/SiliconLabs/SimplicityStudio/v4/developer/sdks/gecko_sdk_suite/v1.0//protocol/bluetooth_2.3/lib/EFR32BG1B/EABI/binbootloader.o
 .ARM.attributes
                0x0000054a       0x37 C:/SiliconLabs/SimplicityStudio/v4/developer/sdks/gecko_sdk_suite/v1.0//protocol/bluetooth_2.3/lib/EFR32BG1B/GCC/bgapi.a(gecko_bgapi_hardware.c.obj)
 .ARM.attributes
                0x00000581       0x37 C:/SiliconLabs/SimplicityStudio/v4/developer/sdks/gecko_sdk_suite/v1.0//protocol/bluetooth_2.3/lib/EFR32BG1B/GCC/bgapi.a(gecko_bgapi_test.c.obj)
 .ARM.attributes
                0x000005b8       0x37 C:/SiliconLabs/SimplicityStudio/v4/developer/sdks/gecko_sdk_suite/v1.0//protocol/bluetooth_2.3/lib/EFR32BG1B/GCC/bgapi.a(gecko_bgapi_util.c.obj)
 .ARM.attributes
                0x000005ef       0x37 C:/SiliconLabs/SimplicityStudio/v4/developer/sdks/gecko_sdk_suite/v1.0//protocol/bluetooth_2.3/lib/EFR32BG1B/GCC/bgapi.a(gecko_bgapi_dfu.c.obj)
 .ARM.attributes
                0x00000626       0x37 C:/SiliconLabs/SimplicityStudio/v4/developer/sdks/gecko_sdk_suite/v1.0//protocol/bluetooth_2.3/lib/EFR32BG1B/GCC/bgapi.a(gecko_bgapi_gap.c.obj)
 .ARM.attributes
                0x0000065d       0x37 C:/SiliconLabs/SimplicityStudio/v4/developer/sdks/gecko_sdk_suite/v1.0//protocol/bluetooth_2.3/lib/EFR32BG1B/GCC/bgapi.a(gecko_bgapi_gatt.c.obj)
 .ARM.attributes
                0x00000694       0x37 C:/SiliconLabs/SimplicityStudio/v4/developer/sdks/gecko_sdk_suite/v1.0//protocol/bluetooth_2.3/lib/EFR32BG1B/GCC/bgapi.a(gecko_bgapi_gatt_server.c.obj)
 .ARM.attributes
                0x000006cb       0x37 C:/SiliconLabs/SimplicityStudio/v4/developer/sdks/gecko_sdk_suite/v1.0//protocol/bluetooth_2.3/lib/EFR32BG1B/GCC/bgapi.a(gecko_bgapi_flash.c.obj)
 .ARM.attributes
                0x00000702       0x37 C:/SiliconLabs/SimplicityStudio/v4/developer/sdks/gecko_sdk_suite/v1.0//protocol/bluetooth_2.3/lib/EFR32BG1B/GCC/bgapi.a(gecko_bgapi_sm.c.obj)
 .ARM.attributes
                0x00000739       0x37 C:/SiliconLabs/SimplicityStudio/v4/developer/sdks/gecko_sdk_suite/v1.0//protocol/bluetooth_2.3/lib/EFR32BG1B/GCC/bgapi.a(gecko_bgapi_system.c.obj)
 .ARM.attributes
                0x00000770       0x37 C:/SiliconLabs/SimplicityStudio/v4/developer/sdks/gecko_sdk_suite/v1.0//protocol/bluetooth_2.3/lib/EFR32BG1B/GCC/bgapi.a(gecko_bgapi_endpoint.c.obj)
 .ARM.attributes
                0x000007a7       0x37 C:/SiliconLabs/SimplicityStudio/v4/developer/sdks/gecko_sdk_suite/v1.0//protocol/bluetooth_2.3/lib/EFR32BG1B/GCC/bgapi.a(gecko_bgapi_le_connection.c.obj)
 .ARM.attributes
                0x000007de       0x37 C:/SiliconLabs/SimplicityStudio/v4/developer/sdks/gecko_sdk_suite/v1.0//protocol/bluetooth_2.3/lib/EFR32BG1B/GCC/bgapi.a(bgapi_hardware_lib.c.obj)
 .ARM.attributes
                0x00000815       0x37 C:/SiliconLabs/SimplicityStudio/v4/developer/sdks/gecko_sdk_suite/v1.0//protocol/bluetooth_2.3/lib/EFR32BG1B/GCC/bgapi.a(bgapi_hardware.c.obj)
 .ARM.attributes
                0x0000084c       0x37 C:/SiliconLabs/SimplicityStudio/v4/developer/sdks/gecko_sdk_suite/v1.0//protocol/bluetooth_2.3/lib/EFR32BG1B/GCC/bgapi.a(bgapi_test_lib.c.obj)
 .ARM.attributes
                0x00000883       0x37 C:/SiliconLabs/SimplicityStudio/v4/developer/sdks/gecko_sdk_suite/v1.0//protocol/bluetooth_2.3/lib/EFR32BG1B/GCC/bgapi.a(bgapi_util.c.obj)
 .ARM.attributes
                0x000008ba       0x37 C:/SiliconLabs/SimplicityStudio/v4/developer/sdks/gecko_sdk_suite/v1.0//protocol/bluetooth_2.3/lib/EFR32BG1B/GCC/bgapi.a(bgapi_dfu.c.obj)
 .ARM.attributes
                0x000008f1       0x37 C:/SiliconLabs/SimplicityStudio/v4/developer/sdks/gecko_sdk_suite/v1.0//protocol/bluetooth_2.3/lib/EFR32BG1B/GCC/bgapi.a(bgapi_gap.c.obj)
 .ARM.attributes
                0x00000928       0x37 C:/SiliconLabs/SimplicityStudio/v4/developer/sdks/gecko_sdk_suite/v1.0//protocol/bluetooth_2.3/lib/EFR32BG1B/GCC/bgapi.a(bgapi_gatt_lib.c.obj)
 .ARM.attributes
                0x0000095f       0x37 C:/SiliconLabs/SimplicityStudio/v4/developer/sdks/gecko_sdk_suite/v1.0//protocol/bluetooth_2.3/lib/EFR32BG1B/GCC/bgapi.a(bgapi_ps.c.obj)
 .ARM.attributes
                0x00000996       0x37 C:/SiliconLabs/SimplicityStudio/v4/developer/sdks/gecko_sdk_suite/v1.0//protocol/bluetooth_2.3/lib/EFR32BG1B/GCC/bgapi.a(bgapi_sm.c.obj)
 .ARM.attributes
                0x000009cd       0x37 C:/SiliconLabs/SimplicityStudio/v4/developer/sdks/gecko_sdk_suite/v1.0//protocol/bluetooth_2.3/lib/EFR32BG1B/GCC/bgapi.a(bgapi_system.c.obj)
 .ARM.attributes
                0x00000a04       0x37 C:/SiliconLabs/SimplicityStudio/v4/developer/sdks/gecko_sdk_suite/v1.0//protocol/bluetooth_2.3/lib/EFR32BG1B/GCC/bgapi.a(bgapi_endpoint.c.obj)
 .ARM.attributes
                0x00000a3b       0x37 C:/SiliconLabs/SimplicityStudio/v4/developer/sdks/gecko_sdk_suite/v1.0//protocol/bluetooth_2.3/lib/EFR32BG1B/GCC/bgapi.a(bgapi_le_connection.c.obj)
 .ARM.attributes
                0x00000a72       0x37 C:/SiliconLabs/SimplicityStudio/v4/developer/sdks/gecko_sdk_suite/v1.0//protocol/bluetooth_2.3/lib/EFR32BG1B/GCC/bgapi.a(uart_endpoint.c.obj)
 .ARM.attributes
                0x00000aa9       0x37 C:/SiliconLabs/SimplicityStudio/v4/developer/sdks/gecko_sdk_suite/v1.0//protocol/bluetooth_2.3/lib/EFR32BG1B/GCC/bgapi.a(bgapi_endpoint.c.obj)
 .ARM.attributes
                0x00000ae0       0x37 C:/SiliconLabs/SimplicityStudio/v4/developer/sdks/gecko_sdk_suite/v1.0//protocol/bluetooth_2.3/lib/EFR32BG1B/GCC/bgapi.a(adc.c.obj)
 .ARM.attributes
                0x00000b17       0x37 C:/SiliconLabs/SimplicityStudio/v4/developer/sdks/gecko_sdk_suite/v1.0//protocol/bluetooth_2.3/lib/EFR32BG1B/GCC/bgapi.a(gpio.c.obj)
 .ARM.attributes
                0x00000b4e       0x37 C:/SiliconLabs/SimplicityStudio/v4/developer/sdks/gecko_sdk_suite/v1.0//protocol/bluetooth_2.3/lib/EFR32BG1B/GCC/bgapi.a(i2c.c.obj)
 .ARM.attributes
                0x00000b85       0x37 C:/SiliconLabs/SimplicityStudio/v4/developer/sdks/gecko_sdk_suite/v1.0//protocol/bluetooth_2.3/lib/EFR32BG1B/GCC/bgapi.a(sleep_signal.c.obj)
 .ARM.attributes
                0x00000bbc       0x37 C:/SiliconLabs/SimplicityStudio/v4/developer/sdks/gecko_sdk_suite/v1.0//protocol/bluetooth_2.3/lib/EFR32BG1B/GCC/bgapi.a(uart.c.obj)
 .ARM.attributes
                0x00000bf3       0x1c C:/SiliconLabs/SimplicityStudio/v4/developer/sdks/gecko_sdk_suite/v1.0//protocol/bluetooth_2.3/lib/EFR32BG1B/EABI/binstack.o
 .ARM.attributes
                0x00000c0f       0x22 c:/siliconlabs/simplicitystudio/v4/developer/toolchains/gnu_arm/4.9_2015q3/bin/../lib/gcc/arm-none-eabi/4.9.3/armv7e-m/softfp\libgcc.a(_aeabi_uldivmod.o)
 .ARM.attributes
                0x00000c31       0x32 c:/siliconlabs/simplicitystudio/v4/developer/toolchains/gnu_arm/4.9_2015q3/bin/../lib/gcc/arm-none-eabi/4.9.3/armv7e-m/softfp\libgcc.a(bpabi.o)
 .ARM.attributes
                0x00000c63       0x22 c:/siliconlabs/simplicitystudio/v4/developer/toolchains/gnu_arm/4.9_2015q3/bin/../lib/gcc/arm-none-eabi/4.9.3/armv7e-m/softfp\libgcc.a(_dvmd_tls.o)
 .ARM.attributes
                0x00000c85       0x32 c:/siliconlabs/simplicitystudio/v4/developer/toolchains/gnu_arm/4.9_2015q3/bin/../lib/gcc/arm-none-eabi/4.9.3/armv7e-m/softfp\libgcc.a(_divdi3.o)
 .ARM.attributes
                0x00000cb7       0x32 c:/siliconlabs/simplicitystudio/v4/developer/toolchains/gnu_arm/4.9_2015q3/bin/../lib/gcc/arm-none-eabi/4.9.3/armv7e-m/softfp\libgcc.a(_udivdi3.o)
 .ARM.attributes
                0x00000ce9       0x32 c:/siliconlabs/simplicitystudio/v4/developer/toolchains/gnu_arm/4.9_2015q3/bin/../lib/gcc/arm-none-eabi/4.9.3/../../../../arm-none-eabi/lib/armv7e-m/softfp\libc.a(lib_a-exit.o)
 .ARM.attributes
                0x00000d1b       0x32 c:/siliconlabs/simplicitystudio/v4/developer/toolchains/gnu_arm/4.9_2015q3/bin/../lib/gcc/arm-none-eabi/4.9.3/../../../../arm-none-eabi/lib/armv7e-m/softfp\libc.a(lib_a-impure.o)
 .ARM.attributes
                0x00000d4d       0x32 c:/siliconlabs/simplicitystudio/v4/developer/toolchains/gnu_arm/4.9_2015q3/bin/../lib/gcc/arm-none-eabi/4.9.3/../../../../arm-none-eabi/lib/armv7e-m/softfp\libc.a(lib_a-init.o)
 .ARM.attributes
                0x00000d7f       0x20 c:/siliconlabs/simplicitystudio/v4/developer/toolchains/gnu_arm/4.9_2015q3/bin/../lib/gcc/arm-none-eabi/4.9.3/../../../../arm-none-eabi/lib/armv7e-m/softfp\libc.a(lib_a-memcpy.o)
 .ARM.attributes
                0x00000d9f       0x32 c:/siliconlabs/simplicitystudio/v4/developer/toolchains/gnu_arm/4.9_2015q3/bin/../lib/gcc/arm-none-eabi/4.9.3/../../../../arm-none-eabi/lib/armv7e-m/softfp\libc.a(lib_a-memset.o)
 .ARM.attributes
                0x00000dd1       0x32 c:/siliconlabs/simplicitystudio/v4/developer/toolchains/gnu_arm/4.9_2015q3/bin/../lib/gcc/arm-none-eabi/4.9.3/../../../../arm-none-eabi/lib/armv7e-m/softfp\libc.a(lib_a-__call_atexit.o)
 .ARM.attributes
                0x00000e03       0x32 c:/siliconlabs/simplicitystudio/v4/developer/toolchains/gnu_arm/4.9_2015q3/bin/../lib/gcc/arm-none-eabi/4.9.3/../../../../arm-none-eabi/lib/armv7e-m/softfp\libc.a(lib_a-atexit.o)
 .ARM.attributes
                0x00000e35       0x32 c:/siliconlabs/simplicitystudio/v4/developer/toolchains/gnu_arm/4.9_2015q3/bin/../lib/gcc/arm-none-eabi/4.9.3/../../../../arm-none-eabi/lib/armv7e-m/softfp\libc.a(lib_a-fini.o)
 .ARM.attributes
                0x00000e67       0x32 c:/siliconlabs/simplicitystudio/v4/developer/toolchains/gnu_arm/4.9_2015q3/bin/../lib/gcc/arm-none-eabi/4.9.3/../../../../arm-none-eabi/lib/armv7e-m/softfp\libc.a(lib_a-__atexit.o)
 .ARM.attributes
                0x00000e99       0x32 c:/siliconlabs/simplicitystudio/v4/developer/toolchains/gnu_arm/4.9_2015q3/bin/../lib/gcc/arm-none-eabi/4.9.3/../../../../arm-none-eabi/lib/armv7e-m/softfp\libnosys.a(_exit.o)
 .ARM.attributes
                0x00000ecb       0x32 c:/siliconlabs/simplicitystudio/v4/developer/toolchains/gnu_arm/4.9_2015q3/bin/../lib/gcc/arm-none-eabi/4.9.3/armv7e-m/softfp/crtend.o
 .ARM.attributes
                0x00000efd       0x22 c:/siliconlabs/simplicitystudio/v4/developer/toolchains/gnu_arm/4.9_2015q3/bin/../lib/gcc/arm-none-eabi/4.9.3/armv7e-m/softfp/crtn.o

.comment        0x00000000       0xde
 .comment       0x00000000       0x70 ./gatt_db.o
                                 0x71 (size before relaxing)
 .comment       0x00000000       0x71 ./main.o
 .comment       0x00000000       0x71 ./bgapi/dmadrv.o
 .comment       0x00000000       0x71 ./bgapi/em_adc.o
 .comment       0x00000000       0x71 ./bgapi/em_leuart.o
 .comment       0x00000000       0x71 ./device/EFR32_B_1_1_B/gcc/startup_efr32bg1b.o
 .comment       0x00000000       0x71 ./emlib/em_cmu.o
 .comment       0x00000000       0x71 ./emlib/em_emu.o
 .comment       0x00000000       0x71 ./emlib/em_gpio.o
 .comment       0x00000000       0x71 ./emlib/em_i2c.o
 .comment       0x00000000       0x71 ./emlib/em_ldma.o
 .comment       0x00000000       0x71 ./emlib/em_rtcc.o
 .comment       0x00000000       0x71 ./emlib/em_system.o
 .comment       0x00000000       0x71 ./emlib/em_timer.o
 .comment       0x00000000       0x71 ./emlib/em_usart.o
 .comment       0x00000000       0x71 ./kit/BRD4301A/i2cspm.o
 .comment       0x00000000       0x71 ./src/InitDevice.o
 .comment       0x00000000       0x71 ./src/bq24160.o
 .comment       0x00000000       0x71 ./src/ext_lion_battery.o
 .comment       0x00000000       0x71 ./src/led_strip_controller.o
 .comment       0x00000000       0x71 ./src/sk6812.o
 .comment       0x00000000       0x71 ./src/timer.o
 .comment       0x00000070       0x6e C:/SiliconLabs/SimplicityStudio/v4/developer/sdks/gecko_sdk_suite/v1.0//protocol/bluetooth_2.3/lib/EFR32BG1B/GCC/bgapi.a(gecko_bgapi_hardware.c.obj)
                                 0x6f (size before relaxing)
 .comment       0x00000000       0x6f C:/SiliconLabs/SimplicityStudio/v4/developer/sdks/gecko_sdk_suite/v1.0//protocol/bluetooth_2.3/lib/EFR32BG1B/GCC/bgapi.a(gecko_bgapi_test.c.obj)
 .comment       0x00000000       0x6f C:/SiliconLabs/SimplicityStudio/v4/developer/sdks/gecko_sdk_suite/v1.0//protocol/bluetooth_2.3/lib/EFR32BG1B/GCC/bgapi.a(gecko_bgapi_util.c.obj)
 .comment       0x00000000       0x6f C:/SiliconLabs/SimplicityStudio/v4/developer/sdks/gecko_sdk_suite/v1.0//protocol/bluetooth_2.3/lib/EFR32BG1B/GCC/bgapi.a(gecko_bgapi_dfu.c.obj)
 .comment       0x00000000       0x6f C:/SiliconLabs/SimplicityStudio/v4/developer/sdks/gecko_sdk_suite/v1.0//protocol/bluetooth_2.3/lib/EFR32BG1B/GCC/bgapi.a(gecko_bgapi_gap.c.obj)
 .comment       0x00000000       0x6f C:/SiliconLabs/SimplicityStudio/v4/developer/sdks/gecko_sdk_suite/v1.0//protocol/bluetooth_2.3/lib/EFR32BG1B/GCC/bgapi.a(gecko_bgapi_gatt.c.obj)
 .comment       0x00000000       0x6f C:/SiliconLabs/SimplicityStudio/v4/developer/sdks/gecko_sdk_suite/v1.0//protocol/bluetooth_2.3/lib/EFR32BG1B/GCC/bgapi.a(gecko_bgapi_gatt_server.c.obj)
 .comment       0x00000000       0x6f C:/SiliconLabs/SimplicityStudio/v4/developer/sdks/gecko_sdk_suite/v1.0//protocol/bluetooth_2.3/lib/EFR32BG1B/GCC/bgapi.a(gecko_bgapi_flash.c.obj)
 .comment       0x00000000       0x6f C:/SiliconLabs/SimplicityStudio/v4/developer/sdks/gecko_sdk_suite/v1.0//protocol/bluetooth_2.3/lib/EFR32BG1B/GCC/bgapi.a(gecko_bgapi_sm.c.obj)
 .comment       0x00000000       0x6f C:/SiliconLabs/SimplicityStudio/v4/developer/sdks/gecko_sdk_suite/v1.0//protocol/bluetooth_2.3/lib/EFR32BG1B/GCC/bgapi.a(gecko_bgapi_system.c.obj)
 .comment       0x00000000       0x6f C:/SiliconLabs/SimplicityStudio/v4/developer/sdks/gecko_sdk_suite/v1.0//protocol/bluetooth_2.3/lib/EFR32BG1B/GCC/bgapi.a(gecko_bgapi_endpoint.c.obj)
 .comment       0x00000000       0x6f C:/SiliconLabs/SimplicityStudio/v4/developer/sdks/gecko_sdk_suite/v1.0//protocol/bluetooth_2.3/lib/EFR32BG1B/GCC/bgapi.a(gecko_bgapi_le_connection.c.obj)
 .comment       0x00000000       0x6f C:/SiliconLabs/SimplicityStudio/v4/developer/sdks/gecko_sdk_suite/v1.0//protocol/bluetooth_2.3/lib/EFR32BG1B/GCC/bgapi.a(bgapi_hardware_lib.c.obj)
 .comment       0x00000000       0x6f C:/SiliconLabs/SimplicityStudio/v4/developer/sdks/gecko_sdk_suite/v1.0//protocol/bluetooth_2.3/lib/EFR32BG1B/GCC/bgapi.a(bgapi_hardware.c.obj)
 .comment       0x00000000       0x6f C:/SiliconLabs/SimplicityStudio/v4/developer/sdks/gecko_sdk_suite/v1.0//protocol/bluetooth_2.3/lib/EFR32BG1B/GCC/bgapi.a(bgapi_test_lib.c.obj)
 .comment       0x00000000       0x6f C:/SiliconLabs/SimplicityStudio/v4/developer/sdks/gecko_sdk_suite/v1.0//protocol/bluetooth_2.3/lib/EFR32BG1B/GCC/bgapi.a(bgapi_util.c.obj)
 .comment       0x00000000       0x6f C:/SiliconLabs/SimplicityStudio/v4/developer/sdks/gecko_sdk_suite/v1.0//protocol/bluetooth_2.3/lib/EFR32BG1B/GCC/bgapi.a(bgapi_dfu.c.obj)
 .comment       0x00000000       0x6f C:/SiliconLabs/SimplicityStudio/v4/developer/sdks/gecko_sdk_suite/v1.0//protocol/bluetooth_2.3/lib/EFR32BG1B/GCC/bgapi.a(bgapi_gap.c.obj)
 .comment       0x00000000       0x6f C:/SiliconLabs/SimplicityStudio/v4/developer/sdks/gecko_sdk_suite/v1.0//protocol/bluetooth_2.3/lib/EFR32BG1B/GCC/bgapi.a(bgapi_gatt_lib.c.obj)
 .comment       0x00000000       0x6f C:/SiliconLabs/SimplicityStudio/v4/developer/sdks/gecko_sdk_suite/v1.0//protocol/bluetooth_2.3/lib/EFR32BG1B/GCC/bgapi.a(bgapi_ps.c.obj)
 .comment       0x00000000       0x6f C:/SiliconLabs/SimplicityStudio/v4/developer/sdks/gecko_sdk_suite/v1.0//protocol/bluetooth_2.3/lib/EFR32BG1B/GCC/bgapi.a(bgapi_sm.c.obj)
 .comment       0x00000000       0x6f C:/SiliconLabs/SimplicityStudio/v4/developer/sdks/gecko_sdk_suite/v1.0//protocol/bluetooth_2.3/lib/EFR32BG1B/GCC/bgapi.a(bgapi_system.c.obj)
 .comment       0x00000000       0x6f C:/SiliconLabs/SimplicityStudio/v4/developer/sdks/gecko_sdk_suite/v1.0//protocol/bluetooth_2.3/lib/EFR32BG1B/GCC/bgapi.a(bgapi_endpoint.c.obj)
 .comment       0x00000000       0x6f C:/SiliconLabs/SimplicityStudio/v4/developer/sdks/gecko_sdk_suite/v1.0//protocol/bluetooth_2.3/lib/EFR32BG1B/GCC/bgapi.a(bgapi_le_connection.c.obj)
 .comment       0x00000000       0x6f C:/SiliconLabs/SimplicityStudio/v4/developer/sdks/gecko_sdk_suite/v1.0//protocol/bluetooth_2.3/lib/EFR32BG1B/GCC/bgapi.a(uart_endpoint.c.obj)
 .comment       0x00000000       0x6f C:/SiliconLabs/SimplicityStudio/v4/developer/sdks/gecko_sdk_suite/v1.0//protocol/bluetooth_2.3/lib/EFR32BG1B/GCC/bgapi.a(bgapi_endpoint.c.obj)
 .comment       0x00000000       0x6f C:/SiliconLabs/SimplicityStudio/v4/developer/sdks/gecko_sdk_suite/v1.0//protocol/bluetooth_2.3/lib/EFR32BG1B/GCC/bgapi.a(adc.c.obj)
 .comment       0x00000000       0x6f C:/SiliconLabs/SimplicityStudio/v4/developer/sdks/gecko_sdk_suite/v1.0//protocol/bluetooth_2.3/lib/EFR32BG1B/GCC/bgapi.a(gpio.c.obj)
 .comment       0x00000000       0x6f C:/SiliconLabs/SimplicityStudio/v4/developer/sdks/gecko_sdk_suite/v1.0//protocol/bluetooth_2.3/lib/EFR32BG1B/GCC/bgapi.a(i2c.c.obj)
 .comment       0x00000000       0x6f C:/SiliconLabs/SimplicityStudio/v4/developer/sdks/gecko_sdk_suite/v1.0//protocol/bluetooth_2.3/lib/EFR32BG1B/GCC/bgapi.a(sleep_signal.c.obj)
 .comment       0x00000000       0x6f C:/SiliconLabs/SimplicityStudio/v4/developer/sdks/gecko_sdk_suite/v1.0//protocol/bluetooth_2.3/lib/EFR32BG1B/GCC/bgapi.a(uart.c.obj)

.debug_info     0x00000000    0x15a2d
 .debug_info    0x00000000      0x588 ./gatt_db.o
 .debug_info    0x00000588     0x4f9d ./main.o
 .debug_info    0x00005525     0x13f4 ./bgapi/dmadrv.o
 .debug_info    0x00006919     0x1a47 ./bgapi/em_adc.o
 .debug_info    0x00008360      0x800 ./bgapi/em_leuart.o
 .debug_info    0x00008b60      0x1b0 ./device/EFR32_B_1_1_B/gcc/startup_efr32bg1b.o
 .debug_info    0x00008d10     0x1adb ./emlib/em_cmu.o
 .debug_info    0x0000a7eb     0x1ef0 ./emlib/em_emu.o
 .debug_info    0x0000c6db      0xa02 ./emlib/em_gpio.o
 .debug_info    0x0000d0dd      0x8cd ./emlib/em_i2c.o
 .debug_info    0x0000d9aa     0x1104 ./emlib/em_ldma.o
 .debug_info    0x0000eaae      0x6b4 ./emlib/em_rtcc.o
 .debug_info    0x0000f162      0x26c ./emlib/em_system.o
 .debug_info    0x0000f3ce      0x951 ./emlib/em_timer.o
 .debug_info    0x0000fd1f     0x1021 ./emlib/em_usart.o
 .debug_info    0x00010d40      0x952 ./kit/BRD4301A/i2cspm.o
 .debug_info    0x00011692     0x19df ./src/InitDevice.o
 .debug_info    0x00013071      0x4b2 ./src/bq24160.o
 .debug_info    0x00013523     0x11a4 ./src/ext_lion_battery.o
 .debug_info    0x000146c7      0x3a1 ./src/led_strip_controller.o
 .debug_info    0x00014a68      0xef3 ./src/sk6812.o
 .debug_info    0x0001595b       0xd2 ./src/timer.o

.debug_abbrev   0x00000000     0x27d0
 .debug_abbrev  0x00000000       0xbd ./gatt_db.o
 .debug_abbrev  0x000000bd      0x2ac ./main.o
 .debug_abbrev  0x00000369      0x25d ./bgapi/dmadrv.o
 .debug_abbrev  0x000005c6      0x221 ./bgapi/em_adc.o
 .debug_abbrev  0x000007e7      0x1c6 ./bgapi/em_leuart.o
 .debug_abbrev  0x000009ad       0xd9 ./device/EFR32_B_1_1_B/gcc/startup_efr32bg1b.o
 .debug_abbrev  0x00000a86      0x305 ./emlib/em_cmu.o
 .debug_abbrev  0x00000d8b      0x324 ./emlib/em_emu.o
 .debug_abbrev  0x000010af      0x1e7 ./emlib/em_gpio.o
 .debug_abbrev  0x00001296      0x257 ./emlib/em_i2c.o
 .debug_abbrev  0x000014ed      0x262 ./emlib/em_ldma.o
 .debug_abbrev  0x0000174f      0x175 ./emlib/em_rtcc.o
 .debug_abbrev  0x000018c4       0xfa ./emlib/em_system.o
 .debug_abbrev  0x000019be      0x181 ./emlib/em_timer.o
 .debug_abbrev  0x00001b3f      0x207 ./emlib/em_usart.o
 .debug_abbrev  0x00001d46      0x1c4 ./kit/BRD4301A/i2cspm.o
 .debug_abbrev  0x00001f0a      0x1d0 ./src/InitDevice.o
 .debug_abbrev  0x000020da      0x165 ./src/bq24160.o
 .debug_abbrev  0x0000223f      0x197 ./src/ext_lion_battery.o
 .debug_abbrev  0x000023d6      0x15f ./src/led_strip_controller.o
 .debug_abbrev  0x00002535      0x202 ./src/sk6812.o
 .debug_abbrev  0x00002737       0x99 ./src/timer.o

.debug_aranges  0x00000000      0xaf8
 .debug_aranges
                0x00000000       0x18 ./gatt_db.o
 .debug_aranges
                0x00000018       0x70 ./main.o
 .debug_aranges
                0x00000088       0xa0 ./bgapi/dmadrv.o
 .debug_aranges
                0x00000128       0x98 ./bgapi/em_adc.o
 .debug_aranges
                0x000001c0       0x88 ./bgapi/em_leuart.o
 .debug_aranges
                0x00000248       0x28 ./device/EFR32_B_1_1_B/gcc/startup_efr32bg1b.o
 .debug_aranges
                0x00000270      0x190 ./emlib/em_cmu.o
 .debug_aranges
                0x00000400      0x178 ./emlib/em_emu.o
 .debug_aranges
                0x00000578       0x88 ./emlib/em_gpio.o
 .debug_aranges
                0x00000600       0x70 ./emlib/em_i2c.o
 .debug_aranges
                0x00000670       0x80 ./emlib/em_ldma.o
 .debug_aranges
                0x000006f0       0x50 ./emlib/em_rtcc.o
 .debug_aranges
                0x00000740       0x28 ./emlib/em_system.o
 .debug_aranges
                0x00000768       0x58 ./emlib/em_timer.o
 .debug_aranges
                0x000007c0       0xd0 ./emlib/em_usart.o
 .debug_aranges
                0x00000890       0x40 ./kit/BRD4301A/i2cspm.o
 .debug_aranges
                0x000008d0       0xe0 ./src/InitDevice.o
 .debug_aranges
                0x000009b0       0x30 ./src/bq24160.o
 .debug_aranges
                0x000009e0       0x40 ./src/ext_lion_battery.o
 .debug_aranges
                0x00000a20       0x48 ./src/led_strip_controller.o
 .debug_aranges
                0x00000a68       0x68 ./src/sk6812.o
 .debug_aranges
                0x00000ad0       0x28 ./src/timer.o

.debug_line     0x00000000     0x6903
 .debug_line    0x00000000      0x1a2 ./gatt_db.o
 .debug_line    0x000001a2      0x63e ./main.o
 .debug_line    0x000007e0      0x611 ./bgapi/dmadrv.o
 .debug_line    0x00000df1      0x563 ./bgapi/em_adc.o
 .debug_line    0x00001354      0x450 ./bgapi/em_leuart.o
 .debug_line    0x000017a4      0x1ca ./device/EFR32_B_1_1_B/gcc/startup_efr32bg1b.o
 .debug_line    0x0000196e      0xadc ./emlib/em_cmu.o
 .debug_line    0x0000244a      0xbc9 ./emlib/em_emu.o
 .debug_line    0x00003013      0x527 ./emlib/em_gpio.o
 .debug_line    0x0000353a      0x4c0 ./emlib/em_i2c.o
 .debug_line    0x000039fa      0x488 ./emlib/em_ldma.o
 .debug_line    0x00003e82      0x3e2 ./emlib/em_rtcc.o
 .debug_line    0x00004264      0x314 ./emlib/em_system.o
 .debug_line    0x00004578      0x5bd ./emlib/em_timer.o
 .debug_line    0x00004b35      0x650 ./emlib/em_usart.o
 .debug_line    0x00005185      0x411 ./kit/BRD4301A/i2cspm.o
 .debug_line    0x00005596      0x5d2 ./src/InitDevice.o
 .debug_line    0x00005b68      0x348 ./src/bq24160.o
 .debug_line    0x00005eb0      0x310 ./src/ext_lion_battery.o
 .debug_line    0x000061c0      0x222 ./src/led_strip_controller.o
 .debug_line    0x000063e2      0x4c4 ./src/sk6812.o
 .debug_line    0x000068a6       0x5d ./src/timer.o

.debug_str      0x00000000     0xe8b5
 .debug_str     0x00000000      0x736 ./gatt_db.o
                                0x791 (size before relaxing)
 .debug_str     0x00000736     0x648b ./main.o
                               0x6ad2 (size before relaxing)
 .debug_str     0x00006bc1      0xe46 ./bgapi/dmadrv.o
                               0x10c6 (size before relaxing)
 .debug_str     0x00007a07     0x2623 ./bgapi/em_adc.o
                               0x2a57 (size before relaxing)
 .debug_str     0x0000a02a      0x31d ./bgapi/em_leuart.o
                                0x715 (size before relaxing)
 .debug_str     0x0000a347       0xec ./device/EFR32_B_1_1_B/gcc/startup_efr32bg1b.o
                                0x2a1 (size before relaxing)
 .debug_str     0x0000a433      0xc60 ./emlib/em_cmu.o
                               0x1348 (size before relaxing)
 .debug_str     0x0000b093      0xe62 ./emlib/em_emu.o
                               0x17e5 (size before relaxing)
 .debug_str     0x0000bef5      0x1fa ./emlib/em_gpio.o
                                0x82e (size before relaxing)
 .debug_str     0x0000c0ef      0x36b ./emlib/em_i2c.o
                                0x7d3 (size before relaxing)
 .debug_str     0x0000c45a      0x327 ./emlib/em_ldma.o
                                0xa7d (size before relaxing)
 .debug_str     0x0000c781      0x5cd ./emlib/em_rtcc.o
                                0x7f6 (size before relaxing)
 .debug_str     0x0000cd4e      0x104 ./emlib/em_system.o
                                0x2fb (size before relaxing)
 .debug_str     0x0000ce52      0x7a6 ./emlib/em_timer.o
                                0x9d1 (size before relaxing)
 .debug_str     0x0000d5f8      0x95c ./emlib/em_usart.o
                                0xe34 (size before relaxing)
 .debug_str     0x0000df54      0x109 ./kit/BRD4301A/i2cspm.o
                                0x930 (size before relaxing)
 .debug_str     0x0000e05d      0x383 ./src/InitDevice.o
                               0x192e (size before relaxing)
 .debug_str     0x0000e3e0       0x54 ./src/bq24160.o
                                0x4ca (size before relaxing)
 .debug_str     0x0000e434       0xfe ./src/ext_lion_battery.o
                               0x2592 (size before relaxing)
 .debug_str     0x0000e532      0x1a1 ./src/led_strip_controller.o
                                0x411 (size before relaxing)
 .debug_str     0x0000e6d3      0x194 ./src/sk6812.o
                               0x1421 (size before relaxing)
 .debug_str     0x0000e867       0x4e ./src/timer.o
                                0x218 (size before relaxing)

.debug_loc      0x00000000     0x5a72
 .debug_loc     0x00000000      0x364 ./main.o
 .debug_loc     0x00000364      0x568 ./bgapi/dmadrv.o
 .debug_loc     0x000008cc      0x560 ./bgapi/em_adc.o
 .debug_loc     0x00000e2c      0x49c ./bgapi/em_leuart.o
 .debug_loc     0x000012c8       0x64 ./device/EFR32_B_1_1_B/gcc/startup_efr32bg1b.o
 .debug_loc     0x0000132c      0xf1c ./emlib/em_cmu.o
 .debug_loc     0x00002248      0xd86 ./emlib/em_emu.o
 .debug_loc     0x00002fce      0x4b4 ./emlib/em_gpio.o
 .debug_loc     0x00003482      0x3ac ./emlib/em_i2c.o
 .debug_loc     0x0000382e      0x434 ./emlib/em_ldma.o
 .debug_loc     0x00003c62      0x23c ./emlib/em_rtcc.o
 .debug_loc     0x00003e9e       0xb8 ./emlib/em_system.o
 .debug_loc     0x00003f56      0x2b0 ./emlib/em_timer.o
 .debug_loc     0x00004206      0x7da ./emlib/em_usart.o
 .debug_loc     0x000049e0      0x19c ./kit/BRD4301A/i2cspm.o