Archive member included because of file (symbol)

C:/SiliconLabs/SimplicityStudio/v4/developer/sdks/gecko_sdk_suite/v1.0//protocol/bluetooth_2.3/lib/EFR32BG1B/GCC/bgapi.a(gecko_bgapi_hardware.c.obj)
                              ./main.o (gecko_bgapi_class_hardware_init)
C:/SiliconLabs/SimplicityStudio/v4/developer/sdks/gecko_sdk_suite/v1.0//protocol/bluetooth_2.3/lib/EFR32BG1B/GCC/bgapi.a(gecko_bgapi_test.c.obj)
                              ./main.o (gecko_bgapi_class_test_init)
C:/SiliconLabs/SimplicityStudio/v4/developer/sdks/gecko_sdk_suite/v1.0//protocol/bluetooth_2.3/lib/EFR32BG1B/GCC/bgapi.a(gecko_bgapi_util.c.obj)
                              ./main.o (gecko_bgapi_class_util_init)
C:/SiliconLabs/SimplicityStudio/v4/developer/sdks/gecko_sdk_suite/v1.0//protocol/bluetooth_2.3/lib/EFR32BG1B/GCC/bgapi.a(gecko_bgapi_dfu.c.obj)
                              ./main.o (gecko_bgapi_class_dfu_init)
C:/SiliconLabs/SimplicityStudio/v4/developer/sdks/gecko_sdk_suite/v1.0//protocol/bluetooth_2.3/lib/EFR32BG1B/GCC/bgapi.a(gecko_bgapi_gap.c.obj)
                              ./main.o (gecko_bgapi_class_le_gap_init)
C:/SiliconLabs/SimplicityStudio/v4/developer/sdks/gecko_sdk_suite/v1.0//protocol/bluetooth_2.3/lib/EFR32BG1B/GCC/bgapi.a(gecko_bgapi_gatt.c.obj)
                              ./main.o (gecko_bgapi_class_gatt_init)
C:/SiliconLabs/SimplicityStudio/v4/developer/sdks/gecko_sdk_suite/v1.0//protocol/bluetooth_2.3/lib/EFR32BG1B/GCC/bgapi.a(gecko_bgapi_gatt_server.c.obj)
                              ./main.o (gecko_bgapi_class_gatt_server_init)
C:/SiliconLabs/SimplicityStudio/v4/developer/sdks/gecko_sdk_suite/v1.0//protocol/bluetooth_2.3/lib/EFR32BG1B/GCC/bgapi.a(gecko_bgapi_flash.c.obj)
                              ./main.o (gecko_bgapi_class_flash_init)
C:/SiliconLabs/SimplicityStudio/v4/developer/sdks/gecko_sdk_suite/v1.0//protocol/bluetooth_2.3/lib/EFR32BG1B/GCC/bgapi.a(gecko_bgapi_sm.c.obj)
                              ./main.o (gecko_bgapi_class_sm_init)
C:/SiliconLabs/SimplicityStudio/v4/developer/sdks/gecko_sdk_suite/v1.0//protocol/bluetooth_2.3/lib/EFR32BG1B/GCC/bgapi.a(gecko_bgapi_system.c.obj)
                              ./main.o (gecko_bgapi_class_system_init)
C:/SiliconLabs/SimplicityStudio/v4/developer/sdks/gecko_sdk_suite/v1.0//protocol/bluetooth_2.3/lib/EFR32BG1B/GCC/bgapi.a(gecko_bgapi_endpoint.c.obj)
                              ./main.o (gecko_bgapi_class_endpoint_init)
C:/SiliconLabs/SimplicityStudio/v4/developer/sdks/gecko_sdk_suite/v1.0//protocol/bluetooth_2.3/lib/EFR32BG1B/GCC/bgapi.a(gecko_bgapi_le_connection.c.obj)
                              ./main.o (gecko_bgapi_class_le_connection_init)
C:/SiliconLabs/SimplicityStudio/v4/developer/sdks/gecko_sdk_suite/v1.0//protocol/bluetooth_2.3/lib/EFR32BG1B/GCC/bgapi.a(bgapi_hardware_lib.c.obj)
                              C:/SiliconLabs/SimplicityStudio/v4/developer/sdks/gecko_sdk_suite/v1.0//protocol/bluetooth_2.3/lib/EFR32BG1B/GCC/bgapi.a(gecko_bgapi_hardware.c.obj) (gecko_cmd_hardware_read_i2c)
C:/SiliconLabs/SimplicityStudio/v4/developer/sdks/gecko_sdk_suite/v1.0//protocol/bluetooth_2.3/lib/EFR32BG1B/GCC/bgapi.a(bgapi_hardware.c.obj)
                              C:/SiliconLabs/SimplicityStudio/v4/developer/sdks/gecko_sdk_suite/v1.0//protocol/bluetooth_2.3/lib/EFR32BG1B/GCC/bgapi.a(gecko_bgapi_hardware.c.obj) (lib_hardware_handler_init)
C:/SiliconLabs/SimplicityStudio/v4/developer/sdks/gecko_sdk_suite/v1.0//protocol/bluetooth_2.3/lib/EFR32BG1B/GCC/bgapi.a(bgapi_test_lib.c.obj)
                              C:/SiliconLabs/SimplicityStudio/v4/developer/sdks/gecko_sdk_suite/v1.0//protocol/bluetooth_2.3/lib/EFR32BG1B/GCC/bgapi.a(gecko_bgapi_test.c.obj) (lib_test_handler_init)
C:/SiliconLabs/SimplicityStudio/v4/developer/sdks/gecko_sdk_suite/v1.0//protocol/bluetooth_2.3/lib/EFR32BG1B/GCC/bgapi.a(bgapi_util.c.obj)
                              C:/SiliconLabs/SimplicityStudio/v4/developer/sdks/gecko_sdk_suite/v1.0//protocol/bluetooth_2.3/lib/EFR32BG1B/GCC/bgapi.a(gecko_bgapi_util.c.obj) (lib_util_handler_init)
C:/SiliconLabs/SimplicityStudio/v4/developer/sdks/gecko_sdk_suite/v1.0//protocol/bluetooth_2.3/lib/EFR32BG1B/GCC/bgapi.a(bgapi_dfu.c.obj)
                              C:/SiliconLabs/SimplicityStudio/v4/developer/sdks/gecko_sdk_suite/v1.0//protocol/bluetooth_2.3/lib/EFR32BG1B/GCC/bgapi.a(gecko_bgapi_dfu.c.obj) (lib_dfu_handler_init)
C:/SiliconLabs/SimplicityStudio/v4/developer/sdks/gecko_sdk_suite/v1.0//protocol/bluetooth_2.3/lib/EFR32BG1B/GCC/bgapi.a(bgapi_gap.c.obj)
                              C:/SiliconLabs/SimplicityStudio/v4/developer/sdks/gecko_sdk_suite/v1.0//protocol/bluetooth_2.3/lib/EFR32BG1B/GCC/bgapi.a(gecko_bgapi_gap.c.obj) (lib_le_gap_handler_init)
C:/SiliconLabs/SimplicityStudio/v4/developer/sdks/gecko_sdk_suite/v1.0//protocol/bluetooth_2.3/lib/EFR32BG1B/GCC/bgapi.a(bgapi_gatt_lib.c.obj)
[...]
Memory Configuration

Name             Origin             Length             Attributes
FLASH            0x00000000         0x0003f000         xr
RAM              0x20003000         0x00004bfc         xrw
*default*        0x00000000         0xffffffff

Linker script and memory map

LOAD c:/siliconlabs/simplicitystudio/v4/developer/toolchains/gnu_arm/4.9_2015q3/bin/../lib/gcc/arm-none-eabi/4.9.3/armv7e-m/softfp/crti.o
LOAD c:/siliconlabs/simplicitystudio/v4/developer/toolchains/gnu_arm/4.9_2015q3/bin/../lib/gcc/arm-none-eabi/4.9.3/armv7e-m/softfp/crtbegin.o
LOAD c:/siliconlabs/simplicitystudio/v4/developer/toolchains/gnu_arm/4.9_2015q3/bin/../lib/gcc/arm-none-eabi/4.9.3/../../../../arm-none-eabi/lib/armv7e-m/softfp/crt0.o
LOAD ./application_properties.o
LOAD ./ble-callback-stubs.o
LOAD ./ble-callbacks.o
LOAD ./gatt_db.o
LOAD ./main.o
LOAD ./bgapi/dmadrv.o
LOAD ./bgapi/em_adc.o
LOAD ./bgapi/em_ldma.o
LOAD ./bgapi/em_leuart.o
LOAD ./device/EFR32_B_1_1_B/gcc/startup_efr32bg1b.o
LOAD ./emlib/em_cmu.o
LOAD ./emlib/em_cryotimer.o
LOAD ./emlib/em_emu.o
LOAD ./emlib/em_gpio.o
LOAD ./emlib/em_i2c.o
LOAD ./emlib/em_msc.o
LOAD ./emlib/em_rtcc.o
LOAD ./emlib/em_system.o
LOAD ./emlib/em_timer.o
LOAD ./emlib/em_usart.o
LOAD ./kit/BRD4301A/bsp_bcc.o
LOAD ./kit/BRD4301A/bsp_stk.o
LOAD ./kit/BRD4301A/bsp_stk_leds.o
LOAD ./kit/BRD4301A/i2cspm.o
LOAD ./kit/BRD4301A/si7013.o
LOAD ./kit/BRD4301A/tempsens.o
LOAD ./kit/BRD4301A/udelay.o
LOAD ./src/InitDevice.o
LOAD ./src/bq24160.o
LOAD ./src/ext_lion_battery.o
LOAD ./src/led_strip_controller.o
LOAD ./src/sk6812.o
LOAD C:/SiliconLabs/SimplicityStudio/v4/developer/sdks/gecko_sdk_suite/v1.0//protocol/bluetooth_2.3/lib/EFR32BG1B/GCC/bgapi.a
LOAD C:/SiliconLabs/SimplicityStudio/v4/developer/sdks/gecko_sdk_suite/v1.0//protocol/bluetooth_2.3/lib/EFR32BG1B/EABI/binbootloader.o
LOAD C:/SiliconLabs/SimplicityStudio/v4/developer/sdks/gecko_sdk_suite/v1.0//protocol/bluetooth_2.3/lib/EFR32BG1B/EABI/stack.a
LOAD C:/SiliconLabs/SimplicityStudio/v4/developer/sdks/gecko_sdk_suite/v1.0//protocol/bluetooth_2.3/lib/EFR32BG1B/EABI/binstack.o
LOAD c:/siliconlabs/simplicitystudio/v4/developer/toolchains/gnu_arm/4.9_2015q3/bin/../lib/gcc/arm-none-eabi/4.9.3/../../../../arm-none-eabi/lib/armv7e-m/softfp\libm.a
START GROUP
LOAD c:/siliconlabs/simplicitystudio/v4/developer/toolchains/gnu_arm/4.9_2015q3/bin/../lib/gcc/arm-none-eabi/4.9.3/armv7e-m/softfp\libgcc.a
LOAD c:/siliconlabs/simplicitystudio/v4/developer/toolchains/gnu_arm/4.9_2015q3/bin/../lib/gcc/arm-none-eabi/4.9.3/../../../../arm-none-eabi/lib/armv7e-m/softfp\libc.a
LOAD c:/siliconlabs/simplicitystudio/v4/developer/toolchains/gnu_arm/4.9_2015q3/bin/../lib/gcc/arm-none-eabi/4.9.3/../../../../arm-none-eabi/lib/armv7e-m/softfp\libnosys.a
END GROUP
START GROUP
LOAD c:/siliconlabs/simplicitystudio/v4/developer/toolchains/gnu_arm/4.9_2015q3/bin/../lib/gcc/arm-none-eabi/4.9.3/armv7e-m/softfp\libgcc.a
LOAD c:/siliconlabs/simplicitystudio/v4/developer/toolchains/gnu_arm/4.9_2015q3/bin/../lib/gcc/arm-none-eabi/4.9.3/../../../../arm-none-eabi/lib/armv7e-m/softfp\libg.a
LOAD c:/siliconlabs/simplicitystudio/v4/developer/toolchains/gnu_arm/4.9_2015q3/bin/../lib/gcc/arm-none-eabi/4.9.3/../../../../arm-none-eabi/lib/armv7e-m/softfp\libc.a
END GROUP
LOAD c:/siliconlabs/simplicitystudio/v4/developer/toolchains/gnu_arm/4.9_2015q3/bin/../lib/gcc/arm-none-eabi/4.9.3/armv7e-m/softfp/crtend.o
LOAD c:/siliconlabs/simplicitystudio/v4/developer/toolchains/gnu_arm/4.9_2015q3/bin/../lib/gcc/arm-none-eabi/4.9.3/armv7e-m/softfp/crtn.o

.text_bootloader
                0x00000000     0x4000
 *(.binbootloader*)
 .binbootloader
                0x00000000      0x31c C:/SiliconLabs/SimplicityStudio/v4/developer/sdks/gecko_sdk_suite/v1.0//protocol/bluetooth_2.3/lib/EFR32BG1B/EABI/binbootloader.o
                0x00004000                . = ALIGN (0x4000)
 *fill*         0x0000031c     0x3ce4 

.text_stack_bin
                0x00004000    0x1d000
 *(.binstack*)
 .binstack      0x00004000    0x1c9e4 C:/SiliconLabs/SimplicityStudio/v4/developer/sdks/gecko_sdk_suite/v1.0//protocol/bluetooth_2.3/lib/EFR32BG1B/EABI/binstack.o
                0x00021000                . = ALIGN (0x800)
 *fill*         0x000209e4      0x61c 
                0x00021000                __text_start__ = .

.text_app       0x00021000     0x8ef0
 *(.AAT)
 .AAT           0x00021000       0x80 ./main.o
                0x00021000                AppAddressTable
 *(.vectors)
 .vectors       0x00021080       0xc8 ./device/EFR32_B_1_1_B/gcc/startup_efr32bg1b.o
                0x00021080                __Vectors
                0x00021148                __Vectors_End = .
                0x000000c8                __Vectors_Size = (__Vectors_End - __Vectors)
                0x00021148                __end__ = .
 *(.gecko_configuration)
 *(.xo_configuration)
 *(.gatt_header)
 .gatt_header   0x00021148       0x30 ./gatt_db.o
                0x00021148                bg_gattdb_data
 *(.gatt_data)
 .gatt_data     0x00021178      0x1ad ./gatt_db.o
                0x00021178                bg_gattdb_data_uuidtable_16_map
                0x00021198                bg_gattdb_data_uuidtable_128_map
                0x0002119c                bg_gattdb_data_attribute_field_19
                0x000211a4                bg_gattdb_data_attribute_field_18
                0x000211ac                bg_gattdb_data_attribute_field_17
                0x000211b0                bg_gattdb_data_attribute_field_16
                0x000211b8                bg_gattdb_data_attribute_field_15
                0x000211c0                bg_gattdb_data_attribute_field_14
                0x000211c8                bg_gattdb_data_attribute_field_13
                0x000211d0                bg_gattdb_data_attribute_field_12
                0x000211d4                bg_gattdb_data_attribute_field_11
                0x000211e4                bg_gattdb_data_attribute_field_10
                0x000211ec                bg_gattdb_data_attribute_field_9
                0x000211f0                bg_gattdb_data_attribute_field_8
                0x000211f4                bg_gattdb_data_attribute_field_7
                0x000211fc                bg_gattdb_data_attribute_field_6
                0x00021204                bg_gattdb_data_attribute_field_5
                0x0002120c                bg_gattdb_data_attribute_field_4
                0x00021210                bg_gattdb_data_attribute_field_2
                0x00021218                bg_gattdb_data_attribute_field_1
                0x00021220                bg_gattdb_data_attribute_field_0
                0x00021224                bg_gattdb_data_attributes_map
                0x00021314                bg_gattdb_data_attributes_dynamic_mapping_map
                0x00021320                bg_gattdb_data_adv_uuid16_map
                0x00021324                bg_gattdb_data_adv_uuid128_map
 *(.text*)
 *fill*         0x00021325        0x3 
 .text          0x00021328       0x5c c:/siliconlabs/simplicitystudio/v4/developer/toolchains/gnu_arm/4.9_2015q3/bin/../lib/gcc/arm-none-eabi/4.9.3/armv7e-m/softfp/crtbegin.o
 .text          0x00021384       0x74 c:/siliconlabs/simplicitystudio/v4/developer/toolchains/gnu_arm/4.9_2015q3/bin/../lib/gcc/arm-none-eabi/4.9.3/../../../../arm-none-eabi/lib/armv7e-m/softfp/crt0.o
                0x00021384                _start
                0x00021384                _mainCRTStartup
 .text.gecko_init
                0x000213f8       0x44 ./main.o
 .text.gecko_cmd_system_reset
                0x0002143c       0x40 ./main.o
 .text.gecko_cmd_le_gap_set_mode
                0x0002147c       0x58 ./main.o
 .text.gecko_cmd_le_gap_set_adv_parameters
                0x000214d4       0x60 ./main.o
 .text.gecko_cmd_gatt_server_send_user_read_response
                0x00021534       0xac ./main.o
 .text.gecko_cmd_gatt_server_send_user_write_response
                0x000215e0       0x64 ./main.o
 .text.gecko_cmd_hardware_set_soft_timer
                0x00021644       0x60 ./main.o
 .text.BUS_RegBitWrite
                0x000216a4       0x2c ./main.o
 .text.GPIO_PinOutClear
                0x000216d0       0x50 ./main.o
 .text.GPIO_PinOutSet
                0x00021720       0x50 ./main.o
 .text.main     0x00021770      0x1d8 ./main.o
                0x00021770                main
 .text.DMADRV_AllocateChannel
                0x00021948       0xb4 ./bgapi/dmadrv.o
                0x00021948                DMADRV_AllocateChannel
 .text.DMADRV_Init
                0x000219fc       0x84 ./bgapi/dmadrv.o
                0x000219fc                DMADRV_Init
 .text.DMADRV_MemoryPeripheral
                0x00021a80       0x44 ./bgapi/dmadrv.o
                0x00021a80                DMADRV_MemoryPeripheral
 .text.DMADRV_PeripheralMemory
                0x00021ac4       0x44 ./bgapi/dmadrv.o
                0x00021ac4                DMADRV_PeripheralMemory
 .text.DMADRV_StopTransfer
                0x00021b08       0x6c ./bgapi/dmadrv.o
                0x00021b08                DMADRV_StopTransfer
 .text.DMADRV_TransferRemainingCount
                0x00021b74       0x7c ./bgapi/dmadrv.o
                0x00021b74                DMADRV_TransferRemainingCount
 .text.LDMA_IRQHandler
                0x00021bf0       0xe0 ./bgapi/dmadrv.o
                0x00021bf0                LDMA_IRQHandler
 .text.StartTransfer
                0x00021cd0      0x250 ./bgapi/dmadrv.o
 .text.ADC_IntClear
                0x00021f20       0x1c ./bgapi/em_adc.o
 .text.BUS_RegBitWrite
                0x00021f3c       0x2c ./bgapi/em_adc.o
 .text.BUS_RegMaskedSet
                0x00021f68       0x24 ./bgapi/em_adc.o
 .text.BUS_RegMaskedClear
                0x00021f8c       0x24 ./bgapi/em_adc.o
 .text.BUS_RegMaskedWrite
                0x00021fb0       0x24 ./bgapi/em_adc.o
 .text.ADC_LoadDevinfoCal
                0x00021fd4      0x190 ./bgapi/em_adc.o
 .text.ADC_Init
                0x00022164       0x90 ./bgapi/em_adc.o
                0x00022164                ADC_Init
 .text.ADC_InitSingle
                0x000221f4      0x150 ./bgapi/em_adc.o
                0x000221f4                ADC_InitSingle
 .text.ADC_PrescaleCalc
                0x00022344       0x64 ./bgapi/em_adc.o
                0x00022344                ADC_PrescaleCalc
 .text.ADC_TimebaseCalc
                0x000223a8       0x50 ./bgapi/em_adc.o
                0x000223a8                ADC_TimebaseCalc
 .text.NVIC_EnableIRQ
                0x000223f8       0x2c ./bgapi/em_ldma.o
 .text.NVIC_ClearPendingIRQ
                0x00022424       0x30 ./bgapi/em_ldma.o
 .text.NVIC_SetPriority
                0x00022454       0x4c ./bgapi/em_ldma.o
 .text.BUS_RegMaskedClear
                0x000224a0       0x24 ./bgapi/em_ldma.o
 .text.LDMA_Init
                0x000224c4       0x70 ./bgapi/em_ldma.o
                0x000224c4                LDMA_Init
 .text.LDMA_StartTransfer
                0x00022534      0x150 ./bgapi/em_ldma.o
                0x00022534                LDMA_StartTransfer
 .text.LDMA_StopTransfer
                0x00022684       0x44 ./bgapi/em_ldma.o
                0x00022684                LDMA_StopTransfer
 .text.LDMA_TransferRemainingCount
                0x000226c8       0x80 ./bgapi/em_ldma.o
                0x000226c8                LDMA_TransferRemainingCount
 .text.LEUART_Sync
                0x00022748       0x30 ./bgapi/em_leuart.o
 .text.LEUART_BaudrateSet
                0x00022778       0x6c ./bgapi/em_leuart.o
                0x00022778                LEUART_BaudrateSet
 .text.LEUART_Enable
                0x000227e4       0x3c ./bgapi/em_leuart.o
                0x000227e4                LEUART_Enable
 .text.LEUART_FreezeEnable
                0x00022820       0x34 ./bgapi/em_leuart.o
                0x00022820                LEUART_FreezeEnable
 .text.LEUART_Init
                0x00022854       0x68 ./bgapi/em_leuart.o
                0x00022854                LEUART_Init
 .text.Reset_Handler
                0x000228bc       0x38 ./device/EFR32_B_1_1_B/gcc/startup_efr32bg1b.o
                0x000228bc                Reset_Handler
 .text.Default_Handler
                0x000228f4        0x8 ./device/EFR32_B_1_1_B/gcc/startup_efr32bg1b.o
                0x000228f4                DebugMon_Handler
                0x000228f4                USART0_TX_IRQHandler
                0x000228f4                I2C0_IRQHandler
                0x000228f4                HardFault_Handler
                0x000228f4                SysTick_Handler
                0x000228f4                USART1_RX_IRQHandler
                0x000228f4                PendSV_Handler
                0x000228f4                NMI_Handler
                0x000228f4                SYNTH_IRQHandler
                0x000228f4                WDOG0_IRQHandler
                0x000228f4                USART1_TX_IRQHandler
                0x000228f4                MSC_IRQHandler
                0x000228f4                ADC0_IRQHandler
                0x000228f4                UsageFault_Handler
                0x000228f4                LEUART0_IRQHandler
                0x000228f4                FPUEH_IRQHandler
                0x000228f4                GPIO_EVEN_IRQHandler
                0x000228f4                TIMER0_IRQHandler
                0x000228f4                LETIMER0_IRQHandler
                0x000228f4                RFSENSE_IRQHandler
                0x000228f4                BUFC_IRQHandler
                0x000228f4                MODEM_IRQHandler
                0x000228f4                Default_Handler
                0x000228f4                RAC_SEQ_IRQHandler
                0x000228f4                FRC_PRI_IRQHandler
                0x000228f4                EMU_IRQHandler
                0x000228f4                FRC_IRQHandler
                0x000228f4                CRYOTIMER_IRQHandler
                0x000228f4                PCNT0_IRQHandler
                0x000228f4                AGC_IRQHandler
                0x000228f4                ACMP0_IRQHandler
                0x000228f4                USART0_RX_IRQHandler
                0x000228f4                MemManage_Handler
                0x000228f4                SVC_Handler
                0x000228f4                RTCC_IRQHandler
                0x000228f4                CRYPTO_IRQHandler
                0x000228f4                CMU_IRQHandler
                0x000228f4                RAC_RSM_IRQHandler
                0x000228f4                GPIO_ODD_IRQHandler
                0x000228f4                PROTIMER_IRQHandler
                0x000228f4                BusFault_Handler
                0x000228f4                IDAC0_IRQHandler
 .text.BUS_RegBitWrite
                0x000228fc       0x2c ./emlib/em_cmu.o
 .text.BUS_RegBitRead
                0x00022928       0x2c ./emlib/em_cmu.o
 .text.BUS_RegMaskedSet
                0x00022954       0x24 ./emlib/em_cmu.o
 .text.BUS_RegMaskedClear
                0x00022978       0x24 ./emlib/em_cmu.o
 .text.BUS_RegMaskedWrite
                0x0002299c       0x24 ./emlib/em_cmu.o
 .text.BUS_RegMaskedRead
                0x000229c0       0x20 ./emlib/em_cmu.o
 .text.CMU_Log2ToDiv
                0x000229e0       0x1c ./emlib/em_cmu.o
 .text.setHfLeConfig
                0x000229fc       0x3c ./emlib/em_cmu.o
 .text.getHfLeConfig
                0x00022a38       0x2c ./emlib/em_cmu.o
 .text.auxClkGet
                0x00022a64       0x20 ./emlib/em_cmu.o
 .text.dbgClkGet
                0x00022a84       0x3c ./emlib/em_cmu.o
 .text.flashWaitStateControl
                0x00022ac0       0x78 ./emlib/em_cmu.o
 .text.flashWaitStateMax
                0x00022b38       0x14 ./emlib/em_cmu.o
 .text.getRegIshUpperVal
                0x00022b4c       0x38 ./emlib/em_cmu.o
 .text.lfClkGet
                0x00022b84       0xe8 ./emlib/em_cmu.o
 .text.syncReg  0x00022c6c       0x38 ./emlib/em_cmu.o
 .text.CMU_ClockEnable
                0x00022ca4       0xcc ./emlib/em_cmu.o
                0x00022ca4                CMU_ClockEnable
 .text.CMU_ClockFreqGet
                0x00022d70      0x188 ./emlib/em_cmu.o
                0x00022d70                CMU_ClockFreqGet
 .text.CMU_ClockSelectGet
                0x00022ef8      0x14c ./emlib/em_cmu.o
                0x00022ef8                CMU_ClockSelectGet
 .text.CMU_ClockSelectSet
                0x00023044      0x1c4 ./emlib/em_cmu.o
                0x00023044                CMU_ClockSelectSet
 .text.CMU_HFXOInit
                0x00023208      0x110 ./emlib/em_cmu.o
                0x00023208                CMU_HFXOInit
 .text.CMU_LFXOInit
                0x00023318       0x50 ./emlib/em_cmu.o
                0x00023318                CMU_LFXOInit
 .text.CMU_OscillatorEnable
                0x00023368      0x180 ./emlib/em_cmu.o
                0x00023368                CMU_OscillatorEnable
 .text.CMU_OscillatorTuningGet
                0x000234e8       0x74 ./emlib/em_cmu.o
                0x000234e8                CMU_OscillatorTuningGet
 .text.CMU_OscillatorTuningSet
                0x0002355c       0xfc ./emlib/em_cmu.o
                0x0002355c                CMU_OscillatorTuningSet
 .text.CMU_OscillatorTuningWait
                0x00023658       0x8c ./emlib/em_cmu.o
                0x00023658                CMU_OscillatorTuningWait
 .text.CMU_OscillatorTuningOptimize
                0x000236e4       0x4c ./emlib/em_cmu.o
                0x000236e4                CMU_OscillatorTuningOptimize
 .text.BUS_RegBitWrite
                0x00023730       0x2c ./emlib/em_emu.o
 .text.BUS_RegBitRead
                0x0002375c       0x2c ./emlib/em_emu.o
 .text.SYSTEM_GetDevinfoRev
                0x00023788       0x18 ./emlib/em_emu.o
 .text.dcdcConstCalibrationLoad
                0x000237a0       0xc4 ./emlib/em_emu.o
 .text.dcdcValidatedConfigSet
                0x00023864       0xb0 ./emlib/em_emu.o
 .text.currentLimitersUpdate
                0x00023914       0xec ./emlib/em_emu.o
 .text.userCurrentLimitsSet
                0x00023a00       0x2c ./emlib/em_emu.o
 .text.compCtrlSet
                0x00023a2c       0x3c ./emlib/em_emu.o
 .text.lpCmpHystCalibrationLoad
                0x00023a68       0xcc ./emlib/em_emu.o
 .text.lpGetDevinfoVrefLowHigh
                0x00023b34      0x15c ./emlib/em_emu.o
 .text.EMU_DCDCModeSet
                0x00023c90       0x84 ./emlib/em_emu.o
                0x00023c90                EMU_DCDCModeSet
 .text.EMU_DCDCInit
                0x00023d14      0x114 ./emlib/em_emu.o
                0x00023d14                EMU_DCDCInit
 .text.EMU_DCDCOutputVoltageSet
                0x00023e28      0x20c ./emlib/em_emu.o
                0x00023e28                EMU_DCDCOutputVoltageSet
 .text.EMU_DCDCOptimizeSlice
                0x00024034       0xd8 ./emlib/em_emu.o
                0x00024034                EMU_DCDCOptimizeSlice
 .text.EMU_DCDCLnRcoBandSet
                0x0002410c       0x54 ./emlib/em_emu.o
                0x0002410c                EMU_DCDCLnRcoBandSet
 .text.BUS_RegBitWrite
                0x00024160       0x2c ./emlib/em_gpio.o
 .text.GPIO_PinOutClear
                0x0002418c       0x50 ./emlib/em_gpio.o
 .text.GPIO_PinOutSet
                0x000241dc       0x50 ./emlib/em_gpio.o
 .text.GPIO_PinModeSet
                0x0002422c      0x108 ./emlib/em_gpio.o
                0x0002422c                GPIO_PinModeSet
 .text.BUS_RegBitWrite
                0x00024334       0x2c ./emlib/em_i2c.o
 .text.BUS_RegMaskedSet
                0x00024360       0x24 ./emlib/em_i2c.o
 .text.BUS_RegMaskedClear
                0x00024384       0x24 ./emlib/em_i2c.o
 .text.BUS_RegMaskedWrite
                0x000243a8       0x24 ./emlib/em_i2c.o
 .text.I2C_BusFreqSet
                0x000243cc       0xfc ./emlib/em_i2c.o
                0x000243cc                I2C_BusFreqSet
 .text.I2C_Init
                0x000244c8       0x5c ./emlib/em_i2c.o
                0x000244c8                I2C_Init
 .text.I2C_Transfer
                0x00024524      0x42c ./emlib/em_i2c.o
                0x00024524                I2C_Transfer
 .text.I2C_TransferInit
                0x00024950       0xc0 ./emlib/em_i2c.o
                0x00024950                I2C_TransferInit
 .text.RTCC_Init
                0x00024a10       0x60 ./emlib/em_rtcc.o
                0x00024a10                RTCC_Init
 .text.SYSTEM_ChipRevisionGet
                0x00024a70       0x74 ./emlib/em_system.o
                0x00024a70                SYSTEM_ChipRevisionGet
 .text.TIMER_Valid
                0x00024ae4       0x38 ./emlib/em_timer.o
 .text.TIMER_Init
                0x00024b1c       0xdc ./emlib/em_timer.o
                0x00024b1c                TIMER_Init
 .text.TIMER_InitCC
                0x00024bf8       0x9c ./emlib/em_timer.o
                0x00024bf8                TIMER_InitCC
 .text.USART_BaudrateAsyncSet
                0x00024c94       0xb0 ./emlib/em_usart.o
                0x00024c94                USART_BaudrateAsyncSet
 .text.USART_BaudrateCalc
                0x00024d44      0x11c ./emlib/em_usart.o
                0x00024d44                USART_BaudrateCalc
 .text.USART_BaudrateGet
                0x00024e60       0x50 ./emlib/em_usart.o
                0x00024e60                USART_BaudrateGet
 .text.USART_Enable
                0x00024eb0       0x4c ./emlib/em_usart.o
                0x00024eb0                USART_Enable
 .text.USART_InitAsync
                0x00024efc       0xbc ./emlib/em_usart.o
                0x00024efc                USART_InitAsync
 .text.USART_Reset
                0x00024fb8       0x94 ./emlib/em_usart.o
                0x00024fb8                USART_Reset
 .text.BUS_RegBitWrite
                0x0002504c       0x2c ./kit/BRD4301A/i2cspm.o
 .text.GPIO_PinOutClear
                0x00025078       0x50 ./kit/BRD4301A/i2cspm.o
 .text.GPIO_PinOutSet
                0x000250c8       0x50 ./kit/BRD4301A/i2cspm.o
 .text.I2CSPM_Init
                0x00025118       0xd8 ./kit/BRD4301A/i2cspm.o
                0x00025118                I2CSPM_Init
 .text.I2CSPM_Transfer
                0x000251f0       0x40 ./kit/BRD4301A/i2cspm.o
                0x000251f0                I2CSPM_Transfer
 .text.SYSTEM_GetProdRev
                0x00025230       0x1c ./src/InitDevice.o
 .text.CHIP_Init
                0x0002524c       0xa8 ./src/InitDevice.o
 .text.enter_DefaultMode_from_RESET
                0x000252f4       0x34 ./src/InitDevice.o
                0x000252f4                enter_DefaultMode_from_RESET
 .text.EMU_enter_DefaultMode_from_RESET
                0x00025328       0x4c ./src/InitDevice.o
                0x00025328                EMU_enter_DefaultMode_from_RESET
 .text.LFXO_enter_DefaultMode_from_RESET
                0x00025374        0xc ./src/InitDevice.o
                0x00025374                LFXO_enter_DefaultMode_from_RESET
 .text.CMU_enter_DefaultMode_from_RESET
                0x00025380      0x144 ./src/InitDevice.o
                0x00025380                CMU_enter_DefaultMode_from_RESET
 .text.ADC0_enter_DefaultMode_from_RESET
                0x000254c4       0x5c ./src/InitDevice.o
                0x000254c4                ADC0_enter_DefaultMode_from_RESET
 .text.RTCC_enter_DefaultMode_from_RESET
                0x00025520       0x4c ./src/InitDevice.o
                0x00025520                RTCC_enter_DefaultMode_from_RESET
 .text.I2C0_enter_DefaultMode_from_RESET
                0x0002556c       0x74 ./src/InitDevice.o
                0x0002556c                I2C0_enter_DefaultMode_from_RESET
 .text.GPCRC_enter_DefaultMode_from_RESET
                0x000255e0        0xc ./src/InitDevice.o
                0x000255e0                GPCRC_enter_DefaultMode_from_RESET
 .text.LDMA_enter_DefaultMode_from_RESET
                0x000255ec        0xc ./src/InitDevice.o
                0x000255ec                LDMA_enter_DefaultMode_from_RESET
 .text.PRS_enter_DefaultMode_from_RESET
                0x000255f8       0x20 ./src/InitDevice.o
                0x000255f8                PRS_enter_DefaultMode_from_RESET
 .text.PORTIO_enter_DefaultMode_from_RESET
                0x00025618       0x44 ./src/InitDevice.o
                0x00025618                PORTIO_enter_DefaultMode_from_RESET
 .text.bq24160_set_charge_voltage
                0x0002565c       0x40 ./src/bq24160.o
 .text.bq24160_init
                0x0002569c       0x50 ./src/bq24160.o
                0x0002569c                bq24160_init
 .text.bq24160_read_voltage
                0x000256ec       0x50 ./src/bq24160.o
                0x000256ec                bq24160_read_voltage
 .text.ADC_DataSingleGet
                0x0002573c       0x18 ./src/ext_lion_battery.o
 .text.ADC_Start
                0x00025754       0x1c ./src/ext_lion_battery.o
 .text.lion_battery_init
                0x00025770       0xac ./src/ext_lion_battery.o
                0x00025770                lion_battery_init
 .text.battery_get_millvolts
                0x0002581c       0x40 ./src/ext_lion_battery.o
                0x0002581c                battery_get_millvolts
 .text.led_strip_set_all
                0x0002585c       0xa4 ./src/led_strip_controller.o
                0x0002585c                led_strip_set_all
 .text.NVIC_EnableIRQ
                0x00025900       0x2c ./src/sk6812.o
 .text.TIMER_Valid
                0x0002592c       0x38 ./src/sk6812.o
 .text.TIMER_MaxCount
                0x00025964       0x18 ./src/sk6812.o
 .text.TIMER_CompareSet
                0x0002597c       0x28 ./src/sk6812.o
 .text.TIMER_CounterSet
                0x000259a4       0x1c ./src/sk6812.o
 .text.TIMER_Enable
                0x000259c0       0x2c ./src/sk6812.o
 .text.TIMER_IntClear
                0x000259ec       0x1c ./src/sk6812.o
 .text.TIMER_IntDisable
                0x00025a08       0x24 ./src/sk6812.o
 .text.TIMER_IntEnable
                0x00025a2c       0x20 ./src/sk6812.o
 .text.TIMER_TopSet
                0x00025a4c       0x1c ./src/sk6812.o
 .text.TIMER1_IRQHandler
                0x00025a68       0xdc ./src/sk6812.o
                0x00025a68                TIMER1_IRQHandler
 .text.sk6812_init
                0x00025b44      0x134 ./src/sk6812.o
                0x00025b44                sk6812_init
 .text.sk6812_set_colours
                0x00025c78       0xc0 ./src/sk6812.o
                0x00025c78                sk6812_set_colours
 .text          0x00025d38       0x60 C:/SiliconLabs/SimplicityStudio/v4/developer/sdks/gecko_sdk_suite/v1.0//protocol/bluetooth_2.3/lib/EFR32BG1B/GCC/bgapi.a(gecko_bgapi_hardware.c.obj)
                0x00025d80                gecko_bgapi_class_hardware_init
 .text          0x00025d98       0x60 C:/SiliconLabs/SimplicityStudio/v4/developer/sdks/gecko_sdk_suite/v1.0//protocol/bluetooth_2.3/lib/EFR32BG1B/GCC/bgapi.a(gecko_bgapi_test.c.obj)
                0x00025de0                gecko_bgapi_class_test_init
 .text          0x00025df8       0x60 C:/SiliconLabs/SimplicityStudio/v4/developer/sdks/gecko_sdk_suite/v1.0//protocol/bluetooth_2.3/lib/EFR32BG1B/GCC/bgapi.a(gecko_bgapi_util.c.obj)
                0x00025e40                gecko_bgapi_class_util_init
 .text          0x00025e58       0x60 C:/SiliconLabs/SimplicityStudio/v4/developer/sdks/gecko_sdk_suite/v1.0//protocol/bluetooth_2.3/lib/EFR32BG1B/GCC/bgapi.a(gecko_bgapi_dfu.c.obj)
                0x00025ea0                gecko_bgapi_class_dfu_init
 .text          0x00025eb8       0x60 C:/SiliconLabs/SimplicityStudio/v4/developer/sdks/gecko_sdk_suite/v1.0//protocol/bluetooth_2.3/lib/EFR32BG1B/GCC/bgapi.a(gecko_bgapi_gap.c.obj)
                0x00025f00                gecko_bgapi_class_le_gap_init
 .text          0x00025f18       0x60 C:/SiliconLabs/SimplicityStudio/v4/developer/sdks/gecko_sdk_suite/v1.0//protocol/bluetooth_2.3/lib/EFR32BG1B/GCC/bgapi.a(gecko_bgapi_gatt.c.obj)
                0x00025f60                gecko_bgapi_class_gatt_init
 .text          0x00025f78       0x60 C:/SiliconLabs/SimplicityStudio/v4/developer/sdks/gecko_sdk_suite/v1.0//protocol/bluetooth_2.3/lib/EFR32BG1B/GCC/bgapi.a(gecko_bgapi_gatt_server.c.obj)
                0x00025fc0                gecko_bgapi_class_gatt_server_init
 .text          0x00025fd8       0x60 C:/SiliconLabs/SimplicityStudio/v4/developer/sdks/gecko_sdk_suite/v1.0//protocol/bluetooth_2.3/lib/EFR32BG1B/GCC/bgapi.a(gecko_bgapi_flash.c.obj)
                0x00026020                gecko_bgapi_class_flash_init
 .text          0x00026038       0x60 C:/SiliconLabs/SimplicityStudio/v4/developer/sdks/gecko_sdk_suite/v1.0//protocol/bluetooth_2.3/lib/EFR32BG1B/GCC/bgapi.a(gecko_bgapi_sm.c.obj)
                0x00026080                gecko_bgapi_class_sm_init
 .text          0x00026098       0x60 C:/SiliconLabs/SimplicityStudio/v4/developer/sdks/gecko_sdk_suite/v1.0//protocol/bluetooth_2.3/lib/EFR32BG1B/GCC/bgapi.a(gecko_bgapi_system.c.obj)
                0x000260e0                gecko_bgapi_class_system_init
 .text          0x000260f8       0x60 C:/SiliconLabs/SimplicityStudio/v4/developer/sdks/gecko_sdk_suite/v1.0//protocol/bluetooth_2.3/lib/EFR32BG1B/GCC/bgapi.a(gecko_bgapi_endpoint.c.obj)
                0x00026140                gecko_bgapi_class_endpoint_init
 .text          0x00026158       0x60 C:/SiliconLabs/SimplicityStudio/v4/developer/sdks/gecko_sdk_suite/v1.0//protocol/bluetooth_2.3/lib/EFR32BG1B/GCC/bgapi.a(gecko_bgapi_le_connection.c.obj)
                0x000261a0                gecko_bgapi_class_le_connection_init
 .text          0x000261b8      0x388 C:/SiliconLabs/SimplicityStudio/v4/developer/sdks/gecko_sdk_suite/v1.0//protocol/bluetooth_2.3/lib/EFR32BG1B/GCC/bgapi.a(bgapi_hardware_lib.c.obj)
                0x000261b8                gecko_cmd_hardware_read_i2c
                0x00026220                gecko_cmd_hardware_write_i2c
                0x00026264                gecko_cmd_hardware_stop_i2c
                0x0002629c                gecko_cmd_hardware_read_adc
                0x000262dc                gecko_cmd_hardware_read_adc_channel
                0x0002630c                gecko_cmd_hardware_config_adc_reference
                0x00026338                gecko_cmd_hardware_configure_gpio
                0x0002636c                gecko_cmd_hardware_write_gpio
                0x000263d0                gecko_cmd_hardware_read_gpio
                0x00026430                gecko_cmd_hardware_set_uart_configuration
                0x000264a8                clock_outputs_init
                0x000264f0                bgapi_hardware_init
 .text          0x00026540      0x1d0 C:/SiliconLabs/SimplicityStudio/v4/developer/sdks/gecko_sdk_suite/v1.0//protocol/bluetooth_2.3/lib/EFR32BG1B/GCC/bgapi.a(bgapi_hardware.c.obj)
                0x00026540                soft_timer_comparison
                0x000265d4                bgapi_hardware_soft_timer_listener
                0x00026614                lib_hardware_handler_init
                0x00026628                gecko_cmd_hardware_set_soft_timer
                0x00026668                gecko_cmd_hardware_set_lazy_soft_timer
                0x000266a8                gecko_cmd_hardware_get_time
                0x000266dc                gecko_cmd_hardware_enable_dcdc
 .text          0x00026710      0x200 C:/SiliconLabs/SimplicityStudio/v4/developer/sdks/gecko_sdk_suite/v1.0//protocol/bluetooth_2.3/lib/EFR32BG1B/GCC/bgapi.a(bgapi_test_lib.c.obj)
                0x00026710                lib_test_handler_init
                0x00026712                disable_interrupts
                0x00026736                gecko_cmd_test_dtm_tx
                0x00026768                gecko_cmd_test_dtm_rx
                0x00026798                gecko_cmd_test_dtm_end
                0x000267c4                gecko_cmd_test_debug_command
                0x00026894                gecko_cmd_test_debug_counter
 .text          0x00026910      0x158 C:/SiliconLabs/SimplicityStudio/v4/developer/sdks/gecko_sdk_suite/v1.0//protocol/bluetooth_2.3/lib/EFR32BG1B/GCC/bgapi.a(bgapi_util.c.obj)
                0x00026948                lib_util_handler_init
                0x0002694a                gecko_cmd_util_atoi
                0x000269a0                gecko_cmd_util_itoa
 .text          0x00026a68       0x8c C:/SiliconLabs/SimplicityStudio/v4/developer/sdks/gecko_sdk_suite/v1.0//protocol/bluetooth_2.3/lib/EFR32BG1B/GCC/bgapi.a(bgapi_dfu.c.obj)
                0x00026a68                lib_dfu_handler_init
                0x00026a6a                gecko_cmd_dfu_reset
                0x00026a70                gecko_cmd_dfu_flash_set_address
                0x00026a9c                gecko_cmd_dfu_flash_upload
                0x00026ac8                gecko_cmd_dfu_flash_upload_finish
 .text          0x00026af4      0x308 C:/SiliconLabs/SimplicityStudio/v4/developer/sdks/gecko_sdk_suite/v1.0//protocol/bluetooth_2.3/lib/EFR32BG1B/GCC/bgapi.a(bgapi_gap.c.obj)
                0x00026af4                lib_le_gap_handler_init
                0x00026af6                gecko_cmd_le_gap_set_mode
                0x00026b3c                gecko_cmd_le_gap_bt5_set_mode
                0x00026b7c                gecko_cmd_le_gap_set_adv_data
                0x00026bb0                gecko_cmd_le_gap_bt5_set_adv_data
                0x00026be4                gecko_cmd_le_gap_set_adv_timeout
                0x00026c38                gecko_cmd_le_gap_open
                0x00026ca0                gecko_cmd_le_gap_discover
                0x00026ccc                gecko_cmd_le_gap_end_procedure
                0x00026cf8                gecko_cmd_le_gap_set_adv_parameters
                0x00026d2c                gecko_cmd_le_gap_bt5_set_adv_parameters
                0x00026d68                gecko_cmd_le_gap_set_scan_parameters
                0x00026d98                gecko_cmd_le_gap_set_conn_parameters
                0x00026dd0                gecko_cmd_le_gap_set_phy
 .text          0x00026dfc      0x644 C:/SiliconLabs/SimplicityStudio/v4/developer/sdks/gecko_sdk_suite/v1.0//protocol/bluetooth_2.3/lib/EFR32BG1B/GCC/bgapi.a(bgapi_gatt_lib.c.obj)
                0x00026dfc                lib_gatt_handler_init
                0x00026dfe                lib_gatt_server_handler_init
                0x00026e00                gecko_cmd_gatt_set_max_mtu
                0x00026e3c                gecko_cmd_gatt_discover_primary_services
                0x00026e6c                gecko_cmd_gatt_discover_primary_services_by_uuid
                0x00026ea8                gecko_cmd_gatt_find_included_services
                0x00026edc                gecko_cmd_gatt_discover_characteristics
                0x00026f10                gecko_cmd_gatt_discover_characteristics_by_uuid
                0x00026f50                gecko_cmd_gatt_read_characteristic_value
                0x00026f88                gecko_cmd_gatt_read_characteristic_value_from_offset
                0x00026fc4                gecko_cmd_gatt_read_characteristic_value_by_uuid
                0x00027004                gecko_cmd_gatt_read_multiple_characteristic_values
                0x00027038                gecko_cmd_gatt_write_characteristic_value
                0x00027070                gecko_cmd_gatt_write_characteristic_value_without_response
                0x000270b4                gecko_cmd_gatt_prepare_characteristic_value_write
                0x00027104                gecko_cmd_gatt_execute_characteristic_value_write
                0x00027138                gecko_cmd_gatt_set_characteristic_notification
                0x00027170                gecko_cmd_gatt_discover_descriptors
                0x000271a4                gecko_cmd_gatt_read_descriptor_value
                0x000271d8                gecko_cmd_gatt_write_descriptor_value
                0x00027210                gecko_cmd_gatt_server_read_attribute_value
                0x00027258                gecko_cmd_gatt_server_read_attribute_type
                0x0002729c                gecko_cmd_gatt_server_find_attribute
                0x000272d8                gecko_cmd_gatt_server_write_attribute_value
                0x0002730c                gecko_cmd_gatt_server_send_user_read_response
                0x0002735c                gecko_cmd_gatt_server_send_user_write_response
                0x00027394                gecko_cmd_gatt_server_send_characteristic_notification
                0x000273e0                gecko_cmd_gatt_send_characteristic_confirmation
                0x00027410                gecko_cmd_gatt_server_set_database
 .text          0x00027440      0x17c C:/SiliconLabs/SimplicityStudio/v4/developer/sdks/gecko_sdk_suite/v1.0//protocol/bluetooth_2.3/lib/EFR32BG1B/GCC/bgapi.a(bgapi_ps.c.obj)
                0x00027440                lib_flash_handler_init
                0x00027442                gecko_cmd_flash_ps_dump
                0x000274d8                gecko_cmd_flash_ps_erase_all
                0x00027508                gecko_cmd_flash_ps_save
                0x00027544                gecko_cmd_flash_ps_load
                0x00027588                gecko_cmd_flash_ps_erase
 .text          0x000275bc      0x3cc C:/SiliconLabs/SimplicityStudio/v4/developer/sdks/gecko_sdk_suite/v1.0//protocol/bluetooth_2.3/lib/EFR32BG1B/GCC/bgapi.a(bgapi_sm.c.obj)
                0x00027684                lib_sm_handler_init
                0x00027698                gecko_cmd_sm_list_all_bondings
                0x000276d0                gecko_cmd_sm_increase_security
                0x00027700                gecko_cmd_sm_set_bondable_mode
                0x0002772c                gecko_cmd_sm_delete_bonding
                0x0002775c                gecko_cmd_sm_delete_bondings
                0x0002778c                gecko_cmd_sm_configure
                0x000277bc                gecko_cmd_sm_enter_passkey
                0x000277f0                gecko_cmd_sm_set_passkey
                0x0002781c                gecko_cmd_sm_passkey_confirm
                0x00027850                gecko_cmd_sm_set_oob_data
                0x00027880                gecko_cmd_sm_set_sc_remote_oob_data
                0x000278b0                gecko_cmd_sm_use_sc_oob
                0x000278f0                gecko_cmd_sm_store_bonding_configuration
                0x00027924                gecko_cmd_sm_bonding_confirm
                0x00027958                gecko_cmd_sm_set_debug_mode
 .text          0x00027988      0x114 C:/SiliconLabs/SimplicityStudio/v4/developer/sdks/gecko_sdk_suite/v1.0//protocol/bluetooth_2.3/lib/EFR32BG1B/GCC/bgapi.a(bgapi_system.c.obj)
                0x00027988                lib_system_handler_init
                0x0002798a                gecko_cmd_system_get_bt_address
                0x000279c0                gecko_cmd_system_get_random_data
                0x00027a08                gecko_cmd_system_halt
                0x00027a3c                gecko_cmd_system_set_tx_power
                0x00027a6c                gecko_cmd_system_hello
                0x00027a94                gecko_cmd_system_reset
 .text          0x00027a9c      0x1ac C:/SiliconLabs/SimplicityStudio/v4/developer/sdks/gecko_sdk_suite/v1.0//protocol/bluetooth_2.3/lib/EFR32BG1B/GCC/bgapi.a(bgapi_endpoint.c.obj)
                0x00027a9c                lib_endpoint_handler_init
                0x00027a9e                gecko_cmd_endpoint_send
                0x00027b48                gecko_cmd_endpoint_set_streaming_destination
                0x00027ba0                gecko_cmd_endpoint_close
                0x00027bfc                gecko_cmd_endpoint_set_flags
                0x00027bfe                gecko_cmd_endpoint_clr_flags
                0x00027c00                gecko_cmd_endpoint_read_counters
 .text          0x00027c48      0x104 C:/SiliconLabs/SimplicityStudio/v4/developer/sdks/gecko_sdk_suite/v1.0//protocol/bluetooth_2.3/lib/EFR32BG1B/GCC/bgapi.a(bgapi_le_connection.c.obj)
                0x00027c48                lib_le_connection_handler_init
                0x00027c4a                gecko_cmd_le_connection_set_parameters
                0x00027c98                gecko_cmd_le_connection_get_rssi
                0x00027cc8                gecko_cmd_le_connection_disable_slave_latency
                0x00027d10                gecko_cmd_le_connection_set_phy
 .text          0x00027d4c      0x220 C:/SiliconLabs/SimplicityStudio/v4/developer/sdks/gecko_sdk_suite/v1.0//protocol/bluetooth_2.3/lib/EFR32BG1B/GCC/bgapi.a(uart_endpoint.c.obj)
                0x00027dac                uart_output_available
                0x00027db0                uart_transparent_input
                0x00027dee                uart_endpoint_func
                0x00027ea2                uart_change_flags
                0x00027eb0                init_uart_endpoints
 .text          0x00027f6c      0x17c C:/SiliconLabs/SimplicityStudio/v4/developer/sdks/gecko_sdk_suite/v1.0//protocol/bluetooth_2.3/lib/EFR32BG1B/GCC/bgapi.a(bgapi_endpoint.c.obj)
                0x00028098                init_bgapi_endpoints
 .text          0x000280e8       0xc8 C:/SiliconLabs/SimplicityStudio/v4/developer/sdks/gecko_sdk_suite/v1.0//protocol/bluetooth_2.3/lib/EFR32BG1B/GCC/bgapi.a(adc.c.obj)
                0x000280e8                adc_read_channel
                0x00028118                adc_read_port
                0x00028128                adc_config_reference
                0x0002815c                adc_init
 .text          0x000281b0      0x160 C:/SiliconLabs/SimplicityStudio/v4/developer/sdks/gecko_sdk_suite/v1.0//protocol/bluetooth_2.3/lib/EFR32BG1B/GCC/bgapi.a(gpio.c.obj)
                0x00028228                gpio_location_to_port
                0x00028238                gpio_location_to_pin_index
                0x0002824c                gpios_init
 .text          0x00028310      0x218 C:/SiliconLabs/SimplicityStudio/v4/developer/sdks/gecko_sdk_suite/v1.0//protocol/bluetooth_2.3/lib/EFR32BG1B/GCC/bgapi.a(i2c.c.obj)
                0x00028310                i2c_init
                0x0002839c                i2c_stop
                0x000283bc                i2c_reset
                0x000283dc                i2c_read
                0x00028488                i2c_write
 .text          0x00028528      0x160 C:/SiliconLabs/SimplicityStudio/v4/developer/sdks/gecko_sdk_suite/v1.0//protocol/bluetooth_2.3/lib/EFR32BG1B/GCC/bgapi.a(sleep_signal.c.obj)
                0x00028558                sleep_signal_init
                0x000285b8                sleep_signal_update
                0x00028624                host_wakeup_signal_init
                0x00028660                host_wakeup_signal_update
 .text          0x00028688      0x89c C:/SiliconLabs/SimplicityStudio/v4/developer/sdks/gecko_sdk_suite/v1.0//protocol/bluetooth_2.3/lib/EFR32BG1B/GCC/bgapi.a(uart.c.obj)
                0x00028688                LEUART0_IRQGeckoHandler
                0x0002868a                USART1_TX_IRQGeckoHandler
                0x000287b4                USART0_TX_IRQGeckoHandler
                0x00028964                USART1_RX_IRQGeckoHandler
                0x00028970                USART0_RX_IRQGeckoHandler
                0x00028990                uart_update
                0x000289a8                uart_configure
                0x00028a7c                uart_event_register
                0x00028a8c                uarts_init
                0x00028e10                uart_get_flags
                0x00028e20                uart_write_bgbuf
                0x00028e60                uart_read_bgbuf
                0x00028ee8                uart_sleep
 .text          0x00028f24       0x30 c:/siliconlabs/simplicitystudio/v4/developer/toolchains/gnu_arm/4.9_2015q3/bin/../lib/gcc/arm-none-eabi/4.9.3/armv7e-m/softfp\libgcc.a(_aeabi_uldivmod.o)
                0x00028f24                __aeabi_uldivmod
 .text          0x00028f54       0x60 c:/siliconlabs/simplicitystudio/v4/developer/toolchains/gnu_arm/4.9_2015q3/bin/../lib/gcc/arm-none-eabi/4.9.3/armv7e-m/softfp\libgcc.a(bpabi.o)
                0x00028f54                __gnu_ldivmod_helper
                0x00028f84                __gnu_uldivmod_helper
 .text          0x00028fb4        0x4 c:/siliconlabs/simplicitystudio/v4/developer/toolchains/gnu_arm/4.9_2015q3/bin/../lib/gcc/arm-none-eabi/4.9.3/armv7e-m/softfp\libgcc.a(_dvmd_tls.o)
                0x00028fb4                __aeabi_idiv0
                0x00028fb4                __aeabi_ldiv0
 .text          0x00028fb8      0x29c c:/siliconlabs/simplicitystudio/v4/developer/toolchains/gnu_arm/4.9_2015q3/bin/../lib/gcc/arm-none-eabi/4.9.3/armv7e-m/softfp\libgcc.a(_divdi3.o)
                0x00028fb8                __divdi3
 .text          0x00029254      0x26c c:/siliconlabs/simplicitystudio/v4/developer/toolchains/gnu_arm/4.9_2015q3/bin/../lib/gcc/arm-none-eabi/4.9.3/armv7e-m/softfp\libgcc.a(_udivdi3.o)
                0x00029254                __udivdi3
 .text.exit     0x000294c0       0x20 c:/siliconlabs/simplicitystudio/v4/developer/toolchains/gnu_arm/4.9_2015q3/bin/../lib/gcc/arm-none-eabi/4.9.3/../../../../arm-none-eabi/lib/armv7e-m/softfp\libc.a(lib_a-exit.o)
                0x000294c0                exit
 .text.__libc_init_array
                0x000294e0       0x50 c:/siliconlabs/simplicitystudio/v4/developer/toolchains/gnu_arm/4.9_2015q3/bin/../lib/gcc/arm-none-eabi/4.9.3/../../../../arm-none-eabi/lib/armv7e-m/softfp\libc.a(lib_a-init.o)
                0x000294e0                __libc_init_array
 .text          0x00029530      0x134 c:/siliconlabs/simplicitystudio/v4/developer/toolchains/gnu_arm/4.9_2015q3/bin/../lib/gcc/arm-none-eabi/4.9.3/../../../../arm-none-eabi/lib/armv7e-m/softfp\libc.a(lib_a-memcpy.o)
                0x00029530                memcpy
 .text.memset   0x00029664       0x9c c:/siliconlabs/simplicitystudio/v4/developer/toolchains/gnu_arm/4.9_2015q3/bin/../lib/gcc/arm-none-eabi/4.9.3/../../../../arm-none-eabi/lib/armv7e-m/softfp\libc.a(lib_a-memset.o)
                0x00029664                memset
 .text.startup.register_fini
                0x00029700       0x14 c:/siliconlabs/simplicitystudio/v4/developer/toolchains/gnu_arm/4.9_2015q3/bin/../lib/gcc/arm-none-eabi/4.9.3/../../../../arm-none-eabi/lib/armv7e-m/softfp\libc.a(lib_a-__call_atexit.o)
 .text.__call_exitprocs
                0x00029714       0xd4 c:/siliconlabs/simplicitystudio/v4/developer/toolchains/gnu_arm/4.9_2015q3/bin/../lib/gcc/arm-none-eabi/4.9.3/../../../../arm-none-eabi/lib/armv7e-m/softfp\libc.a(lib_a-__call_atexit.o)
                0x00029714                __call_exitprocs
 .text.atexit   0x000297e8        0xc c:/siliconlabs/simplicitystudio/v4/developer/toolchains/gnu_arm/4.9_2015q3/bin/../lib/gcc/arm-none-eabi/4.9.3/../../../../arm-none-eabi/lib/armv7e-m/softfp\libc.a(lib_a-atexit.o)
                0x000297e8                atexit
 .text.__libc_fini_array
                0x000297f4       0x2c c:/siliconlabs/simplicitystudio/v4/developer/toolchains/gnu_arm/4.9_2015q3/bin/../lib/gcc/arm-none-eabi/4.9.3/../../../../arm-none-eabi/lib/armv7e-m/softfp\libc.a(lib_a-fini.o)
                0x000297f4                __libc_fini_array
 .text.__register_exitproc
                0x00029820       0xa4 c:/siliconlabs/simplicitystudio/v4/developer/toolchains/gnu_arm/4.9_2015q3/bin/../lib/gcc/arm-none-eabi/4.9.3/../../../../arm-none-eabi/lib/armv7e-m/softfp\libc.a(lib_a-__atexit.o)
                0x00029820                __register_exitproc
 .text._exit    0x000298c4        0x4 c:/siliconlabs/simplicitystudio/v4/developer/toolchains/gnu_arm/4.9_2015q3/bin/../lib/gcc/arm-none-eabi/4.9.3/../../../../arm-none-eabi/lib/armv7e-m/softfp\libnosys.a(_exit.o)
                0x000298c4                _exit
 *(.init)
 .init          0x000298c8        0x4 c:/siliconlabs/simplicitystudio/v4/developer/toolchains/gnu_arm/4.9_2015q3/bin/../lib/gcc/arm-none-eabi/4.9.3/armv7e-m/softfp/crti.o
                0x000298c8                _init
 .init          0x000298cc        0x8 c:/siliconlabs/simplicitystudio/v4/developer/toolchains/gnu_arm/4.9_2015q3/bin/../lib/gcc/arm-none-eabi/4.9.3/armv7e-m/softfp/crtn.o
 *(.fini)
 .fini          0x000298d4        0x4 c:/siliconlabs/simplicitystudio/v4/developer/toolchains/gnu_arm/4.9_2015q3/bin/../lib/gcc/arm-none-eabi/4.9.3/armv7e-m/softfp/crti.o
                0x000298d4                _fini
 .fini          0x000298d8        0x8 c:/siliconlabs/simplicitystudio/v4/developer/toolchains/gnu_arm/4.9_2015q3/bin/../lib/gcc/arm-none-eabi/4.9.3/armv7e-m/softfp/crtn.o
 *crtbegin.o(.ctors)
 *crtbegin?.o(.ctors)
 *(EXCLUDE_FILE(*crtend.o *crtend?.o) .ctors)
 *(SORT(.ctors.*))
 *(.ctors)
 *crtbegin.o(.dtors)
 *crtbegin?.o(.dtors)
 *(EXCLUDE_FILE(*crtend.o *crtend?.o) .dtors)
 *(SORT(.dtors.*))
 *(.dtors)
 *(.rodata*)
 .rodata        0x000298e0        0xc ./main.o
 .rodata.config
                0x000298ec       0xe8 ./main.o
 .rodata        0x000299d4        0x4 ./bgapi/dmadrv.o
 .rodata.i2cNSum
                0x000299d8        0x4 ./emlib/em_i2c.o
 .rodata        0x000299dc       0x60 ./src/InitDevice.o
 .rodata        0x00029a3c       0x20 ./src/bq24160.o
 .rodata        0x00029a5c       0x20 ./src/sk6812.o
 .rodata        0x00029a7c       0x78 C:/SiliconLabs/SimplicityStudio/v4/developer/sdks/gecko_sdk_suite/v1.0//protocol/bluetooth_2.3/lib/EFR32BG1B/GCC/bgapi.a(gecko_bgapi_hardware.c.obj)
 .rodata        0x00029af4       0x30 C:/SiliconLabs/SimplicityStudio/v4/developer/sdks/gecko_sdk_suite/v1.0//protocol/bluetooth_2.3/lib/EFR32BG1B/GCC/bgapi.a(gecko_bgapi_test.c.obj)
 .rodata        0x00029b24       0x18 C:/SiliconLabs/SimplicityStudio/v4/developer/sdks/gecko_sdk_suite/v1.0//protocol/bluetooth_2.3/lib/EFR32BG1B/GCC/bgapi.a(gecko_bgapi_util.c.obj)
 .rodata        0x00029b3c       0x28 C:/SiliconLabs/SimplicityStudio/v4/developer/sdks/gecko_sdk_suite/v1.0//protocol/bluetooth_2.3/lib/EFR32BG1B/GCC/bgapi.a(gecko_bgapi_dfu.c.obj)
 .rodata        0x00029b64       0x70 C:/SiliconLabs/SimplicityStudio/v4/developer/sdks/gecko_sdk_suite/v1.0//protocol/bluetooth_2.3/lib/EFR32BG1B/GCC/bgapi.a(gecko_bgapi_gap.c.obj)
 .rodata        0x00029bd4       0xa0 C:/SiliconLabs/SimplicityStudio/v4/developer/sdks/gecko_sdk_suite/v1.0//protocol/bluetooth_2.3/lib/EFR32BG1B/GCC/bgapi.a(gecko_bgapi_gatt.c.obj)
 .rodata        0x00029c74       0x48 C:/SiliconLabs/SimplicityStudio/v4/developer/sdks/gecko_sdk_suite/v1.0//protocol/bluetooth_2.3/lib/EFR32BG1B/GCC/bgapi.a(gecko_bgapi_gatt_server.c.obj)
 .rodata        0x00029cbc       0x30 C:/SiliconLabs/SimplicityStudio/v4/developer/sdks/gecko_sdk_suite/v1.0//protocol/bluetooth_2.3/lib/EFR32BG1B/GCC/bgapi.a(gecko_bgapi_flash.c.obj)
 .rodata        0x00029cec       0x80 C:/SiliconLabs/SimplicityStudio/v4/developer/sdks/gecko_sdk_suite/v1.0//protocol/bluetooth_2.3/lib/EFR32BG1B/GCC/bgapi.a(gecko_bgapi_sm.c.obj)
 .rodata        0x00029d6c       0x38 C:/SiliconLabs/SimplicityStudio/v4/developer/sdks/gecko_sdk_suite/v1.0//protocol/bluetooth_2.3/lib/EFR32BG1B/GCC/bgapi.a(gecko_bgapi_system.c.obj)
 .rodata        0x00029da4       0x38 C:/SiliconLabs/SimplicityStudio/v4/developer/sdks/gecko_sdk_suite/v1.0//protocol/bluetooth_2.3/lib/EFR32BG1B/GCC/bgapi.a(gecko_bgapi_endpoint.c.obj)
 .rodata        0x00029ddc       0x28 C:/SiliconLabs/SimplicityStudio/v4/developer/sdks/gecko_sdk_suite/v1.0//protocol/bluetooth_2.3/lib/EFR32BG1B/GCC/bgapi.a(gecko_bgapi_le_connection.c.obj)
 .rodata        0x00029e04       0x18 C:/SiliconLabs/SimplicityStudio/v4/developer/sdks/gecko_sdk_suite/v1.0//protocol/bluetooth_2.3/lib/EFR32BG1B/GCC/bgapi.a(bgapi_sm.c.obj)
 .rodata        0x00029e1c       0x18 C:/SiliconLabs/SimplicityStudio/v4/developer/sdks/gecko_sdk_suite/v1.0//protocol/bluetooth_2.3/lib/EFR32BG1B/GCC/bgapi.a(adc.c.obj)
 .rodata        0x00029e34       0x40 C:/SiliconLabs/SimplicityStudio/v4/developer/sdks/gecko_sdk_suite/v1.0//protocol/bluetooth_2.3/lib/EFR32BG1B/GCC/bgapi.a(gpio.c.obj)
 .rodata        0x00029e74       0x10 C:/SiliconLabs/SimplicityStudio/v4/developer/sdks/gecko_sdk_suite/v1.0//protocol/bluetooth_2.3/lib/EFR32BG1B/GCC/bgapi.a(i2c.c.obj)
 .rodata        0x00029e84       0x60 C:/SiliconLabs/SimplicityStudio/v4/developer/sdks/gecko_sdk_suite/v1.0//protocol/bluetooth_2.3/lib/EFR32BG1B/GCC/bgapi.a(uart.c.obj)
 .rodata.str1.4
                0x00029ee4        0x4 c:/siliconlabs/simplicitystudio/v4/developer/toolchains/gnu_arm/4.9_2015q3/bin/../lib/gcc/arm-none-eabi/4.9.3/../../../../arm-none-eabi/lib/armv7e-m/softfp\libc.a(lib_a-impure.o)
                                  0x2 (size before relaxing)
 .rodata._global_impure_ptr
                0x00029ee8        0x4 c:/siliconlabs/simplicitystudio/v4/developer/toolchains/gnu_arm/4.9_2015q3/bin/../lib/gcc/arm-none-eabi/4.9.3/../../../../arm-none-eabi/lib/armv7e-m/softfp\libc.a(lib_a-impure.o)
                0x00029ee8                _global_impure_ptr
 *(.eh_frame*)
 .eh_frame      0x00029eec        0x0 c:/siliconlabs/simplicitystudio/v4/developer/toolchains/gnu_arm/4.9_2015q3/bin/../lib/gcc/arm-none-eabi/4.9.3/armv7e-m/softfp/crtbegin.o
 .eh_frame      0x00029eec        0x4 c:/siliconlabs/simplicitystudio/v4/developer/toolchains/gnu_arm/4.9_2015q3/bin/../lib/gcc/arm-none-eabi/4.9.3/armv7e-m/softfp/crtend.o
                0x00029ef0                . = ALIGN (0x4)

.glue_7         0x00029ef0        0x0
 .glue_7        0x00000000        0x0 linker stubs

.glue_7t        0x00029ef0        0x0
 .glue_7t       0x00000000        0x0 linker stubs

.vfp11_veneer   0x00029ef0        0x0
 .vfp11_veneer  0x00000000        0x0 linker stubs

.v4_bx          0x00029ef0        0x0
 .v4_bx         0x00000000        0x0 linker stubs

.iplt           0x00029ef0        0x0
 .iplt          0x00000000        0x0 c:/siliconlabs/simplicitystudio/v4/developer/toolchains/gnu_arm/4.9_2015q3/bin/../lib/gcc/arm-none-eabi/4.9.3/armv7e-m/softfp/crtbegin.o

.igot.plt       0x00029ef0        0x0
 .igot.plt      0x00000000        0x0 c:/siliconlabs/simplicitystudio/v4/developer/toolchains/gnu_arm/4.9_2015q3/bin/../lib/gcc/arm-none-eabi/4.9.3/armv7e-m/softfp/crtbegin.o

.text_app_ARM.extab
 *(.ARM.extab* .gnu.linkonce.armextab.*)
                0x00029ef0                __exidx_start = .

.text_app_ARM.exidx
                0x00029ef0        0x8
 *(.ARM.exidx* .gnu.linkonce.armexidx.*)
 .ARM.exidx     0x00029ef0        0x8 c:/siliconlabs/simplicitystudio/v4/developer/toolchains/gnu_arm/4.9_2015q3/bin/../lib/gcc/arm-none-eabi/4.9.3/../../../../arm-none-eabi/lib/armv7e-m/softfp/crt0.o
 .ARM.exidx     0x00029ef8        0x0 c:/siliconlabs/simplicitystudio/v4/developer/toolchains/gnu_arm/4.9_2015q3/bin/../lib/gcc/arm-none-eabi/4.9.3/armv7e-m/softfp\libgcc.a(_divdi3.o)
                                  0x8 (size before relaxing)
 .ARM.exidx     0x00029ef8        0x0 c:/siliconlabs/simplicitystudio/v4/developer/toolchains/gnu_arm/4.9_2015q3/bin/../lib/gcc/arm-none-eabi/4.9.3/armv7e-m/softfp\libgcc.a(_udivdi3.o)
                                  0x8 (size before relaxing)
                0x00029ef8                __exidx_end = .
                0x00029ef8                __etext = .

.rel.dyn        0x00029ef8        0x0
 .rel.iplt      0x00000000        0x0 c:/siliconlabs/simplicitystudio/v4/developer/toolchains/gnu_arm/4.9_2015q3/bin/../lib/gcc/arm-none-eabi/4.9.3/armv7e-m/softfp/crtbegin.o

.text_app_data  0x20003000      0x480 load address 0x00029ef8
                0x20003000                __data_start__ = .
 *(vtable)
 *(.data*)
 .data.bg_gattdb_data_attribute_field_6_data
                0x20003000        0xa ./gatt_db.o
                0x20003000                bg_gattdb_data_attribute_field_6_data
 *fill*         0x2000300a        0x2 
 .data.auxHfrcoFreq
                0x2000300c        0x4 ./emlib/em_cmu.o
 .data          0x20003010        0x1 C:/SiliconLabs/SimplicityStudio/v4/developer/sdks/gecko_sdk_suite/v1.0//protocol/bluetooth_2.3/lib/EFR32BG1B/GCC/bgapi.a(bgapi_endpoint.c.obj)
 *fill*         0x20003011        0x3 
 .data          0x20003014       0x30 C:/SiliconLabs/SimplicityStudio/v4/developer/sdks/gecko_sdk_suite/v1.0//protocol/bluetooth_2.3/lib/EFR32BG1B/GCC/bgapi.a(adc.c.obj)
 *fill*         0x20003044        0x4 
 .data.impure_data
                0x20003048      0x428 c:/siliconlabs/simplicitystudio/v4/developer/toolchains/gnu_arm/4.9_2015q3/bin/../lib/gcc/arm-none-eabi/4.9.3/../../../../arm-none-eabi/lib/armv7e-m/softfp\libc.a(lib_a-impure.o)
                0x20003470                . = ALIGN (0x4)
 *(.ram)
                0x20003470                . = ALIGN (0x4)
                0x20003470                PROVIDE (__preinit_array_start, .)
 *(.preinit_array)
                0x20003470                PROVIDE (__preinit_array_end, .)
                0x20003470                . = ALIGN (0x4)
                0x20003470                PROVIDE (__init_array_start, .)
 *(SORT(.init_array.*))
 .init_array.00000
                0x20003470        0x4 c:/siliconlabs/simplicitystudio/v4/developer/toolchains/gnu_arm/4.9_2015q3/bin/../lib/gcc/arm-none-eabi/4.9.3/../../../../arm-none-eabi/lib/armv7e-m/softfp\libc.a(lib_a-__call_atexit.o)
 *(.init_array)
 .init_array    0x20003474        0x4 c:/siliconlabs/simplicitystudio/v4/developer/toolchains/gnu_arm/4.9_2015q3/bin/../lib/gcc/arm-none-eabi/4.9.3/armv7e-m/softfp/crtbegin.o
                0x20003478                PROVIDE (__init_array_end, .)
                0x20003478                . = ALIGN (0x4)
                0x20003478                PROVIDE (__fini_array_start, .)
 *(SORT(.fini_array.*))
 *(.fini_array)
 .fini_array    0x20003478        0x4 c:/siliconlabs/simplicitystudio/v4/developer/toolchains/gnu_arm/4.9_2015q3/bin/../lib/gcc/arm-none-eabi/4.9.3/armv7e-m/softfp/crtbegin.o
                0x2000347c                PROVIDE (__fini_array_end, .)
 *(.jcr*)
 .jcr           0x2000347c        0x0 c:/siliconlabs/simplicitystudio/v4/developer/toolchains/gnu_arm/4.9_2015q3/bin/../lib/gcc/arm-none-eabi/4.9.3/armv7e-m/softfp/crtbegin.o
 .jcr           0x2000347c        0x4 c:/siliconlabs/simplicitystudio/v4/developer/toolchains/gnu_arm/4.9_2015q3/bin/../lib/gcc/arm-none-eabi/4.9.3/armv7e-m/softfp/crtend.o
                0x20003480                . = ALIGN (0x4)
                0x20003480                __data_end__ = .

.bss            0x20003480     0x1d68 load address 0x0002a378
                0x20003480                . = ALIGN (0x4)
                0x20003480                __bss_start__ = .
 *(.bss*)
 .bss           0x20003480       0x1c c:/siliconlabs/simplicitystudio/v4/developer/toolchains/gnu_arm/4.9_2015q3/bin/../lib/gcc/arm-none-eabi/4.9.3/armv7e-m/softfp/crtbegin.o
 .bss.bg_gattdb_data_attribute_field_19_data
                0x2000349c        0x1 ./gatt_db.o
                0x2000349c                bg_gattdb_data_attribute_field_19_data
 *fill*         0x2000349d        0x3 
 .bss.bg_gattdb_data_attribute_field_2_data
                0x200034a0        0x4 ./gatt_db.o
                0x200034a0                bg_gattdb_data_attribute_field_2_data
 .bss.boot_to_dfu
                0x200034a4        0x1 ./main.o
                0x200034a4                boot_to_dfu
 .bss.initialized
                0x200034a5        0x1 ./bgapi/dmadrv.o
 *fill*         0x200034a6        0x2 
 .bss.chTable   0x200034a8       0xa0 ./bgapi/dmadrv.o
 .bss.dmaXfer   0x20003548      0x100 ./bgapi/dmadrv.o
 .bss.errataFixDcdcHsState
                0x20003648        0x4 ./emlib/em_emu.o
 .bss.dcdcMaxCurrent_mA
                0x2000364c        0x2 ./emlib/em_emu.o
 .bss.dcdcEm01LoadCurrent_mA
                0x2000364e        0x2 ./emlib/em_emu.o
 .bss.dcdcReverseCurrentControl
                0x20003650        0x2 ./emlib/em_emu.o
 *fill*         0x20003652        0x2 
 .bss.i2cTransfer
                0x20003654       0x10 ./emlib/em_i2c.o
 .bss.colours_to_set
                0x20003664       0xc8 ./src/sk6812.o
 .bss.total_leds_to_set
                0x2000372c        0x4 ./src/sk6812.o
 .bss.current_bit_to_write
                0x20003730        0x1 ./src/sk6812.o
 .bss.current_led_to_write
                0x20003731        0x1 ./src/sk6812.o
 .bss.sending_last_bit
                0x20003732        0x1 ./src/sk6812.o
 *fill*         0x20003733        0x1 
 .bss.ticks_per_bit_period
                0x20003734        0x2 ./src/sk6812.o
 .bss.cc_ticks_for_bit_0
                0x20003736        0x2 ./src/sk6812.o
 .bss.cc_ticks_for_bit_1
                0x20003738        0x2 ./src/sk6812.o
 .bss.reset_period_ticks
                0x2000373a        0x2 ./src/sk6812.o
 .bss           0x2000373c      0x100 C:/SiliconLabs/SimplicityStudio/v4/developer/sdks/gecko_sdk_suite/v1.0//protocol/bluetooth_2.3/lib/EFR32BG1B/GCC/bgapi.a(bgapi_hardware_lib.c.obj)
 .bss           0x2000383c        0x4 C:/SiliconLabs/SimplicityStudio/v4/developer/sdks/gecko_sdk_suite/v1.0//protocol/bluetooth_2.3/lib/EFR32BG1B/GCC/bgapi.a(bgapi_hardware.c.obj)
 .bss           0x20003840       0x10 C:/SiliconLabs/SimplicityStudio/v4/developer/sdks/gecko_sdk_suite/v1.0//protocol/bluetooth_2.3/lib/EFR32BG1B/GCC/bgapi.a(bgapi_util.c.obj)
 .bss           0x20003850        0x2 C:/SiliconLabs/SimplicityStudio/v4/developer/sdks/gecko_sdk_suite/v1.0//protocol/bluetooth_2.3/lib/EFR32BG1B/GCC/bgapi.a(bgapi_gap.c.obj)
                0x20003850                legacy_maxadv_events
 *fill*         0x20003852        0x2 
 .bss           0x20003854        0x4 C:/SiliconLabs/SimplicityStudio/v4/developer/sdks/gecko_sdk_suite/v1.0//protocol/bluetooth_2.3/lib/EFR32BG1B/GCC/bgapi.a(bgapi_sm.c.obj)
 .bss           0x20003858        0xc C:/SiliconLabs/SimplicityStudio/v4/developer/sdks/gecko_sdk_suite/v1.0//protocol/bluetooth_2.3/lib/EFR32BG1B/GCC/bgapi.a(bgapi_endpoint.c.obj)
 .bss           0x20003864        0x4 C:/SiliconLabs/SimplicityStudio/v4/developer/sdks/gecko_sdk_suite/v1.0//protocol/bluetooth_2.3/lib/EFR32BG1B/GCC/bgapi.a(adc.c.obj)
 .bss           0x20003868        0x2 C:/SiliconLabs/SimplicityStudio/v4/developer/sdks/gecko_sdk_suite/v1.0//protocol/bluetooth_2.3/lib/EFR32BG1B/GCC/bgapi.a(i2c.c.obj)
 *fill*         0x2000386a        0x2 
 .bss           0x2000386c       0x2c C:/SiliconLabs/SimplicityStudio/v4/developer/sdks/gecko_sdk_suite/v1.0//protocol/bluetooth_2.3/lib/EFR32BG1B/GCC/bgapi.a(sleep_signal.c.obj)
                0x20003880                sleep_signal_mask
                0x20003894                host_wakeup_signal_mask
 .bss           0x20003898       0x70 C:/SiliconLabs/SimplicityStudio/v4/developer/sdks/gecko_sdk_suite/v1.0//protocol/bluetooth_2.3/lib/EFR32BG1B/GCC/bgapi.a(uart.c.obj)
 *(COMMON)
 COMMON         0x20003908     0x18d0 ./main.o
                0x20003908                bluetooth_stack_heap
 COMMON         0x200051d8        0xc C:/SiliconLabs/SimplicityStudio/v4/developer/sdks/gecko_sdk_suite/v1.0//protocol/bluetooth_2.3/lib/EFR32BG1B/GCC/bgapi.a(uart_endpoint.c.obj)
                0x200051d8                uarts
 COMMON         0x200051e4        0x1 C:/SiliconLabs/SimplicityStudio/v4/developer/sdks/gecko_sdk_suite/v1.0//protocol/bluetooth_2.3/lib/EFR32BG1B/GCC/bgapi.a(gpio.c.obj)
                0x200051e4                gpio_events
                0x200051e8                . = ALIGN (0x4)
 *fill*         0x200051e5        0x3 
                0x200051e8                __bss_end__ = .

.heap           0x200051e8      0xc00
                0x200051e8                __HeapBase = .
                0x200051e8                __end__ = .
                0x200051e8                end = __end__
                0x200051e8                _end = __end__
 *(.heap*)
 .heap          0x200051e8      0xc00 ./device/EFR32_B_1_1_B/gcc/startup_efr32bg1b.o
                0x20005de8                __HeapLimit = .

.stack_dummy    0x20005de8      0x400
 *(.stack*)
 .stack         0x20005de8      0x400 ./device/EFR32_B_1_1_B/gcc/startup_efr32bg1b.o
                0x20007bfc                __StackTop = (ORIGIN (RAM) + 0x4bfc)
                0x200077fc                __StackLimit = (__StackTop - SIZEOF (.stack_dummy))
                0x20007bfc                PROVIDE (__stack, __StackTop)
                0x00000001                ASSERT ((__StackLimit >= __HeapLimit), region RAM overflowed with stack)
OUTPUT(soc-thermometer.axf elf32-littlearm)

.ARM.attributes
                0x00000000       0x2e
 .ARM.attributes
                0x00000000       0x22 c:/siliconlabs/simplicitystudio/v4/developer/toolchains/gnu_arm/4.9_2015q3/bin/../lib/gcc/arm-none-eabi/4.9.3/armv7e-m/softfp/crti.o
 .ARM.attributes
                0x00000022       0x32 c:/siliconlabs/simplicitystudio/v4/developer/toolchains/gnu_arm/4.9_2015q3/bin/../lib/gcc/arm-none-eabi/4.9.3/armv7e-m/softfp/crtbegin.o
 .ARM.attributes
                0x00000054       0x20 c:/siliconlabs/simplicitystudio/v4/developer/toolchains/gnu_arm/4.9_2015q3/bin/../lib/gcc/arm-none-eabi/4.9.3/../../../../arm-none-eabi/lib/armv7e-m/softfp/crt0.o
 .ARM.attributes
                0x00000074       0x37 ./gatt_db.o
 .ARM.attributes
                0x000000ab       0x37 ./main.o
 .ARM.attributes
                0x000000e2       0x37 ./bgapi/dmadrv.o
 .ARM.attributes
                0x00000119       0x37 ./bgapi/em_adc.o
 .ARM.attributes
                0x00000150       0x37 ./bgapi/em_ldma.o
 .ARM.attributes
                0x00000187       0x37 ./bgapi/em_leuart.o
 .ARM.attributes
                0x000001be       0x37 ./device/EFR32_B_1_1_B/gcc/startup_efr32bg1b.o
 .ARM.attributes
                0x000001f5       0x37 ./emlib/em_cmu.o
 .ARM.attributes
                0x0000022c       0x37 ./emlib/em_emu.o
 .ARM.attributes
                0x00000263       0x37 ./emlib/em_gpio.o
 .ARM.attributes
                0x0000029a       0x37 ./emlib/em_i2c.o
 .ARM.attributes
                0x000002d1       0x37 ./emlib/em_rtcc.o
 .ARM.attributes
                0x00000308       0x37 ./emlib/em_system.o
 .ARM.attributes
                0x0000033f       0x37 ./emlib/em_timer.o
 .ARM.attributes
                0x00000376       0x37 ./emlib/em_usart.o
 .ARM.attributes
                0x000003ad       0x37 ./kit/BRD4301A/i2cspm.o
 .ARM.attributes
                0x000003e4       0x37 ./src/InitDevice.o
 .ARM.attributes
                0x0000041b       0x37 ./src/bq24160.o
 .ARM.attributes
                0x00000452       0x37 ./src/ext_lion_battery.o
 .ARM.attributes
                0x00000489       0x37 ./src/led_strip_controller.o
 .ARM.attributes
                0x000004c0       0x37 ./src/sk6812.o
 .ARM.attributes
                0x000004f7       0x37 C:/SiliconLabs/SimplicityStudio/v4/developer/sdks/gecko_sdk_suite/v1.0//protocol/bluetooth_2.3/lib/EFR32BG1B/GCC/bgapi.a(gecko_bgapi_hardware.c.obj)
 .ARM.attributes
                0x0000052e       0x37 C:/SiliconLabs/SimplicityStudio/v4/developer/sdks/gecko_sdk_suite/v1.0//protocol/bluetooth_2.3/lib/EFR32BG1B/GCC/bgapi.a(gecko_bgapi_test.c.obj)
 .ARM.attributes
                0x00000565       0x37 C:/SiliconLabs/SimplicityStudio/v4/developer/sdks/gecko_sdk_suite/v1.0//protocol/bluetooth_2.3/lib/EFR32BG1B/GCC/bgapi.a(gecko_bgapi_util.c.obj)
 .ARM.attributes
                0x0000059c       0x37 C:/SiliconLabs/SimplicityStudio/v4/developer/sdks/gecko_sdk_suite/v1.0//protocol/bluetooth_2.3/lib/EFR32BG1B/GCC/bgapi.a(gecko_bgapi_dfu.c.obj)
 .ARM.attributes
                0x000005d3       0x37 C:/SiliconLabs/SimplicityStudio/v4/developer/sdks/gecko_sdk_suite/v1.0//protocol/bluetooth_2.3/lib/EFR32BG1B/GCC/bgapi.a(gecko_bgapi_gap.c.obj)
 .ARM.attributes
                0x0000060a       0x37 C:/SiliconLabs/SimplicityStudio/v4/developer/sdks/gecko_sdk_suite/v1.0//protocol/bluetooth_2.3/lib/EFR32BG1B/GCC/bgapi.a(gecko_bgapi_gatt.c.obj)
 .ARM.attributes
                0x00000641       0x37 C:/SiliconLabs/SimplicityStudio/v4/developer/sdks/gecko_sdk_suite/v1.0//protocol/bluetooth_2.3/lib/EFR32BG1B/GCC/bgapi.a(gecko_bgapi_gatt_server.c.obj)
 .ARM.attributes
                0x00000678       0x37 C:/SiliconLabs/SimplicityStudio/v4/developer/sdks/gecko_sdk_suite/v1.0//protocol/bluetooth_2.3/lib/EFR32BG1B/GCC/bgapi.a(gecko_bgapi_flash.c.obj)
 .ARM.attributes
                0x000006af       0x37 C:/SiliconLabs/SimplicityStudio/v4/developer/sdks/gecko_sdk_suite/v1.0//protocol/bluetooth_2.3/lib/EFR32BG1B/GCC/bgapi.a(gecko_bgapi_sm.c.obj)
 .ARM.attributes
                0x000006e6       0x37 C:/SiliconLabs/SimplicityStudio/v4/developer/sdks/gecko_sdk_suite/v1.0//protocol/bluetooth_2.3/lib/EFR32BG1B/GCC/bgapi.a(gecko_bgapi_system.c.obj)
 .ARM.attributes
                0x0000071d       0x37 C:/SiliconLabs/SimplicityStudio/v4/developer/sdks/gecko_sdk_suite/v1.0//protocol/bluetooth_2.3/lib/EFR32BG1B/GCC/bgapi.a(gecko_bgapi_endpoint.c.obj)
 .ARM.attributes
                0x00000754       0x37 C:/SiliconLabs/SimplicityStudio/v4/developer/sdks/gecko_sdk_suite/v1.0//protocol/bluetooth_2.3/lib/EFR32BG1B/GCC/bgapi.a(gecko_bgapi_le_connection.c.obj)
 .ARM.attributes
                0x0000078b       0x37 C:/SiliconLabs/SimplicityStudio/v4/developer/sdks/gecko_sdk_suite/v1.0//protocol/bluetooth_2.3/lib/EFR32BG1B/GCC/bgapi.a(bgapi_hardware_lib.c.obj)
 .ARM.attributes
                0x000007c2       0x37 C:/SiliconLabs/SimplicityStudio/v4/developer/sdks/gecko_sdk_suite/v1.0//protocol/bluetooth_2.3/lib/EFR32BG1B/GCC/bgapi.a(bgapi_hardware.c.obj)
 .ARM.attributes
                0x000007f9       0x37 C:/SiliconLabs/SimplicityStudio/v4/developer/sdks/gecko_sdk_suite/v1.0//protocol/bluetooth_2.3/lib/EFR32BG1B/GCC/bgapi.a(bgapi_test_lib.c.obj)
 .ARM.attributes
                0x00000830       0x37 C:/SiliconLabs/SimplicityStudio/v4/developer/sdks/gecko_sdk_suite/v1.0//protocol/bluetooth_2.3/lib/EFR32BG1B/GCC/bgapi.a(bgapi_util.c.obj)
 .ARM.attributes
                0x00000867       0x37 C:/SiliconLabs/SimplicityStudio/v4/developer/sdks/gecko_sdk_suite/v1.0//protocol/bluetooth_2.3/lib/EFR32BG1B/GCC/bgapi.a(bgapi_dfu.c.obj)
 .ARM.attributes
                0x0000089e       0x37 C:/SiliconLabs/SimplicityStudio/v4/developer/sdks/gecko_sdk_suite/v1.0//protocol/bluetooth_2.3/lib/EFR32BG1B/GCC/bgapi.a(bgapi_gap.c.obj)
 .ARM.attributes
                0x000008d5       0x37 C:/SiliconLabs/SimplicityStudio/v4/developer/sdks/gecko_sdk_suite/v1.0//protocol/bluetooth_2.3/lib/EFR32BG1B/GCC/bgapi.a(bgapi_gatt_lib.c.obj)
 .ARM.attributes
                0x0000090c       0x37 C:/SiliconLabs/SimplicityStudio/v4/developer/sdks/gecko_sdk_suite/v1.0//protocol/bluetooth_2.3/lib/EFR32BG1B/GCC/bgapi.a(bgapi_ps.c.obj)
 .ARM.attributes
                0x00000943       0x37 C:/SiliconLabs/SimplicityStudio/v4/developer/sdks/gecko_sdk_suite/v1.0//protocol/bluetooth_2.3/lib/EFR32BG1B/GCC/bgapi.a(bgapi_sm.c.obj)
 .ARM.attributes
                0x0000097a       0x37 C:/SiliconLabs/SimplicityStudio/v4/developer/sdks/gecko_sdk_suite/v1.0//protocol/bluetooth_2.3/lib/EFR32BG1B/GCC/bgapi.a(bgapi_system.c.obj)
 .ARM.attributes
                0x000009b1       0x37 C:/SiliconLabs/SimplicityStudio/v4/developer/sdks/gecko_sdk_suite/v1.0//protocol/bluetooth_2.3/lib/EFR32BG1B/GCC/bgapi.a(bgapi_endpoint.c.obj)
 .ARM.attributes
                0x000009e8       0x37 C:/SiliconLabs/SimplicityStudio/v4/developer/sdks/gecko_sdk_suite/v1.0//protocol/bluetooth_2.3/lib/EFR32BG1B/GCC/bgapi.a(bgapi_le_connection.c.obj)
 .ARM.attributes
                0x00000a1f       0x37 C:/SiliconLabs/SimplicityStudio/v4/developer/sdks/gecko_sdk_suite/v1.0//protocol/bluetooth_2.3/lib/EFR32BG1B/GCC/bgapi.a(uart_endpoint.c.obj)
 .ARM.attributes
                0x00000a56       0x37 C:/SiliconLabs/SimplicityStudio/v4/developer/sdks/gecko_sdk_suite/v1.0//protocol/bluetooth_2.3/lib/EFR32BG1B/GCC/bgapi.a(bgapi_endpoint.c.obj)
 .ARM.attributes
                0x00000a8d       0x37 C:/SiliconLabs/SimplicityStudio/v4/developer/sdks/gecko_sdk_suite/v1.0//protocol/bluetooth_2.3/lib/EFR32BG1B/GCC/bgapi.a(adc.c.obj)
 .ARM.attributes
                0x00000ac4       0x37 C:/SiliconLabs/SimplicityStudio/v4/developer/sdks/gecko_sdk_suite/v1.0//protocol/bluetooth_2.3/lib/EFR32BG1B/GCC/bgapi.a(gpio.c.obj)
 .ARM.attributes
                0x00000afb       0x37 C:/SiliconLabs/SimplicityStudio/v4/developer/sdks/gecko_sdk_suite/v1.0//protocol/bluetooth_2.3/lib/EFR32BG1B/GCC/bgapi.a(i2c.c.obj)
 .ARM.attributes
                0x00000b32       0x37 C:/SiliconLabs/SimplicityStudio/v4/developer/sdks/gecko_sdk_suite/v1.0//protocol/bluetooth_2.3/lib/EFR32BG1B/GCC/bgapi.a(sleep_signal.c.obj)
 .ARM.attributes
                0x00000b69       0x37 C:/SiliconLabs/SimplicityStudio/v4/developer/sdks/gecko_sdk_suite/v1.0//protocol/bluetooth_2.3/lib/EFR32BG1B/GCC/bgapi.a(uart.c.obj)
 .ARM.attributes
                0x00000ba0       0x1c C:/SiliconLabs/SimplicityStudio/v4/developer/sdks/gecko_sdk_suite/v1.0//protocol/bluetooth_2.3/lib/EFR32BG1B/EABI/binbootloader.o
 .ARM.attributes
                0x00000bbc       0x1c C:/SiliconLabs/SimplicityStudio/v4/developer/sdks/gecko_sdk_suite/v1.0//protocol/bluetooth_2.3/lib/EFR32BG1B/EABI/binstack.o
 .ARM.attributes
                0x00000bd8       0x22 c:/siliconlabs/simplicitystudio/v4/developer/toolchains/gnu_arm/4.9_2015q3/bin/../lib/gcc/arm-none-eabi/4.9.3/armv7e-m/softfp\libgcc.a(_aeabi_uldivmod.o)
 .ARM.attributes
                0x00000bfa       0x32 c:/siliconlabs/simplicitystudio/v4/developer/toolchains/gnu_arm/4.9_2015q3/bin/../lib/gcc/arm-none-eabi/4.9.3/armv7e-m/softfp\libgcc.a(bpabi.o)
 .ARM.attributes
                0x00000c2c       0x22 c:/siliconlabs/simplicitystudio/v4/developer/toolchains/gnu_arm/4.9_2015q3/bin/../lib/gcc/arm-none-eabi/4.9.3/armv7e-m/softfp\libgcc.a(_dvmd_tls.o)
 .ARM.attributes
                0x00000c4e       0x32 c:/siliconlabs/simplicitystudio/v4/developer/toolchains/gnu_arm/4.9_2015q3/bin/../lib/gcc/arm-none-eabi/4.9.3/armv7e-m/softfp\libgcc.a(_divdi3.o)
 .ARM.attributes
                0x00000c80       0x32 c:/siliconlabs/simplicitystudio/v4/developer/toolchains/gnu_arm/4.9_2015q3/bin/../lib/gcc/arm-none-eabi/4.9.3/armv7e-m/softfp\libgcc.a(_udivdi3.o)
 .ARM.attributes
                0x00000cb2       0x32 c:/siliconlabs/simplicitystudio/v4/developer/toolchains/gnu_arm/4.9_2015q3/bin/../lib/gcc/arm-none-eabi/4.9.3/../../../../arm-none-eabi/lib/armv7e-m/softfp\libc.a(lib_a-exit.o)
 .ARM.attributes
                0x00000ce4       0x32 c:/siliconlabs/simplicitystudio/v4/developer/toolchains/gnu_arm/4.9_2015q3/bin/../lib/gcc/arm-none-eabi/4.9.3/../../../../arm-none-eabi/lib/armv7e-m/softfp\libc.a(lib_a-impure.o)
 .ARM.attributes
                0x00000d16       0x32 c:/siliconlabs/simplicitystudio/v4/developer/toolchains/gnu_arm/4.9_2015q3/bin/../lib/gcc/arm-none-eabi/4.9.3/../../../../arm-none-eabi/lib/armv7e-m/softfp\libc.a(lib_a-init.o)
 .ARM.attributes
                0x00000d48       0x20 c:/siliconlabs/simplicitystudio/v4/developer/toolchains/gnu_arm/4.9_2015q3/bin/../lib/gcc/arm-none-eabi/4.9.3/../../../../arm-none-eabi/lib/armv7e-m/softfp\libc.a(lib_a-memcpy.o)
 .ARM.attributes
                0x00000d68       0x32 c:/siliconlabs/simplicitystudio/v4/developer/toolchains/gnu_arm/4.9_2015q3/bin/../lib/gcc/arm-none-eabi/4.9.3/../../../../arm-none-eabi/lib/armv7e-m/softfp\libc.a(lib_a-memset.o)
 .ARM.attributes
                0x00000d9a       0x32 c:/siliconlabs/simplicitystudio/v4/developer/toolchains/gnu_arm/4.9_2015q3/bin/../lib/gcc/arm-none-eabi/4.9.3/../../../../arm-none-eabi/lib/armv7e-m/softfp\libc.a(lib_a-__call_atexit.o)
 .ARM.attributes
                0x00000dcc       0x32 c:/siliconlabs/simplicitystudio/v4/developer/toolchains/gnu_arm/4.9_2015q3/bin/../lib/gcc/arm-none-eabi/4.9.3/../../../../arm-none-eabi/lib/armv7e-m/softfp\libc.a(lib_a-atexit.o)
 .ARM.attributes
                0x00000dfe       0x32 c:/siliconlabs/simplicitystudio/v4/developer/toolchains/gnu_arm/4.9_2015q3/bin/../lib/gcc/arm-none-eabi/4.9.3/../../../../arm-none-eabi/lib/armv7e-m/softfp\libc.a(lib_a-fini.o)
 .ARM.attributes
                0x00000e30       0x32 c:/siliconlabs/simplicitystudio/v4/developer/toolchains/gnu_arm/4.9_2015q3/bin/../lib/gcc/arm-none-eabi/4.9.3/../../../../arm-none-eabi/lib/armv7e-m/softfp\libc.a(lib_a-__atexit.o)
 .ARM.attributes
                0x00000e62       0x32 c:/siliconlabs/simplicitystudio/v4/developer/toolchains/gnu_arm/4.9_2015q3/bin/../lib/gcc/arm-none-eabi/4.9.3/../../../../arm-none-eabi/lib/armv7e-m/softfp\libnosys.a(_exit.o)
 .ARM.attributes
                0x00000e94       0x32 c:/siliconlabs/simplicitystudio/v4/developer/toolchains/gnu_arm/4.9_2015q3/bin/../lib/gcc/arm-none-eabi/4.9.3/armv7e-m/softfp/crtend.o
 .ARM.attributes
                0x00000ec6       0x22 c:/siliconlabs/simplicitystudio/v4/developer/toolchains/gnu_arm/4.9_2015q3/bin/../lib/gcc/arm-none-eabi/4.9.3/armv7e-m/softfp/crtn.o

.comment        0x00000000       0xde
 .comment       0x00000000       0x70 ./gatt_db.o
                                 0x71 (size before relaxing)
 .comment       0x00000000       0x71 ./main.o
 .comment       0x00000000       0x71 ./bgapi/dmadrv.o
 .comment       0x00000000       0x71 ./bgapi/em_adc.o
 .comment       0x00000000       0x71 ./bgapi/em_ldma.o
 .comment       0x00000000       0x71 ./bgapi/em_leuart.o
 .comment       0x00000000       0x71 ./device/EFR32_B_1_1_B/gcc/startup_efr32bg1b.o
 .comment       0x00000000       0x71 ./emlib/em_cmu.o
 .comment       0x00000000       0x71 ./emlib/em_emu.o
 .comment       0x00000000       0x71 ./emlib/em_gpio.o
 .comment       0x00000000       0x71 ./emlib/em_i2c.o
 .comment       0x00000000       0x71 ./emlib/em_rtcc.o
 .comment       0x00000000       0x71 ./emlib/em_system.o
 .comment       0x00000000       0x71 ./emlib/em_timer.o
 .comment       0x00000000       0x71 ./emlib/em_usart.o
 .comment       0x00000000       0x71 ./kit/BRD4301A/i2cspm.o
 .comment       0x00000000       0x71 ./src/InitDevice.o
 .comment       0x00000000       0x71 ./src/bq24160.o
 .comment       0x00000000       0x71 ./src/ext_lion_battery.o
 .comment       0x00000000       0x71 ./src/led_strip_controller.o
 .comment       0x00000000       0x71 ./src/sk6812.o
 .comment       0x00000070       0x6e C:/SiliconLabs/SimplicityStudio/v4/developer/sdks/gecko_sdk_suite/v1.0//protocol/bluetooth_2.3/lib/EFR32BG1B/GCC/bgapi.a(gecko_bgapi_hardware.c.obj)
                                 0x6f (size before relaxing)
 .comment       0x00000000       0x6f C:/SiliconLabs/SimplicityStudio/v4/developer/sdks/gecko_sdk_suite/v1.0//protocol/bluetooth_2.3/lib/EFR32BG1B/GCC/bgapi.a(gecko_bgapi_test.c.obj)
 .comment       0x00000000       0x6f C:/SiliconLabs/SimplicityStudio/v4/developer/sdks/gecko_sdk_suite/v1.0//protocol/bluetooth_2.3/lib/EFR32BG1B/GCC/bgapi.a(gecko_bgapi_util.c.obj)
 .comment       0x00000000       0x6f C:/SiliconLabs/SimplicityStudio/v4/developer/sdks/gecko_sdk_suite/v1.0//protocol/bluetooth_2.3/lib/EFR32BG1B/GCC/bgapi.a(gecko_bgapi_dfu.c.obj)
 .comment       0x00000000       0x6f C:/SiliconLabs/SimplicityStudio/v4/developer/sdks/gecko_sdk_suite/v1.0//protocol/bluetooth_2.3/lib/EFR32BG1B/GCC/bgapi.a(gecko_bgapi_gap.c.obj)
 .comment       0x00000000       0x6f C:/SiliconLabs/SimplicityStudio/v4/developer/sdks/gecko_sdk_suite/v1.0//protocol/bluetooth_2.3/lib/EFR32BG1B/GCC/bgapi.a(gecko_bgapi_gatt.c.obj)
 .comment       0x00000000       0x6f C:/SiliconLabs/SimplicityStudio/v4/developer/sdks/gecko_sdk_suite/v1.0//protocol/bluetooth_2.3/lib/EFR32BG1B/GCC/bgapi.a(gecko_bgapi_gatt_server.c.obj)
 .comment       0x00000000       0x6f C:/SiliconLabs/SimplicityStudio/v4/developer/sdks/gecko_sdk_suite/v1.0//protocol/bluetooth_2.3/lib/EFR32BG1B/GCC/bgapi.a(gecko_bgapi_flash.c.obj)
 .comment       0x00000000       0x6f C:/SiliconLabs/SimplicityStudio/v4/developer/sdks/gecko_sdk_suite/v1.0//protocol/bluetooth_2.3/lib/EFR32BG1B/GCC/bgapi.a(gecko_bgapi_sm.c.obj)
 .comment       0x00000000       0x6f C:/SiliconLabs/SimplicityStudio/v4/developer/sdks/gecko_sdk_suite/v1.0//protocol/bluetooth_2.3/lib/EFR32BG1B/GCC/bgapi.a(gecko_bgapi_system.c.obj)
 .comment       0x00000000       0x6f C:/SiliconLabs/SimplicityStudio/v4/developer/sdks/gecko_sdk_suite/v1.0//protocol/bluetooth_2.3/lib/EFR32BG1B/GCC/bgapi.a(gecko_bgapi_endpoint.c.obj)
 .comment       0x00000000       0x6f C:/SiliconLabs/SimplicityStudio/v4/developer/sdks/gecko_sdk_suite/v1.0//protocol/bluetooth_2.3/lib/EFR32BG1B/GCC/bgapi.a(gecko_bgapi_le_connection.c.obj)
 .comment       0x00000000       0x6f C:/SiliconLabs/SimplicityStudio/v4/developer/sdks/gecko_sdk_suite/v1.0//protocol/bluetooth_2.3/lib/EFR32BG1B/GCC/bgapi.a(bgapi_hardware_lib.c.obj)
 .comment       0x00000000       0x6f C:/SiliconLabs/SimplicityStudio/v4/developer/sdks/gecko_sdk_suite/v1.0//protocol/bluetooth_2.3/lib/EFR32BG1B/GCC/bgapi.a(bgapi_hardware.c.obj)
 .comment       0x00000000       0x6f C:/SiliconLabs/SimplicityStudio/v4/developer/sdks/gecko_sdk_suite/v1.0//protocol/bluetooth_2.3/lib/EFR32BG1B/GCC/bgapi.a(bgapi_test_lib.c.obj)
 .comment       0x00000000       0x6f C:/SiliconLabs/SimplicityStudio/v4/developer/sdks/gecko_sdk_suite/v1.0//protocol/bluetooth_2.3/lib/EFR32BG1B/GCC/bgapi.a(bgapi_util.c.obj)
 .comment       0x00000000       0x6f C:/SiliconLabs/SimplicityStudio/v4/developer/sdks/gecko_sdk_suite/v1.0//protocol/bluetooth_2.3/lib/EFR32BG1B/GCC/bgapi.a(bgapi_dfu.c.obj)
 .comment       0x00000000       0x6f C:/SiliconLabs/SimplicityStudio/v4/developer/sdks/gecko_sdk_suite/v1.0//protocol/bluetooth_2.3/lib/EFR32BG1B/GCC/bgapi.a(bgapi_gap.c.obj)
 .comment       0x00000000       0x6f C:/SiliconLabs/SimplicityStudio/v4/developer/sdks/gecko_sdk_suite/v1.0//protocol/bluetooth_2.3/lib/EFR32BG1B/GCC/bgapi.a(bgapi_gatt_lib.c.obj)
 .comment       0x00000000       0x6f C:/SiliconLabs/SimplicityStudio/v4/developer/sdks/gecko_sdk_suite/v1.0//protocol/bluetooth_2.3/lib/EFR32BG1B/GCC/bgapi.a(bgapi_ps.c.obj)
 .comment       0x00000000       0x6f C:/SiliconLabs/SimplicityStudio/v4/developer/sdks/gecko_sdk_suite/v1.0//protocol/bluetooth_2.3/lib/EFR32BG1B/GCC/bgapi.a(bgapi_sm.c.obj)
 .comment       0x00000000       0x6f C:/SiliconLabs/SimplicityStudio/v4/developer/sdks/gecko_sdk_suite/v1.0//protocol/bluetooth_2.3/lib/EFR32BG1B/GCC/bgapi.a(bgapi_system.c.obj)
 .comment       0x00000000       0x6f C:/SiliconLabs/SimplicityStudio/v4/developer/sdks/gecko_sdk_suite/v1.0//protocol/bluetooth_2.3/lib/EFR32BG1B/GCC/bgapi.a(bgapi_endpoint.c.obj)
 .comment       0x00000000       0x6f C:/SiliconLabs/SimplicityStudio/v4/developer/sdks/gecko_sdk_suite/v1.0//protocol/bluetooth_2.3/lib/EFR32BG1B/GCC/bgapi.a(bgapi_le_connection.c.obj)
 .comment       0x00000000       0x6f C:/SiliconLabs/SimplicityStudio/v4/developer/sdks/gecko_sdk_suite/v1.0//protocol/bluetooth_2.3/lib/EFR32BG1B/GCC/bgapi.a(uart_endpoint.c.obj)
 .comment       0x00000000       0x6f C:/SiliconLabs/SimplicityStudio/v4/developer/sdks/gecko_sdk_suite/v1.0//protocol/bluetooth_2.3/lib/EFR32BG1B/GCC/bgapi.a(bgapi_endpoint.c.obj)
 .comment       0x00000000       0x6f C:/SiliconLabs/SimplicityStudio/v4/developer/sdks/gecko_sdk_suite/v1.0//protocol/bluetooth_2.3/lib/EFR32BG1B/GCC/bgapi.a(adc.c.obj)
 .comment       0x00000000       0x6f C:/SiliconLabs/SimplicityStudio/v4/developer/sdks/gecko_sdk_suite/v1.0//protocol/bluetooth_2.3/lib/EFR32BG1B/GCC/bgapi.a(gpio.c.obj)
 .comment       0x00000000       0x6f C:/SiliconLabs/SimplicityStudio/v4/developer/sdks/gecko_sdk_suite/v1.0//protocol/bluetooth_2.3/lib/EFR32BG1B/GCC/bgapi.a(i2c.c.obj)
 .comment       0x00000000       0x6f C:/SiliconLabs/SimplicityStudio/v4/developer/sdks/gecko_sdk_suite/v1.0//protocol/bluetooth_2.3/lib/EFR32BG1B/GCC/bgapi.a(sleep_signal.c.obj)
 .comment       0x00000000       0x6f C:/SiliconLabs/SimplicityStudio/v4/developer/sdks/gecko_sdk_suite/v1.0//protocol/bluetooth_2.3/lib/EFR32BG1B/GCC/bgapi.a(uart.c.obj)

.debug_info     0x00000000    0x1568d
 .debug_info    0x00000000      0x588 ./gatt_db.o
 .debug_info    0x00000588     0x5071 ./main.o
 .debug_info    0x000055f9     0x13f4 ./bgapi/dmadrv.o
 .debug_info    0x000069ed     0x1a47 ./bgapi/em_adc.o
 .debug_info    0x00008434     0x1104 ./bgapi/em_ldma.o
 .debug_info    0x00009538      0x800 ./bgapi/em_leuart.o
 .debug_info    0x00009d38      0x1b0 ./device/EFR32_B_1_1_B/gcc/startup_efr32bg1b.o
 .debug_info    0x00009ee8     0x1adb ./emlib/em_cmu.o
 .debug_info    0x0000b9c3     0x1ef0 ./emlib/em_emu.o
 .debug_info    0x0000d8b3      0xa02 ./emlib/em_gpio.o
 .debug_info    0x0000e2b5      0x8cd ./emlib/em_i2c.o
 .debug_info    0x0000eb82      0x6b4 ./emlib/em_rtcc.o
 .debug_info    0x0000f236      0x26c ./emlib/em_system.o
 .debug_info    0x0000f4a2      0x951 ./emlib/em_timer.o
 .debug_info    0x0000fdf3     0x1021 ./emlib/em_usart.o
 .debug_info    0x00010e14      0x952 ./kit/BRD4301A/i2cspm.o
 .debug_info    0x00011766     0x19df ./src/InitDevice.o
 .debug_info    0x00013145      0x4c0 ./src/bq24160.o
 .debug_info    0x00013605     0x1110 ./src/ext_lion_battery.o
 .debug_info    0x00014715      0x1b3 ./src/led_strip_controller.o
 .debug_info    0x000148c8      0xdc5 ./src/sk6812.o

.debug_abbrev   0x00000000     0x26a9
 .debug_abbrev  0x00000000       0xbd ./gatt_db.o
 .debug_abbrev  0x000000bd      0x2b7 ./main.o
 .debug_abbrev  0x00000374      0x25d ./bgapi/dmadrv.o
 .debug_abbrev  0x000005d1      0x221 ./bgapi/em_adc.o
 .debug_abbrev  0x000007f2      0x262 ./bgapi/em_ldma.o
 .debug_abbrev  0x00000a54      0x1c6 ./bgapi/em_leuart.o
 .debug_abbrev  0x00000c1a       0xd9 ./device/EFR32_B_1_1_B/gcc/startup_efr32bg1b.o
 .debug_abbrev  0x00000cf3      0x305 ./emlib/em_cmu.o
 .debug_abbrev  0x00000ff8      0x324 ./emlib/em_emu.o
 .debug_abbrev  0x0000131c      0x1e7 ./emlib/em_gpio.o
 .debug_abbrev  0x00001503      0x257 ./emlib/em_i2c.o
 .debug_abbrev  0x0000175a      0x175 ./emlib/em_rtcc.o
 .debug_abbrev  0x000018cf       0xfa ./emlib/em_system.o
 .debug_abbrev  0x000019c9      0x181 ./emlib/em_timer.o
 .debug_abbrev  0x00001b4a      0x207 ./emlib/em_usart.o
 .debug_abbrev  0x00001d51      0x1c4 ./kit/BRD4301A/i2cspm.o
 .debug_abbrev  0x00001f15      0x1d0 ./src/InitDevice.o
 .debug_abbrev  0x000020e5      0x165 ./src/bq24160.o
 .debug_abbrev  0x0000224a      0x17f ./src/ext_lion_battery.o
 .debug_abbrev  0x000023c9       0xee ./src/led_strip_controller.o
 .debug_abbrev  0x000024b7      0x1f2 ./src/sk6812.o

.debug_aranges  0x00000000      0xad0
 .debug_aranges
                0x00000000       0x18 ./gatt_db.o
 .debug_aranges
                0x00000018       0x80 ./main.o
 .debug_aranges
                0x00000098       0xa0 ./bgapi/dmadrv.o
 .debug_aranges
                0x00000138       0x98 ./bgapi/em_adc.o
 .debug_aranges
                0x000001d0       0x80 ./bgapi/em_ldma.o
 .debug_aranges
                0x00000250       0x88 ./bgapi/em_leuart.o
 .debug_aranges
                0x000002d8       0x28 ./device/EFR32_B_1_1_B/gcc/startup_efr32bg1b.o
 .debug_aranges
                0x00000300      0x190 ./emlib/em_cmu.o
 .debug_aranges
                0x00000490      0x178 ./emlib/em_emu.o
 .debug_aranges
                0x00000608       0x88 ./emlib/em_gpio.o
 .debug_aranges
                0x00000690       0x70 ./emlib/em_i2c.o
 .debug_aranges
                0x00000700       0x50 ./emlib/em_rtcc.o
 .debug_aranges
                0x00000750       0x28 ./emlib/em_system.o
 .debug_aranges
                0x00000778       0x58 ./emlib/em_timer.o
 .debug_aranges
                0x000007d0       0xd0 ./emlib/em_usart.o
 .debug_aranges
                0x000008a0       0x40 ./kit/BRD4301A/i2cspm.o
 .debug_aranges
                0x000008e0       0xe0 ./src/InitDevice.o
 .debug_aranges
                0x000009c0       0x30 ./src/bq24160.o
 .debug_aranges
                0x000009f0       0x38 ./src/ext_lion_battery.o
 .debug_aranges
                0x00000a28       0x28 ./src/led_strip_controller.o
 .debug_aranges
                0x00000a50       0x80 ./src/sk6812.o

.debug_line     0x00000000     0x678c
 .debug_line    0x00000000      0x1a2 ./gatt_db.o
 .debug_line    0x000001a2      0x64f ./main.o
 .debug_line    0x000007f1      0x611 ./bgapi/dmadrv.o
 .debug_line    0x00000e02      0x563 ./bgapi/em_adc.o
 .debug_line    0x00001365      0x488 ./bgapi/em_ldma.o
 .debug_line    0x000017ed      0x450 ./bgapi/em_leuart.o
 .debug_line    0x00001c3d      0x1ca ./device/EFR32_B_1_1_B/gcc/startup_efr32bg1b.o
 .debug_line    0x00001e07      0xadc ./emlib/em_cmu.o
 .debug_line    0x000028e3      0xbc9 ./emlib/em_emu.o
 .debug_line    0x000034ac      0x527 ./emlib/em_gpio.o
 .debug_line    0x000039d3      0x4c0 ./emlib/em_i2c.o
 .debug_line    0x00003e93      0x3e2 ./emlib/em_rtcc.o
 .debug_line    0x00004275      0x314 ./emlib/em_system.o
 .debug_line    0x00004589      0x5bd ./emlib/em_timer.o
 .debug_line    0x00004b46      0x650 ./emlib/em_usart.o
 .debug_line    0x00005196      0x411 ./kit/BRD4301A/i2cspm.o
 .debug_line    0x000055a7      0x5d2 ./src/InitDevice.o
 .debug_line    0x00005b79      0x348 ./src/bq24160.o
 .debug_line    0x00005ec1      0x2eb ./src/ext_lion_battery.o
 .debug_line    0x000061ac      0x17f ./src/led_strip_controller.o
 .debug_line    0x0000632b      0x461 ./src/sk6812.o

.debug_str      0x00000000     0xe6a0
 .debug_str     0x00000000      0x736 ./gatt_db.o
                                0x791 (size before relaxing)
 .debug_str     0x00000736     0x646c ./main.o
                               0x6ad0 (size before relaxing)
 .debug_str     0x00006ba2      0xe79 ./bgapi/dmadrv.o
                               0x10c6 (size before relaxing)
 .debug_str     0x00007a1b     0x2623 ./bgapi/em_adc.o
                               0x2a57 (size before relaxing)
 .debug_str     0x0000a03e      0x384 ./bgapi/em_ldma.o
                                0xa7d (size before relaxing)
 .debug_str     0x0000a3c2      0x308 ./bgapi/em_leuart.o
                                0x715 (size before relaxing)
 .debug_str     0x0000a6ca       0xec ./device/EFR32_B_1_1_B/gcc/startup_efr32bg1b.o
                                0x2a1 (size before relaxing)
 .debug_str     0x0000a7b6      0xc60 ./emlib/em_cmu.o
                               0x1348 (size before relaxing)
 .debug_str     0x0000b416      0xe0e ./emlib/em_emu.o
                               0x17e5 (size before relaxing)
 .debug_str     0x0000c224      0x1fa ./emlib/em_gpio.o
                                0x82e (size before relaxing)
 .debug_str     0x0000c41e      0x31c ./emlib/em_i2c.o
                                0x7d3 (size before relaxing)
 .debug_str     0x0000c73a      0x5cd ./emlib/em_rtcc.o
                                0x7f6 (size before relaxing)
 .debug_str     0x0000cd07      0x104 ./emlib/em_system.o
                                0x2fb (size before relaxing)
 .debug_str     0x0000ce0b      0x7a6 ./emlib/em_timer.o
                                0x9d1 (size before relaxing)
 .debug_str     0x0000d5b1      0x963 ./emlib/em_usart.o
                                0xe34 (size before relaxing)
 .debug_str     0x0000df14      0x109 ./kit/BRD4301A/i2cspm.o
                                0x930 (size before relaxing)
 .debug_str     0x0000e01d      0x383 ./src/InitDevice.o
                               0x192e (size before relaxing)
 .debug_str     0x0000e3a0       0x54 ./src/bq24160.o
                                0x4ca (size before relaxing)
 .debug_str     0x0000e3f4       0xaa ./src/ext_lion_battery.o
                               0x253e (size before relaxing)
 .debug_str     0x0000e49e       0x4d ./src/led_strip_controller.o
                                0x2ab (size before relaxing)
 .debug_str     0x0000e4eb      0x1b5 ./src/sk6812.o
                                0xf32 (size before relaxing)

.debug_loc      0x00000000     0x5a26
 .debug_loc     0x00000000      0x404 ./main.o
 .debug_loc     0x00000404      0x568 ./bgapi/dmadrv.o
 .debug_loc     0x0000096c      0x560 ./bgapi/em_adc.o
 .debug_loc     0x00000ecc      0x434 ./bgapi/em_ldma.o
 .debug_loc     0x00001300      0x49c ./bgapi/em_leuart.o
 .debug_loc     0x0000179c       0x64 ./device/EFR32_B_1_1_B/gcc/startup_efr32bg1b.o
 .debug_loc     0x00001800      0xf1c ./emlib/em_cmu.o
 .debug_loc     0x0000271c      0xd86 ./emlib/em_emu.o
 .debug_loc     0x000034a2      0x4b4 ./emlib/em_gpio.o
 .debug_loc     0x00003956      0x3ac ./emlib/em_i2c.o
 .debug_loc     0x00003d02      0x23c ./emlib/em_rtcc.o
 .debug_loc     0x00003f3e       0xb8 ./emlib/em_system.o
 .debug_loc     0x00003ff6      0x2b0 ./emlib/em_timer.o
 .debug_loc     0x000042a6      0x7da ./emlib/em_usart.o
 .debug_loc     0x00004a80      0x19c ./kit/BRD4301A/i2cspm.o
 .debug_loc     0x00004c1c      0x6bc ./src/InitDevice.o
 .debug_loc     0x000052d8       0xf0 ./src/bq24160.o
 .debug_loc     0x000053c8      0x158 ./src/ext_lion_battery.o
 .debug_loc     0x00005520       0xac ./src/led_strip_controller.o
 .debug_loc     0x000055cc      0x45a ./src/sk6812.o

.debug_ranges   0x00000000      0x978
 .debug_ranges  0x00000000       0x70 ./main.o
 .debug_ranges  0x00000070       0x90 ./bgapi/dmadrv.o
 .debug_ranges  0x00000100       0x88 ./bgapi/em_adc.o
 .debug_ranges  0x00000188       0x70 ./bgapi/em_ldma.o
 .debug_ranges  0x000001f8       0x78 ./bgapi/em_leuart.o
 .debug_ranges  0x00000270       0x18 ./device/EFR32_B_1_1_B/gcc/startup_efr32bg1b.o
 .debug_ranges  0x00000288      0x180 ./emlib/em_cmu.o
 .debug_ranges  0x00000408      0x168 ./emlib/em_emu.o
 .debug_ranges  0x00000570       0x78 ./emlib/em_gpio.o
 .debug_ranges  0x000005e8       0x60 ./emlib/em_i2c.o
 .debug_ranges  0x00000648       0x40 ./emlib/em_rtcc.o
 .debug_ranges  0x00000688       0x18 ./emlib/em_system.o
 .debug_ranges  0x000006a0       0x48 ./emlib/em_timer.o
 .debug_ranges  0x000006e8       0xc0 ./emlib/em_usart.o
 .debug_ranges  0x000007a8       0x30 ./kit/BRD4301A/i2cspm.o
 .debug_ranges  0x000007d8       0xd0 ./src/InitDevice.o
 .debug_ranges  0x000008a8       0x20 ./src/bq24160.o
 .debug_ranges  0x000008c8       0x28 ./src/ext_lion_battery.o
 .debug_ranges  0x000008f0       0x18 ./src/led_strip_controller.o
 .debug_ranges  0x00000908       0x70 ./src/sk6812.o

.debug_frame    0x00000000     0x2c54
 .debug_frame   0x00000000      0x1e8 ./main.o
 .debug_frame   0x000001e8      0x280 ./bgapi/dmadrv.o
 .debug_frame   0x00000468      0x270 ./bgapi/em_adc.o
 .debug_frame   0x000006d8      0x1f4 ./bgapi/em_ldma.o
 .debug_frame   0x000008cc      0x21c ./bgapi/em_leuart.o
 .debug_frame   0x00000ae8       0x48 ./device/EFR32_B_1_1_B/gcc/startup_efr32bg1b.o
 .debug_frame   0x00000b30      0x6dc ./emlib/em_cmu.o
 .debug_frame   0x0000120c      0x640 ./emlib/em_emu.o
 .debug_frame   0x0000184c      0x224 ./emlib/em_gpio.o
 .debug_frame   0x00001a70      0x1b0 ./emlib/em_i2c.o
 .debug_frame   0x00001c20      0x110 ./emlib/em_rtcc.o
 .debug_frame   0x00001d30       0x60 ./emlib/em_system.o
 .debug_frame   0x00001d90      0x140 ./emlib/em_timer.o
 .debug_frame   0x00001ed0      0x384 ./emlib/em_usart.o